#
# There is insufficient memory for the Java Runtime Environment to continue.
# Native memory allocation (malloc) failed to allocate 1048576 bytes. Error detail: AllocateHeap
# Possible reasons:
#   The system is out of physical RAM or swap space
#   This process is running with CompressedOops enabled, and the Java Heap may be blocking the growth of the native heap
# Possible solutions:
#   Reduce memory load on the system
#   Increase physical memory or swap space
#   Check if swap backing store is full
#   Decrease Java heap size (-Xmx/-Xms)
#   Decrease number of Java threads
#   Decrease Java thread stack sizes (-Xss)
#   Set larger code cache with -XX:ReservedCodeCacheSize=
#   JVM is running with Unscaled Compressed Oops mode in which the Java heap is
#     placed in the first 4GB address space. The Java Heap base address is the
#     maximum limit for the native heap growth. Please use -XX:HeapBaseMinAddress
#     to set the Java Heap base and to place the Java Heap above 4GB virtual address.
# This output file may be truncated or incomplete.
#
#  Out of Memory Error (allocation.cpp:44), pid=12384, tid=12864
#
# JRE version: OpenJDK Runtime Environment Temurin-21.0.9+10 (21.0.9+10) (build 21.0.9+10-LTS)
# Java VM: OpenJDK 64-Bit Server VM Temurin-21.0.9+10 (21.0.9+10-LTS, mixed mode, sharing, tiered, compressed oops, compressed class ptrs, parallel gc, windows-amd64)
# No core dump will be written. Minidumps are not enabled by default on client versions of Windows
#

---------------  S U M M A R Y ------------

Command Line: --add-modules=ALL-SYSTEM --add-opens=java.base/java.util=ALL-UNNAMED --add-opens=java.base/java.lang=ALL-UNNAMED --add-opens=java.base/sun.nio.fs=ALL-UNNAMED -Declipse.application=org.eclipse.jdt.ls.core.id1 -Dosgi.bundles.defaultStartLevel=4 -Declipse.product=org.eclipse.jdt.ls.core.product -Djava.import.generatesMetadataFilesAtProjectRoot=false -DDetectVMInstallationsJob.disabled=true -Dfile.encoding=utf8 -XX:+UseParallelGC -XX:GCTimeRatio=4 -XX:AdaptiveSizePolicyWeight=90 -Dsun.zip.disableMemoryMapping=true -Xmx2G -Xms100m -Xlog:disable -javaagent:c:\Users\ZhuanZ2\.antigravity\extensions\redhat.java-1.52.0-win32-x64\lombok\lombok-1.18.39-4050.jar -XX:+HeapDumpOnOutOfMemoryError -XX:HeapDumpPath=c:\Users\ZhuanZ2\AppData\Roaming\Antigravity\User\workspaceStorage\187e73d51bff1d9230af9a6117c9af9e\redhat.java -Daether.dependencyCollector.impl=bf c:\Users\ZhuanZ2\.antigravity\extensions\redhat.java-1.52.0-win32-x64\server\plugins\org.eclipse.equinox.launcher_1.7.100.v20251111-0406.jar -configuration c:\Users\ZhuanZ2\AppData\Roaming\Antigravity\User\globalStorage\redhat.java\1.52.0\config_win -data c:\Users\ZhuanZ2\AppData\Roaming\Antigravity\User\workspaceStorage\187e73d51bff1d9230af9a6117c9af9e\redhat.java\jdt_ws --pipe=\\.\pipe\lsp-cdb23ec5f6066d897b24e400529cd95a-sock

Host: AMD Ryzen 5 3500U with Radeon Vega Mobile Gfx  , 8 cores, 6G,  Windows 11 , 64 bit Build 26100 (10.0.26100.7623)
Time: Mon Feb  9 09:30:32 2026 Morocco Daylight Time elapsed time: 5226.754075 seconds (0d 1h 27m 6s)

---------------  T H R E A D  ---------------

Current thread (0x000001c3b3fb5000):  JavaThread "Attach Listener" daemon [_thread_in_vm, id=12864, stack(0x000000167b300000,0x000000167b400000) (1024K)]

Stack: [0x000000167b300000,0x000000167b400000]
Native frames: (J=compiled Java code, j=interpreted, Vv=VM code, C=native code)
V  [jvm.dll+0x6d6e29]
V  [jvm.dll+0x8b4b76]
V  [jvm.dll+0x8b712e]
V  [jvm.dll+0x8b7813]
V  [jvm.dll+0x283d86]
V  [jvm.dll+0xc1277]
V  [jvm.dll+0x6d76d9]
V  [jvm.dll+0x133466]
V  [jvm.dll+0x3f7ea6]
V  [jvm.dll+0x85e9ad]
V  [jvm.dll+0x6d565d]
C  [ucrtbase.dll+0x37b0]
C  [KERNEL32.DLL+0x2e8d7]
C  [ntdll.dll+0x8c53c]


---------------  P R O C E S S  ---------------

Threads class SMR info:
_java_thread_list=0x000001c3fbdb14a0, length=35, elements={
0x000001c39b2d6ef0, 0x000001c3b3faede0, 0x000001c3b3fb1d00, 0x000001c3b3fb4200,
0x000001c3b3fb5000, 0x000001c3b3fb7a60, 0x000001c3b3fb84b0, 0x000001c3b3fb92e0,
0x000001c3f68d31e0, 0x000001c3f6a23300, 0x000001c3f6b89310, 0x000001c3fb788790,
0x000001c3fb74e500, 0x000001c3fb26d980, 0x000001c3fb5465a0, 0x000001c3fb916bd0,
0x000001c3fbb5b9a0, 0x000001c3f6b77410, 0x000001c3f6a75390, 0x000001c3f6974ee0,
0x000001c3f6976fb0, 0x000001c3f6976920, 0x000001c3f69741c0, 0x000001c3f6975c00,
0x000001c3fee6b130, 0x000001c3fee6aaa0, 0x000001c3fee6b7c0, 0x000001c3fee6be50,
0x000001c3fee689d0, 0x000001c3fee6c4e0, 0x000001c3fee69060, 0x000001c3fee6cb70,
0x000001c3fee69d80, 0x000001c3fee696f0, 0x000001c3fee6f960
}

Java Threads: ( => current thread )
  0x000001c39b2d6ef0 JavaThread "main"                              [_thread_blocked, id=14588, stack(0x000000167ac00000,0x000000167ad00000) (1024K)]
  0x000001c3b3faede0 JavaThread "Reference Handler"          daemon [_thread_blocked, id=8776, stack(0x000000167b000000,0x000000167b100000) (1024K)]
  0x000001c3b3fb1d00 JavaThread "Finalizer"                  daemon [_thread_blocked, id=968, stack(0x000000167b100000,0x000000167b200000) (1024K)]
  0x000001c3b3fb4200 JavaThread "Signal Dispatcher"          daemon [_thread_blocked, id=2556, stack(0x000000167b200000,0x000000167b300000) (1024K)]
=>0x000001c3b3fb5000 JavaThread "Attach Listener"            daemon [_thread_in_vm, id=12864, stack(0x000000167b300000,0x000000167b400000) (1024K)]
  0x000001c3b3fb7a60 JavaThread "Service Thread"             daemon [_thread_blocked, id=13512, stack(0x000000167b400000,0x000000167b500000) (1024K)]
  0x000001c3b3fb84b0 JavaThread "Monitor Deflation Thread"   daemon [_thread_blocked, id=12616, stack(0x000000167b500000,0x000000167b600000) (1024K)]
  0x000001c3b3fb92e0 JavaThread "C2 CompilerThread0"         daemon [_thread_blocked, id=12780, stack(0x000000167b600000,0x000000167b700000) (1024K)]
  0x000001c3f68d31e0 JavaThread "C1 CompilerThread0"         daemon [_thread_blocked, id=2356, stack(0x000000167b700000,0x000000167b800000) (1024K)]
  0x000001c3f6a23300 JavaThread "Common-Cleaner"             daemon [_thread_blocked, id=9548, stack(0x000000167b800000,0x000000167b900000) (1024K)]
  0x000001c3f6b89310 JavaThread "Notification Thread"        daemon [_thread_blocked, id=14820, stack(0x000000167b900000,0x000000167ba00000) (1024K)]
  0x000001c3fb788790 JavaThread "Active Thread: Equinox Container: 585ec6ed-be46-4635-9d2c-af2681fa7ec1"        [_thread_blocked, id=8640, stack(0x000000167ba00000,0x000000167bb00000) (1024K)]
  0x000001c3fb74e500 JavaThread "Refresh Thread: Equinox Container: 585ec6ed-be46-4635-9d2c-af2681fa7ec1" daemon [_thread_blocked, id=17764, stack(0x000000167c200000,0x000000167c300000) (1024K)]
  0x000001c3fb26d980 JavaThread "Framework Event Dispatcher: Equinox Container: 585ec6ed-be46-4635-9d2c-af2681fa7ec1" daemon [_thread_blocked, id=17592, stack(0x000000167c300000,0x000000167c400000) (1024K)]
  0x000001c3fb5465a0 JavaThread "Start Level: Equinox Container: 585ec6ed-be46-4635-9d2c-af2681fa7ec1" daemon [_thread_blocked, id=12036, stack(0x000000167c400000,0x000000167c500000) (1024K)]
  0x000001c3fb916bd0 JavaThread "Bundle File Closer"         daemon [_thread_blocked, id=9280, stack(0x000000167c500000,0x000000167c600000) (1024K)]
  0x000001c3fbb5b9a0 JavaThread "SCR Component Actor"        daemon [_thread_blocked, id=7344, stack(0x000000167a900000,0x000000167aa00000) (1024K)]
  0x000001c3f6b77410 JavaThread "Worker-JM"                         [_thread_blocked, id=2408, stack(0x000000167c600000,0x000000167c700000) (1024K)]
  0x000001c3f6a75390 JavaThread "JNA Cleaner"                daemon [_thread_blocked, id=9152, stack(0x000000167c700000,0x000000167c800000) (1024K)]
  0x000001c3f6974ee0 JavaThread "Worker-2"                          [_thread_blocked, id=6740, stack(0x000000167cb00000,0x000000167cc00000) (1024K)]
  0x000001c3f6976fb0 JavaThread "Java indexing"              daemon [_thread_blocked, id=12968, stack(0x000000167cc00000,0x000000167cd00000) (1024K)]
  0x000001c3f6976920 JavaThread "Worker-3"                          [_thread_blocked, id=16584, stack(0x000000167cd00000,0x000000167ce00000) (1024K)]
  0x000001c3f69741c0 JavaThread "Thread-1"                   daemon [_thread_in_native, id=10972, stack(0x000000167d300000,0x000000167d400000) (1024K)]
  0x000001c3f6975c00 JavaThread "Thread-2"                   daemon [_thread_in_native, id=18016, stack(0x000000167d400000,0x000000167d500000) (1024K)]
  0x000001c3fee6b130 JavaThread "Thread-3"                   daemon [_thread_in_native, id=14980, stack(0x000000167d500000,0x000000167d600000) (1024K)]
  0x000001c3fee6aaa0 JavaThread "Thread-4"                   daemon [_thread_in_native, id=3544, stack(0x000000167d600000,0x000000167d700000) (1024K)]
  0x000001c3fee6b7c0 JavaThread "Thread-5"                   daemon [_thread_in_native, id=1072, stack(0x000000167d700000,0x000000167d800000) (1024K)]
  0x000001c3fee6be50 JavaThread "Thread-6"                   daemon [_thread_in_native, id=16220, stack(0x000000167d800000,0x000000167d900000) (1024K)]
  0x000001c3fee689d0 JavaThread "Thread-7"                   daemon [_thread_in_native, id=15392, stack(0x000000167d900000,0x000000167da00000) (1024K)]
  0x000001c3fee6c4e0 JavaThread "Thread-8"                   daemon [_thread_in_native, id=8600, stack(0x000000167da00000,0x000000167db00000) (1024K)]
  0x000001c3fee69060 JavaThread "Thread-9"                   daemon [_thread_in_native, id=14896, stack(0x000000167db00000,0x000000167dc00000) (1024K)]
  0x000001c3fee6cb70 JavaThread "pool-2-thread-1"                   [_thread_blocked, id=6332, stack(0x000000167dc00000,0x000000167dd00000) (1024K)]
  0x000001c3fee69d80 JavaThread "WorkspaceEventsHandler"            [_thread_blocked, id=10760, stack(0x000000167dd00000,0x000000167de00000) (1024K)]
  0x000001c3fee696f0 JavaThread "pool-1-thread-1"                   [_thread_blocked, id=6908, stack(0x000000167de00000,0x000000167df00000) (1024K)]
  0x000001c3fee6f960 JavaThread "Timer-0"                           [_thread_blocked, id=6528, stack(0x000000167e200000,0x000000167e300000) (1024K)]
Total: 35

Other Threads:
  0x000001c39d5fe9b0 VMThread "VM Thread"                           [id=14816, stack(0x000000167af00000,0x000000167b000000) (1024K)]
  0x000001c3b3ecca00 WatcherThread "VM Periodic Task Thread"        [id=12852, stack(0x000000167ae00000,0x000000167af00000) (1024K)]
  0x000001c39d55d980 WorkerThread "GC Thread#0"                     [id=14664, stack(0x000000167ad00000,0x000000167ae00000) (1024K)]
  0x000001c3fb54f750 WorkerThread "GC Thread#1"                     [id=4352, stack(0x000000167bb00000,0x000000167bc00000) (1024K)]
  0x000001c3fb6fe3b0 WorkerThread "GC Thread#2"                     [id=12680, stack(0x000000167bc00000,0x000000167bd00000) (1024K)]
  0x000001c3fb6fe750 WorkerThread "GC Thread#3"                     [id=11812, stack(0x000000167bd00000,0x000000167be00000) (1024K)]
  0x000001c3fb09f7d0 WorkerThread "GC Thread#4"                     [id=15236, stack(0x000000167be00000,0x000000167bf00000) (1024K)]
  0x000001c3fb09fb70 WorkerThread "GC Thread#5"                     [id=14160, stack(0x000000167bf00000,0x000000167c000000) (1024K)]
  0x000001c3fb09ff10 WorkerThread "GC Thread#6"                     [id=11248, stack(0x000000167c000000,0x000000167c100000) (1024K)]
  0x000001c3b3fe6260 WorkerThread "GC Thread#7"                     [id=6180, stack(0x000000167c100000,0x000000167c200000) (1024K)]
Total: 10

Threads with active compile tasks:
Total: 0

VM state: not at safepoint (normal execution)

VM Mutex/Monitor currently owned by a thread: None

Heap address: 0x0000000080000000, size: 2048 MB, Compressed Oops mode: 32-bit

CDS archive(s) mapped at: [0x000001c3b4000000-0x000001c3b4ba0000-0x000001c3b4ba0000), size 12189696, SharedBaseAddress: 0x000001c3b4000000, ArchiveRelocationMode: 1.
Compressed class space mapped at: 0x000001c3b5000000-0x000001c3f5000000, reserved size: 1073741824
Narrow klass base: 0x000001c3b4000000, Narrow klass shift: 0, Narrow klass range: 0x100000000

GC Precious Log:
 CardTable entry size: 512
 CPUs: 8 total, 8 available
 Memory: 7044M
 Large Page Support: Disabled
 NUMA Support: Disabled
 Compressed Oops: Enabled (32-bit)
 Alignments: Space 512K, Generation 512K, Heap 2M
 Heap Min Capacity: 100M
 Heap Initial Capacity: 100M
 Heap Max Capacity: 2G
 Pre-touch: Disabled
 Parallel Workers: 8

Heap:
 PSYoungGen      total 12288K, used 5629K [0x00000000d5580000, 0x00000000d6280000, 0x0000000100000000)
  eden space 11264K, 49% used [0x00000000d5580000,0x00000000d5aff5c8,0x00000000d6080000)
  from space 1024K, 0% used [0x00000000d6100000,0x00000000d6100000,0x00000000d6200000)
  to   space 512K, 0% used [0x00000000d6200000,0x00000000d6200000,0x00000000d6280000)
 ParOldGen       total 68608K, used 49531K [0x0000000080000000, 0x0000000084300000, 0x00000000d5580000)
  object space 68608K, 72% used [0x0000000080000000,0x000000008305ee00,0x0000000084300000)
 Metaspace       used 58629K, committed 59968K, reserved 1114112K
  class space    used 6841K, committed 7488K, reserved 1048576K

Card table byte_map: [0x000001c39cee0000,0x000001c39d2f0000] _byte_map_base: 0x000001c39cae0000

Marking Bits: (ParMarkBitMap*) 0x00007fff13cb2460
 Begin Bits: [0x000001c3af9f0000, 0x000001c3b19f0000)
 End Bits:   [0x000001c3b19f0000, 0x000001c3b39f0000)

Polling page: 0x000001c39b4f0000

Metaspace:

Usage:
  Non-class:     50.57 MB used.
      Class:      6.68 MB used.
       Both:     57.26 MB used.

Virtual space:
  Non-class space:       64.00 MB reserved,      51.25 MB ( 80%) committed,  1 nodes.
      Class space:        1.00 GB reserved,       7.31 MB ( <1%) committed,  1 nodes.
             Both:        1.06 GB reserved,      58.56 MB (  5%) committed. 

Chunk freelists:
   Non-Class:  12.24 MB
       Class:  8.66 MB
        Both:  20.90 MB

MaxMetaspaceSize: unlimited
CompressedClassSpaceSize: 1.00 GB
Initial GC threshold: 21.00 MB
Current GC threshold: 97.31 MB
CDS: on
 - commit_granule_bytes: 65536.
 - commit_granule_words: 8192.
 - virtual_space_node_default_size: 8388608.
 - enlarge_chunks_in_place: 1.
 - use_allocation_guard: 0.


Internal statistics:

num_allocs_failed_limit: 9.
num_arena_births: 1078.
num_arena_deaths: 404.
num_vsnodes_births: 2.
num_vsnodes_deaths: 0.
num_space_committed: 937.
num_space_uncommitted: 0.
num_chunks_returned_to_freelist: 450.
num_chunks_taken_from_freelist: 3759.
num_chunk_merges: 123.
num_chunk_splits: 2340.
num_chunks_enlarged: 1444.
num_inconsistent_stats: 0.

CodeHeap 'non-profiled nmethods': size=120000Kb used=4411Kb max_used=4411Kb free=115588Kb
 bounds [0x000001c3a8210000, 0x000001c3a8660000, 0x000001c3af740000]
CodeHeap 'profiled nmethods': size=120000Kb used=14490Kb max_used=14616Kb free=105509Kb
 bounds [0x000001c3a0740000, 0x000001c3a1590000, 0x000001c3a7c70000]
CodeHeap 'non-nmethods': size=5760Kb used=1390Kb max_used=1454Kb free=4370Kb
 bounds [0x000001c3a7c70000, 0x000001c3a7ee0000, 0x000001c3a8210000]
CodeCache: size=245760Kb, used=20291Kb, max_used=20481Kb, free=225467Kb
 total_blobs=8067, nmethods=7374, adapters=599, full_count=0
Compilation: enabled, stopped_count=0, restarted_count=0

Compilation events (20 events):
Event: 4904.434 Thread 0x000001c3f68d31e0 8132       1       org.eclipse.lsp4j.jsonrpc.messages.RequestMessage::getMethod (5 bytes)
Event: 4904.435 Thread 0x000001c3f68d31e0 nmethod 8132 0x000001c3a865e890 code [0x000001c3a865ea20, 0x000001c3a865eae8]
Event: 4904.489 Thread 0x000001c3f68d31e0 8133   !   3       sun.nio.ch.PendingFuture::prepareForWait (43 bytes)
Event: 4904.492 Thread 0x000001c3f68d31e0 nmethod 8133 0x000001c3a0d46890 code [0x000001c3a0d46a80, 0x000001c3a0d470c0]
Event: 4904.568 Thread 0x000001c3f68d31e0 8134  s    3       jdk.internal.ref.Cleaner::remove (89 bytes)
Event: 4904.569 Thread 0x000001c3f68d31e0 nmethod 8134 0x000001c3a0c45d90 code [0x000001c3a0c45f60, 0x000001c3a0c46360]
Event: 4904.569 Thread 0x000001c3f68d31e0 8135       3       java.nio.DirectByteBuffer$Deallocator::run (23 bytes)
Event: 4904.570 Thread 0x000001c3f68d31e0 nmethod 8135 0x000001c3a0d46190 code [0x000001c3a0d46380, 0x000001c3a0d466f0]
Event: 4904.570 Thread 0x000001c3f68d31e0 8136       3       java.nio.Bits::unreserveMemory (64 bytes)
Event: 4904.570 Thread 0x000001c3f68d31e0 nmethod 8136 0x000001c3a0d45c90 code [0x000001c3a0d45e60, 0x000001c3a0d46030]
Event: 4904.574 Thread 0x000001c3f68d31e0 8137       3       java.util.concurrent.locks.AbstractQueuedSynchronizer::signalNextIfShared (41 bytes)
Event: 4904.576 Thread 0x000001c3f68d31e0 nmethod 8137 0x000001c3a0d45310 code [0x000001c3a0d45520, 0x000001c3a0d45ad0]
Event: 4977.699 Thread 0x000001c3f68d31e0 8138       3       java.util.concurrent.locks.AbstractQueuedSynchronizer$ConditionObject::await (202 bytes)
Event: 4978.008 Thread 0x000001c3f68d31e0 nmethod 8138 0x000001c3a0d43b10 code [0x000001c3a0d43e20, 0x000001c3a0d44c90]
Event: 5035.263 Thread 0x000001c3f68d31e0 8139       3       java.lang.ref.ReferenceQueue::await (15 bytes)
Event: 5035.311 Thread 0x000001c3f68d31e0 nmethod 8139 0x000001c3a1057290 code [0x000001c3a1057440, 0x000001c3a10575e0]
Event: 5084.491 Thread 0x000001c3b3fb92e0 8140       4       java.util.concurrent.TimeUnit::toNanos (45 bytes)
Event: 5084.529 Thread 0x000001c3b3fb92e0 nmethod 8140 0x000001c3a865eb90 code [0x000001c3a865ed20, 0x000001c3a865ee18]
Event: 5144.509 Thread 0x000001c3f68d31e0 8141  s!   3       org.eclipse.core.internal.jobs.WorkerPool::sleep (124 bytes)
Event: 5144.568 Thread 0x000001c3f68d31e0 nmethod 8141 0x000001c3a0a15790 code [0x000001c3a0a159a0, 0x000001c3a0a15eb8]

GC Heap History (20 events):
Event: 57.601 GC heap before
{Heap before GC invocations=37 (full 2):
 PSYoungGen      total 13824K, used 13809K [0x00000000d5580000, 0x00000000d6880000, 0x0000000100000000)
  eden space 12288K, 100% used [0x00000000d5580000,0x00000000d6180000,0x00000000d6180000)
  from space 1536K, 99% used [0x00000000d6580000,0x00000000d66fc410,0x00000000d6700000)
  to   space 3584K, 0% used [0x00000000d6180000,0x00000000d6180000,0x00000000d6500000)
 ParOldGen       total 68608K, used 45662K [0x0000000080000000, 0x0000000084300000, 0x00000000d5580000)
  object space 68608K, 66% used [0x0000000080000000,0x0000000082c97a40,0x0000000084300000)
 Metaspace       used 57110K, committed 58432K, reserved 1114112K
  class space    used 6737K, committed 7296K, reserved 1048576K
}
Event: 57.604 GC heap after
{Heap after GC invocations=37 (full 2):
 PSYoungGen      total 13824K, used 1472K [0x00000000d5580000, 0x00000000d6600000, 0x0000000100000000)
  eden space 12288K, 0% used [0x00000000d5580000,0x00000000d5580000,0x00000000d6180000)
  from space 1536K, 95% used [0x00000000d6180000,0x00000000d62f0010,0x00000000d6300000)
  to   space 2048K, 0% used [0x00000000d6400000,0x00000000d6400000,0x00000000d6600000)
 ParOldGen       total 68608K, used 47114K [0x0000000080000000, 0x0000000084300000, 0x00000000d5580000)
  object space 68608K, 68% used [0x0000000080000000,0x0000000082e02b20,0x0000000084300000)
 Metaspace       used 57110K, committed 58432K, reserved 1114112K
  class space    used 6737K, committed 7296K, reserved 1048576K
}
Event: 57.664 GC heap before
{Heap before GC invocations=38 (full 2):
 PSYoungGen      total 13824K, used 13760K [0x00000000d5580000, 0x00000000d6600000, 0x0000000100000000)
  eden space 12288K, 100% used [0x00000000d5580000,0x00000000d6180000,0x00000000d6180000)
  from space 1536K, 95% used [0x00000000d6180000,0x00000000d62f0010,0x00000000d6300000)
  to   space 2048K, 0% used [0x00000000d6400000,0x00000000d6400000,0x00000000d6600000)
 ParOldGen       total 68608K, used 47114K [0x0000000080000000, 0x0000000084300000, 0x00000000d5580000)
  object space 68608K, 68% used [0x0000000080000000,0x0000000082e02b20,0x0000000084300000)
 Metaspace       used 57116K, committed 58432K, reserved 1114112K
  class space    used 6737K, committed 7296K, reserved 1048576K
}
Event: 57.667 GC heap after
{Heap after GC invocations=38 (full 2):
 PSYoungGen      total 14336K, used 1666K [0x00000000d5580000, 0x00000000d6600000, 0x0000000100000000)
  eden space 12288K, 0% used [0x00000000d5580000,0x00000000d5580000,0x00000000d6180000)
  from space 2048K, 81% used [0x00000000d6400000,0x00000000d65a0800,0x00000000d6600000)
  to   space 2048K, 0% used [0x00000000d6200000,0x00000000d6200000,0x00000000d6400000)
 ParOldGen       total 68608K, used 48514K [0x0000000080000000, 0x0000000084300000, 0x00000000d5580000)
  object space 68608K, 70% used [0x0000000080000000,0x0000000082f60b30,0x0000000084300000)
 Metaspace       used 57116K, committed 58432K, reserved 1114112K
  class space    used 6737K, committed 7296K, reserved 1048576K
}
Event: 57.714 GC heap before
{Heap before GC invocations=39 (full 2):
 PSYoungGen      total 14336K, used 13954K [0x00000000d5580000, 0x00000000d6600000, 0x0000000100000000)
  eden space 12288K, 100% used [0x00000000d5580000,0x00000000d6180000,0x00000000d6180000)
  from space 2048K, 81% used [0x00000000d6400000,0x00000000d65a0800,0x00000000d6600000)
  to   space 2048K, 0% used [0x00000000d6200000,0x00000000d6200000,0x00000000d6400000)
 ParOldGen       total 68608K, used 48514K [0x0000000080000000, 0x0000000084300000, 0x00000000d5580000)
  object space 68608K, 70% used [0x0000000080000000,0x0000000082f60b30,0x0000000084300000)
 Metaspace       used 57127K, committed 58432K, reserved 1114112K
  class space    used 6737K, committed 7296K, reserved 1048576K
}
Event: 57.717 GC heap after
{Heap after GC invocations=39 (full 2):
 PSYoungGen      total 13824K, used 1444K [0x00000000d5580000, 0x00000000d6480000, 0x0000000100000000)
  eden space 12288K, 0% used [0x00000000d5580000,0x00000000d5580000,0x00000000d6180000)
  from space 1536K, 94% used [0x00000000d6200000,0x00000000d6369000,0x00000000d6380000)
  to   space 1024K, 0% used [0x00000000d6380000,0x00000000d6380000,0x00000000d6480000)
 ParOldGen       total 68608K, used 49953K [0x0000000080000000, 0x0000000084300000, 0x00000000d5580000)
  object space 68608K, 72% used [0x0000000080000000,0x00000000830c84e0,0x0000000084300000)
 Metaspace       used 57127K, committed 58432K, reserved 1114112K
  class space    used 6737K, committed 7296K, reserved 1048576K
}
Event: 57.757 GC heap before
{Heap before GC invocations=40 (full 2):
 PSYoungGen      total 13824K, used 13732K [0x00000000d5580000, 0x00000000d6480000, 0x0000000100000000)
  eden space 12288K, 100% used [0x00000000d5580000,0x00000000d6180000,0x00000000d6180000)
  from space 1536K, 94% used [0x00000000d6200000,0x00000000d6369000,0x00000000d6380000)
  to   space 1024K, 0% used [0x00000000d6380000,0x00000000d6380000,0x00000000d6480000)
 ParOldGen       total 68608K, used 49953K [0x0000000080000000, 0x0000000084300000, 0x00000000d5580000)
  object space 68608K, 72% used [0x0000000080000000,0x00000000830c84e0,0x0000000084300000)
 Metaspace       used 57129K, committed 58432K, reserved 1114112K
  class space    used 6737K, committed 7296K, reserved 1048576K
}
Event: 57.761 GC heap after
{Heap after GC invocations=40 (full 2):
 PSYoungGen      total 12288K, used 1024K [0x00000000d5580000, 0x00000000d6780000, 0x0000000100000000)
  eden space 11264K, 0% used [0x00000000d5580000,0x00000000d5580000,0x00000000d6080000)
  from space 1024K, 100% used [0x00000000d6380000,0x00000000d6480000,0x00000000d6480000)
  to   space 3072K, 0% used [0x00000000d6080000,0x00000000d6080000,0x00000000d6380000)
 ParOldGen       total 68608K, used 51470K [0x0000000080000000, 0x0000000084300000, 0x00000000d5580000)
  object space 68608K, 75% used [0x0000000080000000,0x0000000083243b08,0x0000000084300000)
 Metaspace       used 57129K, committed 58432K, reserved 1114112K
  class space    used 6737K, committed 7296K, reserved 1048576K
}
Event: 57.829 GC heap before
{Heap before GC invocations=41 (full 2):
 PSYoungGen      total 12288K, used 12288K [0x00000000d5580000, 0x00000000d6780000, 0x0000000100000000)
  eden space 11264K, 100% used [0x00000000d5580000,0x00000000d6080000,0x00000000d6080000)
  from space 1024K, 100% used [0x00000000d6380000,0x00000000d6480000,0x00000000d6480000)
  to   space 3072K, 0% used [0x00000000d6080000,0x00000000d6080000,0x00000000d6380000)
 ParOldGen       total 68608K, used 51470K [0x0000000080000000, 0x0000000084300000, 0x00000000d5580000)
  object space 68608K, 75% used [0x0000000080000000,0x0000000083243b08,0x0000000084300000)
 Metaspace       used 57150K, committed 58432K, reserved 1114112K
  class space    used 6738K, committed 7296K, reserved 1048576K
}
Event: 57.834 GC heap after
{Heap after GC invocations=41 (full 2):
 PSYoungGen      total 12800K, used 1504K [0x00000000d5580000, 0x00000000d6480000, 0x0000000100000000)
  eden space 11264K, 0% used [0x00000000d5580000,0x00000000d5580000,0x00000000d6080000)
  from space 1536K, 97% used [0x00000000d6080000,0x00000000d61f8010,0x00000000d6200000)
  to   space 2048K, 0% used [0x00000000d6280000,0x00000000d6280000,0x00000000d6480000)
 ParOldGen       total 68608K, used 52518K [0x0000000080000000, 0x0000000084300000, 0x00000000d5580000)
  object space 68608K, 76% used [0x0000000080000000,0x0000000083349b08,0x0000000084300000)
 Metaspace       used 57150K, committed 58432K, reserved 1114112K
  class space    used 6738K, committed 7296K, reserved 1048576K
}
Event: 57.910 GC heap before
{Heap before GC invocations=42 (full 2):
 PSYoungGen      total 12800K, used 12768K [0x00000000d5580000, 0x00000000d6480000, 0x0000000100000000)
  eden space 11264K, 100% used [0x00000000d5580000,0x00000000d6080000,0x00000000d6080000)
  from space 1536K, 97% used [0x00000000d6080000,0x00000000d61f8010,0x00000000d6200000)
  to   space 2048K, 0% used [0x00000000d6280000,0x00000000d6280000,0x00000000d6480000)
 ParOldGen       total 68608K, used 52518K [0x0000000080000000, 0x0000000084300000, 0x00000000d5580000)
  object space 68608K, 76% used [0x0000000080000000,0x0000000083349b08,0x0000000084300000)
 Metaspace       used 57166K, committed 58432K, reserved 1114112K
  class space    used 6738K, committed 7296K, reserved 1048576K
}
Event: 57.915 GC heap after
{Heap after GC invocations=42 (full 2):
 PSYoungGen      total 12800K, used 1216K [0x00000000d5580000, 0x00000000d6400000, 0x0000000100000000)
  eden space 11264K, 0% used [0x00000000d5580000,0x00000000d5580000,0x00000000d6080000)
  from space 1536K, 79% used [0x00000000d6280000,0x00000000d63b0000,0x00000000d6400000)
  to   space 1536K, 0% used [0x00000000d6080000,0x00000000d6080000,0x00000000d6200000)
 ParOldGen       total 68608K, used 53902K [0x0000000080000000, 0x0000000084300000, 0x00000000d5580000)
  object space 68608K, 78% used [0x0000000080000000,0x00000000834a3b18,0x0000000084300000)
 Metaspace       used 57166K, committed 58432K, reserved 1114112K
  class space    used 6738K, committed 7296K, reserved 1048576K
}
Event: 57.980 GC heap before
{Heap before GC invocations=43 (full 2):
 PSYoungGen      total 12800K, used 12480K [0x00000000d5580000, 0x00000000d6400000, 0x0000000100000000)
  eden space 11264K, 100% used [0x00000000d5580000,0x00000000d6080000,0x00000000d6080000)
  from space 1536K, 79% used [0x00000000d6280000,0x00000000d63b0000,0x00000000d6400000)
  to   space 1536K, 0% used [0x00000000d6080000,0x00000000d6080000,0x00000000d6200000)
 ParOldGen       total 68608K, used 53902K [0x0000000080000000, 0x0000000084300000, 0x00000000d5580000)
  object space 68608K, 78% used [0x0000000080000000,0x00000000834a3b18,0x0000000084300000)
 Metaspace       used 57177K, committed 58496K, reserved 1114112K
  class space    used 6738K, committed 7296K, reserved 1048576K
}
Event: 57.983 GC heap after
{Heap after GC invocations=43 (full 2):
 PSYoungGen      total 12800K, used 1304K [0x00000000d5580000, 0x00000000d6380000, 0x0000000100000000)
  eden space 11264K, 0% used [0x00000000d5580000,0x00000000d5580000,0x00000000d6080000)
  from space 1536K, 84% used [0x00000000d6080000,0x00000000d61c6200,0x00000000d6200000)
  to   space 1536K, 0% used [0x00000000d6200000,0x00000000d6200000,0x00000000d6380000)
 ParOldGen       total 68608K, used 54982K [0x0000000080000000, 0x0000000084300000, 0x00000000d5580000)
  object space 68608K, 80% used [0x0000000080000000,0x00000000835b1b18,0x0000000084300000)
 Metaspace       used 57177K, committed 58496K, reserved 1114112K
  class space    used 6738K, committed 7296K, reserved 1048576K
}
Event: 419.117 GC heap before
{Heap before GC invocations=44 (full 2):
 PSYoungGen      total 12800K, used 12568K [0x00000000d5580000, 0x00000000d6380000, 0x0000000100000000)
  eden space 11264K, 100% used [0x00000000d5580000,0x00000000d6080000,0x00000000d6080000)
  from space 1536K, 84% used [0x00000000d6080000,0x00000000d61c6200,0x00000000d6200000)
  to   space 1536K, 0% used [0x00000000d6200000,0x00000000d6200000,0x00000000d6380000)
 ParOldGen       total 68608K, used 54982K [0x0000000080000000, 0x0000000084300000, 0x00000000d5580000)
  object space 68608K, 80% used [0x0000000080000000,0x00000000835b1b18,0x0000000084300000)
 Metaspace       used 57716K, committed 59136K, reserved 1114112K
  class space    used 6794K, committed 7424K, reserved 1048576K
}
Event: 419.180 GC heap after
{Heap after GC invocations=44 (full 2):
 PSYoungGen      total 12288K, used 800K [0x00000000d5580000, 0x00000000d6300000, 0x0000000100000000)
  eden space 11264K, 0% used [0x00000000d5580000,0x00000000d5580000,0x00000000d6080000)
  from space 1024K, 78% used [0x00000000d6200000,0x00000000d62c8040,0x00000000d6300000)
  to   space 1024K, 0% used [0x00000000d6100000,0x00000000d6100000,0x00000000d6200000)
 ParOldGen       total 68608K, used 56087K [0x0000000080000000, 0x0000000084300000, 0x00000000d5580000)
  object space 68608K, 81% used [0x0000000080000000,0x00000000836c5d18,0x0000000084300000)
 Metaspace       used 57716K, committed 59136K, reserved 1114112K
  class space    used 6794K, committed 7424K, reserved 1048576K
}
Event: 4589.594 GC heap before
{Heap before GC invocations=45 (full 2):
 PSYoungGen      total 12288K, used 5623K [0x00000000d5580000, 0x00000000d6300000, 0x0000000100000000)
  eden space 11264K, 42% used [0x00000000d5580000,0x00000000d5a35e88,0x00000000d6080000)
  from space 1024K, 78% used [0x00000000d6200000,0x00000000d62c8040,0x00000000d6300000)
  to   space 1024K, 0% used [0x00000000d6100000,0x00000000d6100000,0x00000000d6200000)
 ParOldGen       total 68608K, used 56087K [0x0000000080000000, 0x0000000084300000, 0x00000000d5580000)
  object space 68608K, 81% used [0x0000000080000000,0x00000000836c5d18,0x0000000084300000)
 Metaspace       used 58360K, committed 59776K, reserved 1114112K
  class space    used 6861K, committed 7488K, reserved 1048576K
}
Event: 4589.635 GC heap after
{Heap after GC invocations=45 (full 2):
 PSYoungGen      total 12288K, used 256K [0x00000000d5580000, 0x00000000d6280000, 0x0000000100000000)
  eden space 11264K, 0% used [0x00000000d5580000,0x00000000d5580000,0x00000000d6080000)
  from space 1024K, 25% used [0x00000000d6100000,0x00000000d6140000,0x00000000d6200000)
  to   space 512K, 0% used [0x00000000d6200000,0x00000000d6200000,0x00000000d6280000)
 ParOldGen       total 68608K, used 56700K [0x0000000080000000, 0x0000000084300000, 0x00000000d5580000)
  object space 68608K, 82% used [0x0000000080000000,0x000000008375f1d8,0x0000000084300000)
 Metaspace       used 58360K, committed 59776K, reserved 1114112K
  class space    used 6861K, committed 7488K, reserved 1048576K
}
Event: 4589.636 GC heap before
{Heap before GC invocations=46 (full 3):
 PSYoungGen      total 12288K, used 256K [0x00000000d5580000, 0x00000000d6280000, 0x0000000100000000)
  eden space 11264K, 0% used [0x00000000d5580000,0x00000000d5580000,0x00000000d6080000)
  from space 1024K, 25% used [0x00000000d6100000,0x00000000d6140000,0x00000000d6200000)
  to   space 512K, 0% used [0x00000000d6200000,0x00000000d6200000,0x00000000d6280000)
 ParOldGen       total 68608K, used 56700K [0x0000000080000000, 0x0000000084300000, 0x00000000d5580000)
  object space 68608K, 82% used [0x0000000080000000,0x000000008375f1d8,0x0000000084300000)
 Metaspace       used 58360K, committed 59776K, reserved 1114112K
  class space    used 6861K, committed 7488K, reserved 1048576K
}
Event: 4592.313 GC heap after
{Heap after GC invocations=46 (full 3):
 PSYoungGen      total 12288K, used 0K [0x00000000d5580000, 0x00000000d6280000, 0x0000000100000000)
  eden space 11264K, 0% used [0x00000000d5580000,0x00000000d5580000,0x00000000d6080000)
  from space 1024K, 0% used [0x00000000d6100000,0x00000000d6100000,0x00000000d6200000)
  to   space 512K, 0% used [0x00000000d6200000,0x00000000d6200000,0x00000000d6280000)
 ParOldGen       total 68608K, used 49531K [0x0000000080000000, 0x0000000084300000, 0x00000000d5580000)
  object space 68608K, 72% used [0x0000000080000000,0x000000008305ee00,0x0000000084300000)
 Metaspace       used 58001K, committed 59776K, reserved 1114112K
  class space    used 6764K, committed 7488K, reserved 1048576K
}

Dll operation events (13 events):
Event: 0.017 Loaded shared library c:\Users\ZhuanZ2\.antigravity\extensions\redhat.java-1.52.0-win32-x64\jre\21.0.9-win32-x86_64\bin\java.dll
Event: 0.100 Loaded shared library c:\Users\ZhuanZ2\.antigravity\extensions\redhat.java-1.52.0-win32-x64\jre\21.0.9-win32-x86_64\bin\zip.dll
Event: 0.396 Loaded shared library C:\Users\ZhuanZ2\.antigravity\extensions\redhat.java-1.52.0-win32-x64\jre\21.0.9-win32-x86_64\bin\instrument.dll
Event: 0.456 Loaded shared library C:\Users\ZhuanZ2\.antigravity\extensions\redhat.java-1.52.0-win32-x64\jre\21.0.9-win32-x86_64\bin\net.dll
Event: 0.460 Loaded shared library C:\Users\ZhuanZ2\.antigravity\extensions\redhat.java-1.52.0-win32-x64\jre\21.0.9-win32-x86_64\bin\nio.dll
Event: 0.467 Loaded shared library C:\Users\ZhuanZ2\.antigravity\extensions\redhat.java-1.52.0-win32-x64\jre\21.0.9-win32-x86_64\bin\zip.dll
Event: 0.567 Loaded shared library C:\Users\ZhuanZ2\.antigravity\extensions\redhat.java-1.52.0-win32-x64\jre\21.0.9-win32-x86_64\bin\jimage.dll
Event: 0.737 Loaded shared library c:\Users\ZhuanZ2\.antigravity\extensions\redhat.java-1.52.0-win32-x64\jre\21.0.9-win32-x86_64\bin\verify.dll
Event: 25.468 Loaded shared library C:\Users\ZhuanZ2\AppData\Roaming\Antigravity\User\globalStorage\redhat.java\1.52.0\config_win\org.eclipse.equinox.launcher\org.eclipse.equinox.launcher.win32.win32.x86_64_1.2.1500.v20260121-1430\eclipse_11919.dll
Event: 47.136 Loaded shared library C:\Users\ZhuanZ2\AppData\Local\Temp\jna-1359434604\jna11701801356876875793.dll
Event: 54.233 Loaded shared library C:\Users\ZhuanZ2\.gradle\native\1def1411415f61bf3af743bc5b6707747c0891f09f0c88961ee8f79bc544acac\windows-amd64\native-platform.dll
Event: 56.362 Loaded shared library C:\Users\ZhuanZ2\.antigravity\extensions\redhat.java-1.52.0-win32-x64\jre\21.0.9-win32-x86_64\bin\management.dll
Event: 56.368 Loaded shared library C:\Users\ZhuanZ2\.antigravity\extensions\redhat.java-1.52.0-win32-x64\jre\21.0.9-win32-x86_64\bin\management_ext.dll

Deoptimization events (20 events):
Event: 4902.754 Thread 0x000001c3f6974ee0 Uncommon trap: trap_request=0xffffffde fr.pc=0x000001c3a8620068 relative=0x0000000000000b28
Event: 4902.754 Thread 0x000001c3f6974ee0 Uncommon trap: reason=class_check action=maybe_recompile pc=0x000001c3a8620068 method=java.io.DataOutputStream.write([BII)V @ 7 c2
Event: 4902.754 Thread 0x000001c3f6974ee0 DEOPT PACKING pc=0x000001c3a8620068 sp=0x000000167cbfed20
Event: 4902.754 Thread 0x000001c3f6974ee0 DEOPT UNPACKING pc=0x000001c3a7cc3aa2 sp=0x000000167cbfec50 mode 2
Event: 4902.754 Thread 0x000001c3f6974ee0 Uncommon trap: trap_request=0xffffffde fr.pc=0x000001c3a8620068 relative=0x0000000000000b28
Event: 4902.754 Thread 0x000001c3f6974ee0 Uncommon trap: reason=class_check action=maybe_recompile pc=0x000001c3a8620068 method=java.io.DataOutputStream.write([BII)V @ 7 c2
Event: 4902.754 Thread 0x000001c3f6974ee0 DEOPT PACKING pc=0x000001c3a8620068 sp=0x000000167cbfec60
Event: 4902.754 Thread 0x000001c3f6974ee0 DEOPT UNPACKING pc=0x000001c3a7cc3aa2 sp=0x000000167cbfeb90 mode 2
Event: 4902.755 Thread 0x000001c3f6974ee0 Uncommon trap: trap_request=0xffffffde fr.pc=0x000001c3a861e7e4 relative=0x0000000000000424
Event: 4902.755 Thread 0x000001c3f6974ee0 Uncommon trap: reason=class_check action=maybe_recompile pc=0x000001c3a861e7e4 method=java.io.DataOutputStream.writeInt(I)V @ 19 c2
Event: 4902.755 Thread 0x000001c3f6974ee0 DEOPT PACKING pc=0x000001c3a861e7e4 sp=0x000000167cbfe4c0
Event: 4902.755 Thread 0x000001c3f6974ee0 DEOPT UNPACKING pc=0x000001c3a7cc3aa2 sp=0x000000167cbfe468 mode 2
Event: 4902.755 Thread 0x000001c3f6974ee0 Uncommon trap: trap_request=0xffffffde fr.pc=0x000001c3a861e7e4 relative=0x0000000000000424
Event: 4902.755 Thread 0x000001c3f6974ee0 Uncommon trap: reason=class_check action=maybe_recompile pc=0x000001c3a861e7e4 method=java.io.DataOutputStream.writeInt(I)V @ 19 c2
Event: 4902.755 Thread 0x000001c3f6974ee0 DEOPT PACKING pc=0x000001c3a861e7e4 sp=0x000000167cbfe450
Event: 4902.756 Thread 0x000001c3f6974ee0 DEOPT UNPACKING pc=0x000001c3a7cc3aa2 sp=0x000000167cbfe3f8 mode 2
Event: 4903.057 Thread 0x000001c3f6974ee0 Uncommon trap: trap_request=0xffffffde fr.pc=0x000001c3a865d158 relative=0x00000000000003f8
Event: 4903.057 Thread 0x000001c3f6974ee0 Uncommon trap: reason=class_check action=maybe_recompile pc=0x000001c3a865d158 method=org.eclipse.core.internal.resources.SaveManager.lambda$11(Lorg/eclipse/core/internal/resources/MarkerManager;Ljava/io/DataOutputStream;[JLjava/io/DataOutputStream;Lorg/e
Event: 4903.057 Thread 0x000001c3f6974ee0 DEOPT PACKING pc=0x000001c3a865d158 sp=0x000000167cbfeee0
Event: 4903.057 Thread 0x000001c3f6974ee0 DEOPT UNPACKING pc=0x000001c3a7cc3aa2 sp=0x000000167cbfede0 mode 2

Classes loaded (20 events):
Event: 4588.755 Loading class java/nio/charset/CharacterCodingException
Event: 4588.760 Loading class java/nio/charset/CharacterCodingException done
Event: 4588.764 Loading class java/io/SequenceInputStream
Event: 4588.769 Loading class java/io/SequenceInputStream done
Event: 4897.647 Loading class java/util/stream/Nodes$CollectorTask$OfRef
Event: 4897.690 Loading class java/util/stream/Nodes$CollectorTask
Event: 4897.748 Loading class java/util/stream/Nodes$CollectorTask done
Event: 4897.748 Loading class java/util/stream/Nodes$CollectorTask$OfRef done
Event: 4897.770 Loading class java/util/function/LongFunction
Event: 4897.778 Loading class java/util/function/LongFunction done
Event: 4897.805 Loading class java/util/stream/Nodes$ConcNode
Event: 4897.825 Loading class java/util/stream/Nodes$AbstractConcNode
Event: 4897.886 Loading class java/util/stream/Nodes$AbstractConcNode done
Event: 4897.886 Loading class java/util/stream/Nodes$ConcNode done
Event: 4899.751 Loading class java/io/ObjectOutputStream$BlockDataOutputStream
Event: 4899.847 Loading class java/io/ObjectOutputStream$BlockDataOutputStream done
Event: 4899.847 Loading class java/io/ObjectOutputStream$HandleTable
Event: 4899.898 Loading class java/io/ObjectOutputStream$HandleTable done
Event: 4899.902 Loading class java/io/ObjectOutputStream$ReplaceTable
Event: 4899.927 Loading class java/io/ObjectOutputStream$ReplaceTable done

Classes unloaded (20 events):
Event: 4589.784 Thread 0x000001c39d5fe9b0 Unloading class 0x000001c3b500d800 'java/lang/invoke/LambdaForm$MH+0x000001c3b500d800'
Event: 4589.785 Thread 0x000001c39d5fe9b0 Unloading class 0x000001c3b500d400 'java/lang/invoke/LambdaForm$MH+0x000001c3b500d400'
Event: 4589.785 Thread 0x000001c39d5fe9b0 Unloading class 0x000001c3b500d000 'java/lang/invoke/LambdaForm$MH+0x000001c3b500d000'
Event: 4589.785 Thread 0x000001c39d5fe9b0 Unloading class 0x000001c3b500cc00 'java/lang/invoke/LambdaForm$MH+0x000001c3b500cc00'
Event: 4589.785 Thread 0x000001c39d5fe9b0 Unloading class 0x000001c3b500c800 'java/lang/invoke/LambdaForm$BMH+0x000001c3b500c800'
Event: 4589.785 Thread 0x000001c39d5fe9b0 Unloading class 0x000001c3b500c000 'java/lang/invoke/LambdaForm$DMH+0x000001c3b500c000'
Event: 4589.785 Thread 0x000001c39d5fe9b0 Unloading class 0x000001c3b5008c00 'java/lang/invoke/LambdaForm$MH+0x000001c3b5008c00'
Event: 4589.785 Thread 0x000001c39d5fe9b0 Unloading class 0x000001c3b5008800 'java/lang/invoke/LambdaForm$MH+0x000001c3b5008800'
Event: 4589.785 Thread 0x000001c39d5fe9b0 Unloading class 0x000001c3b5008400 'java/lang/invoke/LambdaForm$MH+0x000001c3b5008400'
Event: 4589.785 Thread 0x000001c39d5fe9b0 Unloading class 0x000001c3b5007000 'java/lang/invoke/LambdaForm$MH+0x000001c3b5007000'
Event: 4589.786 Thread 0x000001c39d5fe9b0 Unloading class 0x000001c3b5006c00 'java/lang/invoke/LambdaForm$MH+0x000001c3b5006c00'
Event: 4589.786 Thread 0x000001c39d5fe9b0 Unloading class 0x000001c3b5006800 'java/lang/invoke/LambdaForm$MH+0x000001c3b5006800'
Event: 4589.786 Thread 0x000001c39d5fe9b0 Unloading class 0x000001c3b5006400 'java/lang/invoke/LambdaForm$MH+0x000001c3b5006400'
Event: 4589.786 Thread 0x000001c39d5fe9b0 Unloading class 0x000001c3b5005c00 'java/lang/invoke/LambdaForm$BMH+0x000001c3b5005c00'
Event: 4589.787 Thread 0x000001c39d5fe9b0 Unloading class 0x000001c3b5004800 'java/lang/invoke/LambdaForm$DMH+0x000001c3b5004800'
Event: 4589.787 Thread 0x000001c39d5fe9b0 Unloading class 0x000001c3b5002800 'java/lang/invoke/LambdaForm$MH+0x000001c3b5002800'
Event: 4589.787 Thread 0x000001c39d5fe9b0 Unloading class 0x000001c3b5002400 'java/lang/invoke/LambdaForm$MH+0x000001c3b5002400'
Event: 4589.787 Thread 0x000001c39d5fe9b0 Unloading class 0x000001c3b5002000 'java/lang/invoke/LambdaForm$MH+0x000001c3b5002000'
Event: 4589.787 Thread 0x000001c39d5fe9b0 Unloading class 0x000001c3b5001800 'java/lang/invoke/LambdaForm$MH+0x000001c3b5001800'
Event: 4589.787 Thread 0x000001c39d5fe9b0 Unloading class 0x000001c3b5000400 'java/lang/invoke/LambdaForm$MH+0x000001c3b5000400'

Classes redefined (0 events):
No events

Internal exceptions (20 events):
Event: 58.030 Thread 0x000001c3f6974850 Exception <a 'sun/nio/fs/WindowsException'{0x00000000d5a028f0}> (0x00000000d5a028f0) 
thrown [s\src\hotspot\share\prims\jni.cpp, line 520]
Event: 58.049 Thread 0x000001c3fee6df20 Exception <a 'sun/nio/fs/WindowsException'{0x00000000d5a84ca8}> (0x00000000d5a84ca8) 
thrown [s\src\hotspot\share\prims\jni.cpp, line 520]
Event: 58.049 Thread 0x000001c3fee6df20 Exception <a 'sun/nio/fs/WindowsException'{0x00000000d5a85648}> (0x00000000d5a85648) 
thrown [s\src\hotspot\share\prims\jni.cpp, line 520]
Event: 58.050 Thread 0x000001c3fee6df20 Exception <a 'sun/nio/fs/WindowsException'{0x00000000d5a865c8}> (0x00000000d5a865c8) 
thrown [s\src\hotspot\share\prims\jni.cpp, line 520]
Event: 58.050 Thread 0x000001c3fee6df20 Exception <a 'sun/nio/fs/WindowsException'{0x00000000d5a86f68}> (0x00000000d5a86f68) 
thrown [s\src\hotspot\share\prims\jni.cpp, line 520]
Event: 58.051 Thread 0x000001c3fee6df20 Exception <a 'sun/nio/fs/WindowsException'{0x00000000d5a88890}> (0x00000000d5a88890) 
thrown [s\src\hotspot\share\prims\jni.cpp, line 520]
Event: 58.051 Thread 0x000001c3fee6df20 Exception <a 'sun/nio/fs/WindowsException'{0x00000000d5a89230}> (0x00000000d5a89230) 
thrown [s\src\hotspot\share\prims\jni.cpp, line 520]
Event: 1247.453 Thread 0x000001c3f6976920 Implicit null exception at 0x000001c3a863e0ce to 0x000001c3a863f924
Event: 1247.467 Thread 0x000001c3f6976920 Implicit null exception at 0x000001c3a8641423 to 0x000001c3a8641bc0
Event: 4580.790 Thread 0x000001c3fee69d80 Exception <a 'sun/nio/fs/WindowsException'{0x00000000d5858f38}> (0x00000000d5858f38) 
thrown [s\src\hotspot\share\prims\jni.cpp, line 520]
Event: 4580.801 Thread 0x000001c3fee69d80 Exception <a 'sun/nio/fs/WindowsException'{0x00000000d58598f8}> (0x00000000d58598f8) 
thrown [s\src\hotspot\share\prims\jni.cpp, line 520]
Event: 4583.077 Thread 0x000001c3fee69d80 Exception <a 'java/lang/NoSuchMethodError'{0x00000000d589f620}: 'java.lang.Object java.lang.invoke.DirectMethodHandle$Holder.invokeStatic(java.lang.Object, java.lang.Object, int, java.lang.Object)'> (0x00000000d589f620) 
thrown [s\src\hotspot\share\interpreter\linkResolver.cpp, line 773]
Event: 4583.569 Thread 0x000001c3fee69d80 Exception <a 'java/lang/NoSuchMethodError'{0x00000000d58a6400}: 'java.lang.Object java.lang.invoke.DirectMethodHandle$Holder.newInvokeSpecial(java.lang.Object, java.lang.Object, int)'> (0x00000000d58a6400) 
thrown [s\src\hotspot\share\interpreter\linkResolver.cpp, line 773]
Event: 4593.661 Thread 0x000001c3fee69d80 Exception <a 'java/io/FileNotFoundException'{0x00000000d56a3118}> (0x00000000d56a3118) 
thrown [s\src\hotspot\share\prims\jni.cpp, line 520]
Event: 4593.663 Thread 0x000001c3fee69d80 Exception <a 'java/io/FileNotFoundException'{0x00000000d56a4460}> (0x00000000d56a4460) 
thrown [s\src\hotspot\share\prims\jni.cpp, line 520]
Event: 4593.672 Thread 0x000001c3fee69d80 Implicit null exception at 0x000001c3a844b68e to 0x000001c3a844b735
Event: 4597.256 Thread 0x000001c3f6974ee0 Exception <a 'java/lang/NoSuchMethodError'{0x00000000d58b8d40}: 'java.lang.Object java.lang.invoke.DirectMethodHandle$Holder.newInvokeSpecial(java.lang.Object, java.lang.Object, java.lang.Object, java.lang.Object, java.lang.Object, java.lang.Object)'> (0x00000000d58b8d40) 
thrown [s\src\hotspot\share\interpreter\linkResolver.cpp, line 773]
Event: 4899.162 Thread 0x000001c3f6974ee0 Exception <a 'sun/nio/fs/WindowsException'{0x00000000d5a1ee68}> (0x00000000d5a1ee68) 
thrown [s\src\hotspot\share\prims\jni.cpp, line 520]
Event: 4899.260 Thread 0x000001c3f6974ee0 Exception <a 'sun/nio/fs/WindowsException'{0x00000000d5a1f808}> (0x00000000d5a1f808) 
thrown [s\src\hotspot\share\prims\jni.cpp, line 520]
Event: 4902.907 Thread 0x000001c3f6974ee0 Exception <a 'java/lang/NoSuchMethodError'{0x00000000d5aa26b0}: 'java.lang.Object java.lang.invoke.DirectMethodHandle$Holder.newInvokeSpecial(java.lang.Object, java.lang.Object, java.lang.Object, java.lang.Object, java.lang.Object, java.lang.Object, java.lang.Object, java.lang.Object)'> (0x00000000d5aa26b0) 
thrown [s\src\hotspot\share\interpreter\linkResolver.cpp, line 773]

ZGC Phase Switch (0 events):
No events

VM Operations (20 events):
Event: 4870.615 Executing VM operation: HandshakeAllThreads (HandshakeForDeflation)
Event: 4870.618 Executing VM operation: HandshakeAllThreads (HandshakeForDeflation) done
Event: 4870.619 Executing VM operation: RendezvousGCThreads
Event: 4870.619 Executing VM operation: RendezvousGCThreads done
Event: 4897.644 Executing VM operation: Cleanup
Event: 4897.653 Executing VM operation: Cleanup done
Event: 4899.655 Executing VM operation: Cleanup
Event: 4899.665 Executing VM operation: Cleanup done
Event: 4901.667 Executing VM operation: Cleanup
Event: 4902.538 Executing VM operation: Cleanup done
Event: 4902.542 Executing VM operation: HandshakeAllThreads (Deoptimize)
Event: 4902.615 Executing VM operation: HandshakeAllThreads (Deoptimize) done
Event: 4903.616 Executing VM operation: Cleanup
Event: 4903.677 Executing VM operation: Cleanup done
Event: 4904.678 Executing VM operation: Cleanup
Event: 4904.686 Executing VM operation: Cleanup done
Event: 4930.796 Executing VM operation: HandshakeAllThreads (HandshakeForDeflation)
Event: 4930.797 Executing VM operation: HandshakeAllThreads (HandshakeForDeflation) done
Event: 4930.798 Executing VM operation: RendezvousGCThreads
Event: 4930.798 Executing VM operation: RendezvousGCThreads done

Memory protections (0 events):
No events

Nmethod flushes (20 events):
Event: 4591.168 Thread 0x000001c39d5fe9b0 flushing  nmethod 0x000001c3a105ff90
Event: 4591.168 Thread 0x000001c39d5fe9b0 flushing  nmethod 0x000001c3a1060590
Event: 4591.169 Thread 0x000001c39d5fe9b0 flushing  nmethod 0x000001c3a1061b10
Event: 4591.169 Thread 0x000001c39d5fe9b0 flushing  nmethod 0x000001c3a1069090
Event: 4591.169 Thread 0x000001c39d5fe9b0 flushing  nmethod 0x000001c3a107bc90
Event: 4591.169 Thread 0x000001c39d5fe9b0 flushing  nmethod 0x000001c3a107d190
Event: 4591.169 Thread 0x000001c39d5fe9b0 flushing  nmethod 0x000001c3a107d590
Event: 4591.169 Thread 0x000001c39d5fe9b0 flushing  nmethod 0x000001c3a107d990
Event: 4591.169 Thread 0x000001c39d5fe9b0 flushing  nmethod 0x000001c3a107e310
Event: 4591.169 Thread 0x000001c39d5fe9b0 flushing  nmethod 0x000001c3a107ee10
Event: 4591.170 Thread 0x000001c39d5fe9b0 flushing  nmethod 0x000001c3a107fd10
Event: 4591.170 Thread 0x000001c39d5fe9b0 flushing  nmethod 0x000001c3a1080a90
Event: 4591.170 Thread 0x000001c39d5fe9b0 flushing  nmethod 0x000001c3a1081a10
Event: 4591.170 Thread 0x000001c39d5fe9b0 flushing  nmethod 0x000001c3a1082510
Event: 4591.171 Thread 0x000001c39d5fe9b0 flushing  nmethod 0x000001c3a1082e10
Event: 4591.171 Thread 0x000001c39d5fe9b0 flushing  nmethod 0x000001c3a1083d90
Event: 4591.171 Thread 0x000001c39d5fe9b0 flushing  nmethod 0x000001c3a1084610
Event: 4591.172 Thread 0x000001c39d5fe9b0 flushing  nmethod 0x000001c3a1084f90
Event: 4591.172 Thread 0x000001c39d5fe9b0 flushing  nmethod 0x000001c3a1087f90
Event: 4591.172 Thread 0x000001c39d5fe9b0 flushing osr nmethod 0x000001c3a10a4290

Events (20 events):
Event: 63.016 Thread 0x000001c3b3fb92e0 Thread added: 0x000001c3fe473480
Event: 68.123 Thread 0x000001c3fe473480 Thread exited: 0x000001c3fe473480
Event: 68.213 Thread 0x000001c3fe476430 Thread exited: 0x000001c3fe476430
Event: 118.097 Thread 0x000001c3fee6f2d0 Thread exited: 0x000001c3fee6f2d0
Event: 118.104 Thread 0x000001c3f6976290 Thread exited: 0x000001c3f6976290
Event: 118.126 Thread 0x000001c3f6974850 Thread exited: 0x000001c3f6974850
Event: 118.156 Thread 0x000001c3f6975570 Thread exited: 0x000001c3f6975570
Event: 118.158 Thread 0x000001c3f6973b30 Thread exited: 0x000001c3f6973b30
Event: 178.113 Thread 0x000001c3fee6df20 Thread exited: 0x000001c3fee6df20
Event: 241.016 Thread 0x000001c3fe85b520 Thread exited: 0x000001c3fe85b520
Event: 301.016 Thread 0x000001c3fee6a410 Thread exited: 0x000001c3fee6a410
Event: 361.016 Thread 0x000001c3fee6d890 Thread exited: 0x000001c3fee6d890
Event: 418.705 Thread 0x000001c3fee696f0 Thread added: 0x000001c3fee6d890
Event: 419.074 Thread 0x000001c3fee6d890 Thread added: 0x000001c3fee6a410
Event: 479.236 Thread 0x000001c3fee6d890 Thread exited: 0x000001c3fee6d890
Event: 539.241 Thread 0x000001c3fee6a410 Thread exited: 0x000001c3fee6a410
Event: 4897.502 Thread 0x000001c3f6974ee0 Thread added: 0x000001c3fee6d890
Event: 4897.932 Thread 0x000001c3fee6d890 Thread exited: 0x000001c3fee6d890
Event: 4899.526 Thread 0x000001c3f6974ee0 Thread added: 0x000001c3fee6d890
Event: 4899.611 Thread 0x000001c3fee6d890 Thread exited: 0x000001c3fee6d890


Dynamic libraries:
0x00007ff7d2800000 - 0x00007ff7d280e000 	c:\Users\ZhuanZ2\.antigravity\extensions\redhat.java-1.52.0-win32-x64\jre\21.0.9-win32-x86_64\bin\java.exe
0x00007fff9bf40000 - 0x00007fff9c1a7000 	C:\WINDOWS\SYSTEM32\ntdll.dll
0x00007fff9a180000 - 0x00007fff9a249000 	C:\WINDOWS\System32\KERNEL32.DLL
0x00007fff99730000 - 0x00007fff99b1f000 	C:\WINDOWS\System32\KERNELBASE.dll
0x00007fff995e0000 - 0x00007fff9972b000 	C:\WINDOWS\System32\ucrtbase.dll
0x00007fff4e740000 - 0x00007fff4e758000 	c:\Users\ZhuanZ2\.antigravity\extensions\redhat.java-1.52.0-win32-x64\jre\21.0.9-win32-x86_64\bin\jli.dll
0x00007fff4f010000 - 0x00007fff4f02e000 	c:\Users\ZhuanZ2\.antigravity\extensions\redhat.java-1.52.0-win32-x64\jre\21.0.9-win32-x86_64\bin\VCRUNTIME140.dll
0x00007fff9ad90000 - 0x00007fff9af55000 	C:\WINDOWS\System32\USER32.dll
0x00007fff99b30000 - 0x00007fff99b57000 	C:\WINDOWS\System32\win32u.dll
0x00007fff86a20000 - 0x00007fff86cb3000 	C:\WINDOWS\WinSxS\amd64_microsoft.windows.common-controls_6595b64144ccf1df_6.0.26100.7309_none_3e05feeae336a044\COMCTL32.dll
0x00007fff99dd0000 - 0x00007fff99dfb000 	C:\WINDOWS\System32\GDI32.dll
0x00007fff9a060000 - 0x00007fff9a109000 	C:\WINDOWS\System32\msvcrt.dll
0x00007fff994b0000 - 0x00007fff995dc000 	C:\WINDOWS\System32\gdi32full.dll
0x00007fff99400000 - 0x00007fff994a3000 	C:\WINDOWS\System32\msvcp_win.dll
0x00007fff9ab90000 - 0x00007fff9abc1000 	C:\WINDOWS\System32\IMM32.DLL
0x00007fff90490000 - 0x00007fff9049c000 	c:\Users\ZhuanZ2\.antigravity\extensions\redhat.java-1.52.0-win32-x64\jre\21.0.9-win32-x86_64\bin\vcruntime140_1.dll
0x00007fff4e6b0000 - 0x00007fff4e73d000 	c:\Users\ZhuanZ2\.antigravity\extensions\redhat.java-1.52.0-win32-x64\jre\21.0.9-win32-x86_64\bin\msvcp140.dll
0x00007fff12ff0000 - 0x00007fff13d90000 	c:\Users\ZhuanZ2\.antigravity\extensions\redhat.java-1.52.0-win32-x64\jre\21.0.9-win32-x86_64\bin\server\jvm.dll
0x00007fff9be40000 - 0x00007fff9bef4000 	C:\WINDOWS\System32\ADVAPI32.dll
0x00007fff9a750000 - 0x00007fff9a7f6000 	C:\WINDOWS\System32\sechost.dll
0x00007fff9a800000 - 0x00007fff9a918000 	C:\WINDOWS\System32\RPCRT4.dll
0x00007fff9b3f0000 - 0x00007fff9b464000 	C:\WINDOWS\System32\WS2_32.dll
0x00007fff90f90000 - 0x00007fff90fc5000 	C:\WINDOWS\SYSTEM32\WINMM.dll
0x00007fff913e0000 - 0x00007fff913eb000 	C:\WINDOWS\SYSTEM32\VERSION.dll
0x00007fff98f10000 - 0x00007fff98f6e000 	C:\WINDOWS\SYSTEM32\POWRPROF.dll
0x00007fff98ed0000 - 0x00007fff98ee4000 	C:\WINDOWS\SYSTEM32\UMPDC.dll
0x00007fff97e40000 - 0x00007fff97e5b000 	C:\WINDOWS\SYSTEM32\kernel.appcore.dll
0x00007fff8dd30000 - 0x00007fff8dd3a000 	c:\Users\ZhuanZ2\.antigravity\extensions\redhat.java-1.52.0-win32-x64\jre\21.0.9-win32-x86_64\bin\jimage.dll
0x00007fff96820000 - 0x00007fff96a62000 	C:\WINDOWS\SYSTEM32\DBGHELP.DLL
0x00007fff9af60000 - 0x00007fff9b2e6000 	C:\WINDOWS\System32\combase.dll
0x00007fff9abd0000 - 0x00007fff9aca6000 	C:\WINDOWS\System32\OLEAUT32.dll
0x00007fff86160000 - 0x00007fff8619c000 	C:\WINDOWS\SYSTEM32\dbgcore.DLL
0x00007fff99090000 - 0x00007fff99135000 	C:\WINDOWS\System32\bcryptPrimitives.dll
0x00007fff8bab0000 - 0x00007fff8babf000 	c:\Users\ZhuanZ2\.antigravity\extensions\redhat.java-1.52.0-win32-x64\jre\21.0.9-win32-x86_64\bin\instrument.dll
0x00007fff4b170000 - 0x00007fff4b190000 	c:\Users\ZhuanZ2\.antigravity\extensions\redhat.java-1.52.0-win32-x64\jre\21.0.9-win32-x86_64\bin\java.dll
0x00007fff9b650000 - 0x00007fff9bda3000 	C:\WINDOWS\System32\SHELL32.dll
0x00007fff99290000 - 0x00007fff993fa000 	C:\WINDOWS\System32\wintypes.dll
0x00007fff96cd0000 - 0x00007fff9752e000 	C:\WINDOWS\SYSTEM32\windows.storage.dll
0x00007fff9b2f0000 - 0x00007fff9b3e5000 	C:\WINDOWS\System32\SHCORE.dll
0x00007fff9a110000 - 0x00007fff9a176000 	C:\WINDOWS\System32\shlwapi.dll
0x00007fff98fb0000 - 0x00007fff98fd9000 	C:\WINDOWS\SYSTEM32\profapi.dll
0x00007fff48310000 - 0x00007fff48328000 	c:\Users\ZhuanZ2\.antigravity\extensions\redhat.java-1.52.0-win32-x64\jre\21.0.9-win32-x86_64\bin\zip.dll
0x00007fff8cfd0000 - 0x00007fff8cfe0000 	C:\Users\ZhuanZ2\.antigravity\extensions\redhat.java-1.52.0-win32-x64\jre\21.0.9-win32-x86_64\bin\net.dll
0x00007fff90920000 - 0x00007fff90a48000 	C:\WINDOWS\SYSTEM32\WINHTTP.dll
0x00007fff983b0000 - 0x00007fff9841b000 	C:\WINDOWS\system32\mswsock.dll
0x00007fff489e0000 - 0x00007fff489f6000 	C:\Users\ZhuanZ2\.antigravity\extensions\redhat.java-1.52.0-win32-x64\jre\21.0.9-win32-x86_64\bin\nio.dll
0x00007fff89550000 - 0x00007fff89560000 	c:\Users\ZhuanZ2\.antigravity\extensions\redhat.java-1.52.0-win32-x64\jre\21.0.9-win32-x86_64\bin\verify.dll
0x00007fff7f140000 - 0x00007fff7f185000 	C:\Users\ZhuanZ2\AppData\Roaming\Antigravity\User\globalStorage\redhat.java\1.52.0\config_win\org.eclipse.equinox.launcher\org.eclipse.equinox.launcher.win32.win32.x86_64_1.2.1500.v20260121-1430\eclipse_11919.dll
0x00007fff99e00000 - 0x00007fff99f97000 	C:\WINDOWS\System32\ole32.dll
0x00007fff98670000 - 0x00007fff9868b000 	C:\WINDOWS\SYSTEM32\CRYPTSP.dll
0x00007fff97da0000 - 0x00007fff97dda000 	C:\WINDOWS\system32\rsaenh.dll
0x00007fff98460000 - 0x00007fff9848b000 	C:\WINDOWS\SYSTEM32\USERENV.dll
0x00007fff98f80000 - 0x00007fff98faa000 	C:\WINDOWS\SYSTEM32\bcrypt.dll
0x00007fff98690000 - 0x00007fff9869c000 	C:\WINDOWS\SYSTEM32\CRYPTBASE.dll
0x00007fff97850000 - 0x00007fff97884000 	C:\WINDOWS\SYSTEM32\IPHLPAPI.DLL
0x00007fff99fa0000 - 0x00007fff99faa000 	C:\WINDOWS\System32\NSI.dll
0x00007fff90510000 - 0x00007fff90559000 	C:\Users\ZhuanZ2\AppData\Local\Temp\jna-1359434604\jna11701801356876875793.dll
0x00007fff99ce0000 - 0x00007fff99ce8000 	C:\WINDOWS\System32\PSAPI.DLL
0x00007fff900c0000 - 0x00007fff900de000 	C:\WINDOWS\SYSTEM32\dhcpcsvc6.DLL
0x00007fff90090000 - 0x00007fff900b3000 	C:\WINDOWS\SYSTEM32\dhcpcsvc.DLL
0x00007fff7f0a0000 - 0x00007fff7f0c7000 	C:\Users\ZhuanZ2\.gradle\native\1def1411415f61bf3af743bc5b6707747c0891f09f0c88961ee8f79bc544acac\windows-amd64\native-platform.dll
0x00007fff92450000 - 0x00007fff9245a000 	C:\Users\ZhuanZ2\.antigravity\extensions\redhat.java-1.52.0-win32-x64\jre\21.0.9-win32-x86_64\bin\management.dll
0x00007fff92470000 - 0x00007fff9247c000 	C:\Users\ZhuanZ2\.antigravity\extensions\redhat.java-1.52.0-win32-x64\jre\21.0.9-win32-x86_64\bin\management_ext.dll

JVMTI agents:
c:\Users\ZhuanZ2\.antigravity\extensions\redhat.java-1.52.0-win32-x64\lombok\lombok-1.18.39-4050.jar path:c:\Users\ZhuanZ2\.antigravity\extensions\redhat.java-1.52.0-win32-x64\jre\21.0.9-win32-x86_64\bin\instrument.dll, loaded, initialized, instrumentlib options:none

dbghelp: loaded successfully - version: 4.0.5 - missing functions: none
symbol engine: initialized successfully - sym options: 0x614 - pdb path: .;c:\Users\ZhuanZ2\.antigravity\extensions\redhat.java-1.52.0-win32-x64\jre\21.0.9-win32-x86_64\bin;C:\WINDOWS\SYSTEM32;C:\WINDOWS\WinSxS\amd64_microsoft.windows.common-controls_6595b64144ccf1df_6.0.26100.7309_none_3e05feeae336a044;c:\Users\ZhuanZ2\.antigravity\extensions\redhat.java-1.52.0-win32-x64\jre\21.0.9-win32-x86_64\bin\server;C:\Users\ZhuanZ2\AppData\Roaming\Antigravity\User\globalStorage\redhat.java\1.52.0\config_win\org.eclipse.equinox.launcher\org.eclipse.equinox.launcher.win32.win32.x86_64_1.2.1500.v20260121-1430;C:\Users\ZhuanZ2\AppData\Local\Temp\jna-1359434604;C:\Users\ZhuanZ2\.gradle\native\1def1411415f61bf3af743bc5b6707747c0891f09f0c88961ee8f79bc544acac\windows-amd64

VM Arguments:
jvm_args: --add-modules=ALL-SYSTEM --add-opens=java.base/java.util=ALL-UNNAMED --add-opens=java.base/java.lang=ALL-UNNAMED --add-opens=java.base/sun.nio.fs=ALL-UNNAMED -Declipse.application=org.eclipse.jdt.ls.core.id1 -Dosgi.bundles.defaultStartLevel=4 -Declipse.product=org.eclipse.jdt.ls.core.product -Djava.import.generatesMetadataFilesAtProjectRoot=false -DDetectVMInstallationsJob.disabled=true -Dfile.encoding=utf8 -XX:+UseParallelGC -XX:GCTimeRatio=4 -XX:AdaptiveSizePolicyWeight=90 -Dsun.zip.disableMemoryMapping=true -Xmx2G -Xms100m -Xlog:disable -javaagent:c:\Users\ZhuanZ2\.antigravity\extensions\redhat.java-1.52.0-win32-x64\lombok\lombok-1.18.39-4050.jar -XX:+HeapDumpOnOutOfMemoryError -XX:HeapDumpPath=c:\Users\ZhuanZ2\AppData\Roaming\Antigravity\User\workspaceStorage\187e73d51bff1d9230af9a6117c9af9e\redhat.java -Daether.dependencyCollector.impl=bf 
java_command: c:\Users\ZhuanZ2\.antigravity\extensions\redhat.java-1.52.0-win32-x64\server\plugins\org.eclipse.equinox.launcher_1.7.100.v20251111-0406.jar -configuration c:\Users\ZhuanZ2\AppData\Roaming\Antigravity\User\globalStorage\redhat.java\1.52.0\config_win -data c:\Users\ZhuanZ2\AppData\Roaming\Antigravity\User\workspaceStorage\187e73d51bff1d9230af9a6117c9af9e\redhat.java\jdt_ws --pipe=\\.\pipe\lsp-cdb23ec5f6066d897b24e400529cd95a-sock
java_class_path (initial): c:\Users\ZhuanZ2\.antigravity\extensions\redhat.java-1.52.0-win32-x64\server\plugins\org.eclipse.equinox.launcher_1.7.100.v20251111-0406.jar
Launcher Type: SUN_STANDARD

[Global flags]
    uintx AdaptiveSizePolicyWeight                 = 90                                        {product} {command line}
     intx CICompilerCount                          = 4                                         {product} {ergonomic}
    uintx GCTimeRatio                              = 4                                         {product} {command line}
     bool HeapDumpOnOutOfMemoryError               = true                                   {manageable} {command line}
    ccstr HeapDumpPath                             = c:\Users\ZhuanZ2\AppData\Roaming\Antigravity\User\workspaceStorage\187e73d51bff1d9230af9a6117c9af9e\redhat.java         {manageable} {command line}
   size_t InitialHeapSize                          = 104857600                                 {product} {command line}
   size_t MaxHeapSize                              = 2147483648                                {product} {command line}
   size_t MaxNewSize                               = 715653120                                 {product} {ergonomic}
   size_t MinHeapDeltaBytes                        = 524288                                    {product} {ergonomic}
   size_t MinHeapSize                              = 104857600                                 {product} {command line}
   size_t NewSize                                  = 34603008                                  {product} {ergonomic}
    uintx NonNMethodCodeHeapSize                   = 5839372                                {pd product} {ergonomic}
    uintx NonProfiledCodeHeapSize                  = 122909434                              {pd product} {ergonomic}
   size_t OldSize                                  = 70254592                                  {product} {ergonomic}
    uintx ProfiledCodeHeapSize                     = 122909434                              {pd product} {ergonomic}
    uintx ReservedCodeCacheSize                    = 251658240                              {pd product} {ergonomic}
     bool SegmentedCodeCache                       = true                                      {product} {ergonomic}
   size_t SoftMaxHeapSize                          = 2147483648                             {manageable} {ergonomic}
     bool UseCompressedOops                        = true                           {product lp64_product} {ergonomic}
     bool UseLargePagesIndividualAllocation        = false                                  {pd product} {ergonomic}
     bool UseParallelGC                            = true                                      {product} {command line}

Logging:
Log output configuration:
 #0: stdout all=off uptime,level,tags foldmultilines=false
 #1: stderr all=off uptime,level,tags foldmultilines=false

Release file:
JAVA_VERSION="21.0.9" 
MODULES="java.base java.compiler java.datatransfer java.xml java.prefs java.desktop java.instrument java.logging java.management java.security.sasl java.naming java.rmi java.management.rmi java.net.http java.scripting java.security.jgss java.transaction.xa java.sql java.sql.rowset java.xml.crypto java.se java.smartcardio jdk.accessibility jdk.internal.jvmstat jdk.attach jdk.charsets jdk.internal.opt jdk.zipfs jdk.compiler jdk.crypto.ec jdk.crypto.cryptoki jdk.crypto.mscapi jdk.dynalink jdk.internal.ed jdk.editpad jdk.hotspot.agent jdk.httpserver jdk.internal.le jdk.internal.vm.ci jdk.internal.vm.compiler jdk.internal.vm.compiler.management jdk.jartool jdk.javadoc jdk.jcmd jdk.management jdk.management.agent jdk.jconsole jdk.jdeps jdk.jdwp.agent jdk.jdi jdk.jfr jdk.jshell jdk.jsobject jdk.jstatd jdk.localedata jdk.management.jfr jdk.naming.dns jdk.naming.rmi jdk.net jdk.nio.mapmode jdk.random jdk.sctp jdk.security.auth jdk.security.jgss jdk.unsupported jdk.unsupported.desktop jdk.xml.dom" 

Environment Variables:
JAVA_HOME=C:\Program Files\Microsoft\jdk-17.0.17.10-hotspot
PATH=C:\Program Files\Microsoft\jdk-17.0.17.10-hotspot\bin;C:\WINDOWS\system32;C:\WINDOWS;C:\WINDOWS\System32\Wbem;C:\WINDOWS\System32\WindowsPowerShell\v1.0\;C:\WINDOWS\System32\OpenSSH\;C:\Program Files\Git\cmd;C:\Users\ZhuanZ2\AppData\Local\Microsoft\WindowsApps;D:\flutter\bin;D:\Antigravity\Antigravity\bin
USERNAME=ZhuanZ2
OS=Windows_NT
PROCESSOR_IDENTIFIER=AMD64 Family 23 Model 24 Stepping 1, AuthenticAMD
TMP=C:\Users\ZhuanZ2\AppData\Local\Temp
TEMP=C:\Users\ZhuanZ2\AppData\Local\Temp




Periodic native trim disabled

---------------  S Y S T E M  ---------------

OS:
 Windows 11 , 64 bit Build 26100 (10.0.26100.7623)
OS uptime: 0 days 19:53 hours

CPU: total 8 (initial active 8) (8 cores per cpu, 2 threads per core) family 23 model 24 stepping 1 microcode 0x8108109, cx8, cmov, fxsr, ht, mmx, 3dnowpref, sse, sse2, sse3, ssse3, sse4a, sse4.1, sse4.2, popcnt, lzcnt, tsc, tscinvbit, avx, avx2, aes, clmul, bmi1, bmi2, adx, sha, fma, vzeroupper, clflush, clflushopt, rdtscp, f16c
Processor Information for the first 8 processors :
  Max Mhz: 2100, Current Mhz: 2100, Mhz Limit: 2100

Memory: 4k page, system-wide physical 7044M (128M free)
TotalPageFile size 24626M (AvailPageFile size 5M)
current process WorkingSet (physical memory assigned to process): 7M, peak: 259M
current process commit charge ("private bytes"): 331M, peak: 368M

vm_info: OpenJDK 64-Bit Server VM (21.0.9+10-LTS) for windows-amd64 JRE (21.0.9+10-LTS), built on 2025-10-21T00:00:00Z by "admin" with unknown MS VC++:1942

END.
