#
# There is insufficient memory for the Java Runtime Environment to continue.
# Native memory allocation (malloc) failed to allocate 1048576 bytes. Error detail: AllocateHeap
# Possible reasons:
#   The system is out of physical RAM or swap space
#   This process is running with CompressedOops enabled, and the Java Heap may be blocking the growth of the native heap
# Possible solutions:
#   Reduce memory load on the system
#   Increase physical memory or swap space
#   Check if swap backing store is full
#   Decrease Java heap size (-Xmx/-Xms)
#   Decrease number of Java threads
#   Decrease Java thread stack sizes (-Xss)
#   Set larger code cache with -XX:ReservedCodeCacheSize=
#   JVM is running with Unscaled Compressed Oops mode in which the Java heap is
#     placed in the first 4GB address space. The Java Heap base address is the
#     maximum limit for the native heap growth. Please use -XX:HeapBaseMinAddress
#     to set the Java Heap base and to place the Java Heap above 4GB virtual address.
# This output file may be truncated or incomplete.
#
#  Out of Memory Error (allocation.cpp:44), pid=11824, tid=16712
#
# JRE version: OpenJDK Runtime Environment Temurin-21.0.9+10 (21.0.9+10) (build 21.0.9+10-LTS)
# Java VM: OpenJDK 64-Bit Server VM Temurin-21.0.9+10 (21.0.9+10-LTS, mixed mode, sharing, tiered, compressed oops, compressed class ptrs, parallel gc, windows-amd64)
# No core dump will be written. Minidumps are not enabled by default on client versions of Windows
#

---------------  S U M M A R Y ------------

Command Line: --add-modules=ALL-SYSTEM --add-opens=java.base/java.util=ALL-UNNAMED --add-opens=java.base/java.lang=ALL-UNNAMED --add-opens=java.base/sun.nio.fs=ALL-UNNAMED -Declipse.application=org.eclipse.jdt.ls.core.id1 -Dosgi.bundles.defaultStartLevel=4 -Declipse.product=org.eclipse.jdt.ls.core.product -Djava.import.generatesMetadataFilesAtProjectRoot=false -DDetectVMInstallationsJob.disabled=true -Dfile.encoding=utf8 -XX:+UseParallelGC -XX:GCTimeRatio=4 -XX:AdaptiveSizePolicyWeight=90 -Dsun.zip.disableMemoryMapping=true -Xmx2G -Xms100m -Xlog:disable -javaagent:c:\Users\ZhuanZ2\.antigravity\extensions\redhat.java-1.52.0-win32-x64\lombok\lombok-1.18.39-4050.jar -XX:+HeapDumpOnOutOfMemoryError -XX:HeapDumpPath=c:\Users\ZhuanZ2\AppData\Roaming\Antigravity\User\workspaceStorage\187e73d51bff1d9230af9a6117c9af9e\redhat.java -Daether.dependencyCollector.impl=bf c:\Users\ZhuanZ2\.antigravity\extensions\redhat.java-1.52.0-win32-x64\server\plugins\org.eclipse.equinox.launcher_1.7.100.v20251111-0406.jar -configuration c:\Users\ZhuanZ2\AppData\Roaming\Antigravity\User\globalStorage\redhat.java\1.52.0\config_win -data c:\Users\ZhuanZ2\AppData\Roaming\Antigravity\User\workspaceStorage\187e73d51bff1d9230af9a6117c9af9e\redhat.java\jdt_ws --pipe=\\.\pipe\lsp-cfe168720489a5c7a6c0af658e72c978-sock

Host: AMD Ryzen 5 3500U with Radeon Vega Mobile Gfx  , 8 cores, 6G,  Windows 11 , 64 bit Build 26100 (10.0.26100.7623)
Time: Sun Feb  1 21:28:30 2026 Morocco Daylight Time elapsed time: 23377.449313 seconds (0d 6h 29m 37s)

---------------  T H R E A D  ---------------

Current thread (0x000001358d3d6d70):  JavaThread "Attach Listener" daemon [_thread_in_vm, id=16712, stack(0x00000018e3c00000,0x00000018e3d00000) (1024K)]

Stack: [0x00000018e3c00000,0x00000018e3d00000]
Native frames: (J=compiled Java code, j=interpreted, Vv=VM code, C=native code)
V  [jvm.dll+0x6d6e29]
V  [jvm.dll+0x8b4b76]
V  [jvm.dll+0x8b712e]
V  [jvm.dll+0x8b7813]
V  [jvm.dll+0x283d86]
V  [jvm.dll+0xc1277]
V  [jvm.dll+0x6d76d9]
V  [jvm.dll+0x133466]
V  [jvm.dll+0x3f7ea6]
V  [jvm.dll+0x85e9ad]
V  [jvm.dll+0x6d565d]
C  [ucrtbase.dll+0x37b0]
C  [KERNEL32.DLL+0x2e8d7]
C  [ntdll.dll+0x8c53c]


---------------  P R O C E S S  ---------------

Threads class SMR info:
_java_thread_list=0x00000135ec6e04f0, length=36, elements={
0x000001358d45fac0, 0x000001358d3ccfd0, 0x000001358d3d05b0, 0x000001358d3d5f70,
0x000001358d3d6d70, 0x000001358d3d8d20, 0x000001358d3dae00, 0x000001358d3e3280,
0x00000135e67d3330, 0x00000135e69cf4b0, 0x00000135e6ab9960, 0x00000135eb355340,
0x00000135eb669680, 0x00000135eb0fd950, 0x00000135e681f200, 0x00000135eba84d50,
0x00000135ebe8eba0, 0x00000135eb91ce00, 0x00000135eb91b3c0, 0x00000135eb91a010,
0x00000135eb91ad30, 0x00000135ed48b340, 0x00000135ed48a620, 0x00000135ed48b9d0,
0x00000135ed48acb0, 0x00000135ed48c060, 0x00000135ed489900, 0x00000135ed48c6f0,
0x00000135ed489f90, 0x00000135ed48fb70, 0x00000135ed48ee50, 0x00000135ed48e130,
0x00000135ed48d410, 0x00000135ed48f4e0, 0x00000135edf02d80, 0x00000135edf00cb0
}

Java Threads: ( => current thread )
  0x000001358d45fac0 JavaThread "main"                              [_thread_blocked, id=10296, stack(0x00000018e3500000,0x00000018e3600000) (1024K)]
  0x000001358d3ccfd0 JavaThread "Reference Handler"          daemon [_thread_blocked, id=7216, stack(0x00000018e3900000,0x00000018e3a00000) (1024K)]
  0x000001358d3d05b0 JavaThread "Finalizer"                  daemon [_thread_blocked, id=12072, stack(0x00000018e3a00000,0x00000018e3b00000) (1024K)]
  0x000001358d3d5f70 JavaThread "Signal Dispatcher"          daemon [_thread_blocked, id=5768, stack(0x00000018e3b00000,0x00000018e3c00000) (1024K)]
=>0x000001358d3d6d70 JavaThread "Attach Listener"            daemon [_thread_in_vm, id=16712, stack(0x00000018e3c00000,0x00000018e3d00000) (1024K)]
  0x000001358d3d8d20 JavaThread "Service Thread"             daemon [_thread_blocked, id=3280, stack(0x00000018e3d00000,0x00000018e3e00000) (1024K)]
  0x000001358d3dae00 JavaThread "Monitor Deflation Thread"   daemon [_thread_blocked, id=6988, stack(0x00000018e3e00000,0x00000018e3f00000) (1024K)]
  0x000001358d3e3280 JavaThread "C2 CompilerThread0"         daemon [_thread_blocked, id=14452, stack(0x00000018e3f00000,0x00000018e4000000) (1024K)]
  0x00000135e67d3330 JavaThread "C1 CompilerThread0"         daemon [_thread_blocked, id=6428, stack(0x00000018e4000000,0x00000018e4100000) (1024K)]
  0x00000135e69cf4b0 JavaThread "Common-Cleaner"             daemon [_thread_blocked, id=7476, stack(0x00000018e4100000,0x00000018e4200000) (1024K)]
  0x00000135e6ab9960 JavaThread "Notification Thread"        daemon [_thread_blocked, id=8160, stack(0x00000018e4200000,0x00000018e4300000) (1024K)]
  0x00000135eb355340 JavaThread "Active Thread: Equinox Container: 6a5c251c-1442-4ced-9f4d-0450c0e6afa1"        [_thread_blocked, id=16708, stack(0x00000018e4300000,0x00000018e4400000) (1024K)]
  0x00000135eb669680 JavaThread "Refresh Thread: Equinox Container: 6a5c251c-1442-4ced-9f4d-0450c0e6afa1" daemon [_thread_blocked, id=17264, stack(0x00000018e4b00000,0x00000018e4c00000) (1024K)]
  0x00000135eb0fd950 JavaThread "Framework Event Dispatcher: Equinox Container: 6a5c251c-1442-4ced-9f4d-0450c0e6afa1" daemon [_thread_blocked, id=14204, stack(0x00000018e4c00000,0x00000018e4d00000) (1024K)]
  0x00000135e681f200 JavaThread "Start Level: Equinox Container: 6a5c251c-1442-4ced-9f4d-0450c0e6afa1" daemon [_thread_blocked, id=9976, stack(0x00000018e4d00000,0x00000018e4e00000) (1024K)]
  0x00000135eba84d50 JavaThread "Bundle File Closer"         daemon [_thread_blocked, id=17632, stack(0x00000018e4f00000,0x00000018e5000000) (1024K)]
  0x00000135ebe8eba0 JavaThread "SCR Component Actor"        daemon [_thread_blocked, id=10728, stack(0x00000018e3300000,0x00000018e3400000) (1024K)]
  0x00000135eb91ce00 JavaThread "Worker-JM"                         [_thread_blocked, id=4872, stack(0x00000018e5100000,0x00000018e5200000) (1024K)]
  0x00000135eb91b3c0 JavaThread "JNA Cleaner"                daemon [_thread_blocked, id=2492, stack(0x00000018e5200000,0x00000018e5300000) (1024K)]
  0x00000135eb91a010 JavaThread "Worker-1"                          [_thread_blocked, id=13196, stack(0x00000018e5400000,0x00000018e5500000) (1024K)]
  0x00000135eb91ad30 JavaThread "Java indexing"              daemon [_thread_blocked, id=15168, stack(0x00000018e5600000,0x00000018e5700000) (1024K)]
  0x00000135ed48b340 JavaThread "Thread-1"                   daemon [_thread_in_native, id=15600, stack(0x00000018e5b00000,0x00000018e5c00000) (1024K)]
  0x00000135ed48a620 JavaThread "Thread-2"                   daemon [_thread_in_native, id=13032, stack(0x00000018e5c00000,0x00000018e5d00000) (1024K)]
  0x00000135ed48b9d0 JavaThread "Thread-3"                   daemon [_thread_in_native, id=2208, stack(0x00000018e5d00000,0x00000018e5e00000) (1024K)]
  0x00000135ed48acb0 JavaThread "Thread-4"                   daemon [_thread_in_native, id=18344, stack(0x00000018e5e00000,0x00000018e5f00000) (1024K)]
  0x00000135ed48c060 JavaThread "Thread-5"                   daemon [_thread_in_native, id=12904, stack(0x00000018e5f00000,0x00000018e6000000) (1024K)]
  0x00000135ed489900 JavaThread "Thread-6"                   daemon [_thread_in_native, id=14684, stack(0x00000018e6000000,0x00000018e6100000) (1024K)]
  0x00000135ed48c6f0 JavaThread "Thread-7"                   daemon [_thread_in_native, id=912, stack(0x00000018e6100000,0x00000018e6200000) (1024K)]
  0x00000135ed489f90 JavaThread "Thread-8"                   daemon [_thread_in_native, id=1188, stack(0x00000018e6200000,0x00000018e6300000) (1024K)]
  0x00000135ed48fb70 JavaThread "Thread-9"                   daemon [_thread_in_native, id=16636, stack(0x00000018e6300000,0x00000018e6400000) (1024K)]
  0x00000135ed48ee50 JavaThread "pool-2-thread-1"                   [_thread_blocked, id=2868, stack(0x00000018e6400000,0x00000018e6500000) (1024K)]
  0x00000135ed48e130 JavaThread "WorkspaceEventsHandler"            [_thread_blocked, id=3832, stack(0x00000018e6500000,0x00000018e6600000) (1024K)]
  0x00000135ed48d410 JavaThread "pool-1-thread-1"                   [_thread_blocked, id=9644, stack(0x00000018e6600000,0x00000018e6700000) (1024K)]
  0x00000135ed48f4e0 JavaThread "Timer-0"                           [_thread_blocked, id=16524, stack(0x00000018e6900000,0x00000018e6a00000) (1024K)]
  0x00000135edf02d80 JavaThread "Timer-1"                           [_thread_blocked, id=13208, stack(0x00000018e3400000,0x00000018e3500000) (1024K)]
  0x00000135edf00cb0 JavaThread "Worker-6"                          [_thread_blocked, id=19272, stack(0x00000018e5000000,0x00000018e5100000) (1024K)]
Total: 36

Other Threads:
  0x000001358d3b2610 VMThread "VM Thread"                           [id=12244, stack(0x00000018e3800000,0x00000018e3900000) (1024K)]
  0x000001358d2eca00 WatcherThread "VM Periodic Task Thread"        [id=14996, stack(0x00000018e3700000,0x00000018e3800000) (1024K)]
  0x000001358d47e160 WorkerThread "GC Thread#0"                     [id=16792, stack(0x00000018e3600000,0x00000018e3700000) (1024K)]
  0x00000135eb5772d0 WorkerThread "GC Thread#1"                     [id=14772, stack(0x00000018e4500000,0x00000018e4600000) (1024K)]
  0x00000135eb48b380 WorkerThread "GC Thread#2"                     [id=1836, stack(0x00000018e4600000,0x00000018e4700000) (1024K)]
  0x00000135eb638390 WorkerThread "GC Thread#3"                     [id=3532, stack(0x00000018e4700000,0x00000018e4800000) (1024K)]
  0x00000135eb638730 WorkerThread "GC Thread#4"                     [id=12384, stack(0x00000018e4800000,0x00000018e4900000) (1024K)]
  0x00000135eb6ced20 WorkerThread "GC Thread#5"                     [id=9516, stack(0x00000018e4900000,0x00000018e4a00000) (1024K)]
  0x00000135eb6cf4d0 WorkerThread "GC Thread#6"                     [id=1804, stack(0x00000018e4a00000,0x00000018e4b00000) (1024K)]
  0x00000135eb980a60 WorkerThread "GC Thread#7"                     [id=100, stack(0x00000018e4400000,0x00000018e4500000) (1024K)]
Total: 10

Threads with active compile tasks:
Total: 0

VM state: not at safepoint (normal execution)

VM Mutex/Monitor currently owned by a thread: None

Heap address: 0x0000000080000000, size: 2048 MB, Compressed Oops mode: 32-bit

CDS archive(s) mapped at: [0x00000135a4000000-0x00000135a4ba0000-0x00000135a4ba0000), size 12189696, SharedBaseAddress: 0x00000135a4000000, ArchiveRelocationMode: 1.
Compressed class space mapped at: 0x00000135a5000000-0x00000135e5000000, reserved size: 1073741824
Narrow klass base: 0x00000135a4000000, Narrow klass shift: 0, Narrow klass range: 0x100000000

GC Precious Log:
 CardTable entry size: 512
 CPUs: 8 total, 8 available
 Memory: 7044M
 Large Page Support: Disabled
 NUMA Support: Disabled
 Compressed Oops: Enabled (32-bit)
 Alignments: Space 512K, Generation 512K, Heap 2M
 Heap Min Capacity: 100M
 Heap Initial Capacity: 100M
 Heap Max Capacity: 2G
 Pre-touch: Disabled
 Parallel Workers: 8

Heap:
 PSYoungGen      total 12288K, used 6904K [0x00000000d5580000, 0x00000000d6b00000, 0x0000000100000000)
  eden space 8704K, 38% used [0x00000000d5580000,0x00000000d58bf0f0,0x00000000d5e00000)
  from space 3584K, 99% used [0x00000000d6380000,0x00000000d66ff210,0x00000000d6700000)
  to   space 5632K, 0% used [0x00000000d5e00000,0x00000000d5e00000,0x00000000d6380000)
 ParOldGen       total 68608K, used 64589K [0x0000000080000000, 0x0000000084300000, 0x00000000d5580000)
  object space 68608K, 94% used [0x0000000080000000,0x0000000083f136e8,0x0000000084300000)
 Metaspace       used 67060K, committed 68352K, reserved 1114112K
  class space    used 8346K, committed 8832K, reserved 1048576K

Card table byte_map: [0x000001358ce00000,0x000001358d210000] _byte_map_base: 0x000001358ca00000

Marking Bits: (ParMarkBitMap*) 0x00007ff8e67a2460
 Begin Bits: [0x000001359f910000, 0x00000135a1910000)
 End Bits:   [0x00000135a1910000, 0x00000135a3910000)

Polling page: 0x000001358b250000

Metaspace:

Usage:
  Non-class:     57.34 MB used.
      Class:      8.15 MB used.
       Both:     65.49 MB used.

Virtual space:
  Non-class space:       64.00 MB reserved,      58.12 MB ( 91%) committed,  1 nodes.
      Class space:        1.00 GB reserved,       8.62 MB ( <1%) committed,  1 nodes.
             Both:        1.06 GB reserved,      66.75 MB (  6%) committed. 

Chunk freelists:
   Non-Class:  5.79 MB
       Class:  7.32 MB
        Both:  13.10 MB

MaxMetaspaceSize: unlimited
CompressedClassSpaceSize: 1.00 GB
Initial GC threshold: 21.00 MB
Current GC threshold: 97.31 MB
CDS: on
 - commit_granule_bytes: 65536.
 - commit_granule_words: 8192.
 - virtual_space_node_default_size: 8388608.
 - enlarge_chunks_in_place: 1.
 - use_allocation_guard: 0.


Internal statistics:

num_allocs_failed_limit: 9.
num_arena_births: 1356.
num_arena_deaths: 374.
num_vsnodes_births: 2.
num_vsnodes_deaths: 0.
num_space_committed: 1068.
num_space_uncommitted: 0.
num_chunks_returned_to_freelist: 425.
num_chunks_taken_from_freelist: 4685.
num_chunk_merges: 103.
num_chunk_splits: 2764.
num_chunks_enlarged: 1631.
num_inconsistent_stats: 0.

CodeHeap 'non-profiled nmethods': size=120000Kb used=6247Kb max_used=6247Kb free=113752Kb
 bounds [0x0000013598130000, 0x0000013598750000, 0x000001359f660000]
CodeHeap 'profiled nmethods': size=120000Kb used=17414Kb max_used=17414Kb free=102585Kb
 bounds [0x0000013590660000, 0x0000013591770000, 0x0000013597b90000]
CodeHeap 'non-nmethods': size=5760Kb used=1404Kb max_used=1441Kb free=4355Kb
 bounds [0x0000013597b90000, 0x0000013597e00000, 0x0000013598130000]
CodeCache: size=245760Kb, used=25065Kb, max_used=25102Kb, free=220692Kb
 total_blobs=9274, nmethods=8561, adapters=617, full_count=0
Compilation: enabled, stopped_count=0, restarted_count=0

Compilation events (20 events):
Event: 23362.426 Thread 0x00000135e67d3330 nmethod 9373 0x0000013591758a90 code [0x0000013591758c40, 0x0000013591758e08]
Event: 23362.426 Thread 0x00000135e67d3330 9374   !   3       sun.nio.ch.WindowsAsynchronousFileChannelImpl$WriteTask::run (253 bytes)
Event: 23362.458 Thread 0x00000135e67d3330 nmethod 9374 0x0000013591758f10 code [0x00000135917593e0, 0x000001359175b8e0]
Event: 23362.458 Thread 0x00000135e67d3330 9375       3       org.eclipse.core.internal.events.ResourceDelta::fixMovesAndMarkers (350 bytes)
Event: 23362.467 Thread 0x00000135e67d3330 nmethod 9375 0x000001359175ca10 code [0x000001359175cd00, 0x000001359175dff8]
Event: 23362.467 Thread 0x00000135e67d3330 9376       3       org.eclipse.core.internal.events.NodeIDMap::getOldPath (20 bytes)
Event: 23362.468 Thread 0x00000135e67d3330 nmethod 9376 0x000001359175e810 code [0x000001359175e9c0, 0x000001359175eb98]
Event: 23362.468 Thread 0x00000135e67d3330 9377   !   3       org.eclipse.core.internal.dtree.DataTreeNode::asReverseComparisonNode (138 bytes)
Event: 23362.477 Thread 0x00000135e67d3330 nmethod 9377 0x000001359175ec90 code [0x000001359175eee0, 0x000001359175f960]
Event: 23362.485 Thread 0x00000135e67d3330 9378       3       org.eclipse.buildship.core.internal.configuration.GradleProjectValidationResourceDeltaVisitor::visit (122 bytes)
Event: 23362.492 Thread 0x00000135e67d3330 nmethod 9378 0x000001359175fd90 code [0x00000135917600c0, 0x00000135917612e0]
Event: 23362.492 Thread 0x00000135e67d3330 9380       1       org.eclipse.core.internal.resources.BuildConfiguration::getProject (5 bytes)
Event: 23362.492 Thread 0x00000135e67d3330 nmethod 9380 0x0000013598744690 code [0x0000013598744820, 0x00000135987448e8]
Event: 23362.492 Thread 0x00000135e67d3330 9379       1       org.eclipse.core.internal.watson.ElementTree::getTreeData (5 bytes)
Event: 23362.492 Thread 0x00000135e67d3330 nmethod 9379 0x0000013598744990 code [0x0000013598744b20, 0x0000013598744be8]
Event: 23362.601 Thread 0x000001358d3e3280 nmethod 9369 0x0000013598744c90 code [0x0000013598745100, 0x0000013598746c90]
Event: 23362.601 Thread 0x000001358d3e3280 9355   !   4       org.eclipse.jdt.internal.core.DeltaProcessor::checkSourceAttachmentChange (167 bytes)
Event: 23362.619 Thread 0x000001358d3e3280 nmethod 9355 0x0000013598748990 code [0x0000013598748ba0, 0x0000013598749320]
Event: 23362.620 Thread 0x000001358d3e3280 9362       4       org.eclipse.core.internal.resources.Resource::isAccessible (5 bytes)
Event: 23362.622 Thread 0x000001358d3e3280 nmethod 9362 0x0000013598749890 code [0x0000013598749a20, 0x0000013598749b40]

GC Heap History (20 events):
Event: 22996.466 GC heap before
{Heap before GC invocations=84 (full 3):
 PSYoungGen      total 11264K, used 11174K [0x00000000d5580000, 0x00000000d6200000, 0x0000000100000000)
  eden space 10752K, 100% used [0x00000000d5580000,0x00000000d6000000,0x00000000d6000000)
  from space 512K, 82% used [0x00000000d6180000,0x00000000d61e9a10,0x00000000d6200000)
  to   space 1024K, 0% used [0x00000000d6000000,0x00000000d6000000,0x00000000d6100000)
 ParOldGen       total 68608K, used 59348K [0x0000000080000000, 0x0000000084300000, 0x00000000d5580000)
  object space 68608K, 86% used [0x0000000080000000,0x00000000839f5058,0x0000000084300000)
 Metaspace       used 63959K, committed 65088K, reserved 1114112K
  class space    used 7860K, committed 8320K, reserved 1048576K
}
Event: 22996.467 GC heap after
{Heap after GC invocations=84 (full 3):
 PSYoungGen      total 11776K, used 1022K [0x00000000d5580000, 0x00000000d6300000, 0x0000000100000000)
  eden space 10752K, 0% used [0x00000000d5580000,0x00000000d5580000,0x00000000d6000000)
  from space 1024K, 99% used [0x00000000d6000000,0x00000000d60ff838,0x00000000d6100000)
  to   space 1536K, 0% used [0x00000000d6180000,0x00000000d6180000,0x00000000d6300000)
 ParOldGen       total 68608K, used 59612K [0x0000000080000000, 0x0000000084300000, 0x00000000d5580000)
  object space 68608K, 86% used [0x0000000080000000,0x0000000083a37298,0x0000000084300000)
 Metaspace       used 63959K, committed 65088K, reserved 1114112K
  class space    used 7860K, committed 8320K, reserved 1048576K
}
Event: 22996.726 GC heap before
{Heap before GC invocations=85 (full 3):
 PSYoungGen      total 11776K, used 11774K [0x00000000d5580000, 0x00000000d6300000, 0x0000000100000000)
  eden space 10752K, 100% used [0x00000000d5580000,0x00000000d6000000,0x00000000d6000000)
  from space 1024K, 99% used [0x00000000d6000000,0x00000000d60ff838,0x00000000d6100000)
  to   space 1536K, 0% used [0x00000000d6180000,0x00000000d6180000,0x00000000d6300000)
 ParOldGen       total 68608K, used 59612K [0x0000000080000000, 0x0000000084300000, 0x00000000d5580000)
  object space 68608K, 86% used [0x0000000080000000,0x0000000083a37298,0x0000000084300000)
 Metaspace       used 63959K, committed 65088K, reserved 1114112K
  class space    used 7860K, committed 8320K, reserved 1048576K
}
Event: 22996.727 GC heap after
{Heap after GC invocations=85 (full 3):
 PSYoungGen      total 11264K, used 309K [0x00000000d5580000, 0x00000000d6200000, 0x0000000100000000)
  eden space 10752K, 0% used [0x00000000d5580000,0x00000000d5580000,0x00000000d6000000)
  from space 512K, 60% used [0x00000000d6180000,0x00000000d61cd4b8,0x00000000d6200000)
  to   space 1024K, 0% used [0x00000000d6000000,0x00000000d6000000,0x00000000d6100000)
 ParOldGen       total 68608K, used 59668K [0x0000000080000000, 0x0000000084300000, 0x00000000d5580000)
  object space 68608K, 86% used [0x0000000080000000,0x0000000083a45298,0x0000000084300000)
 Metaspace       used 63959K, committed 65088K, reserved 1114112K
  class space    used 7860K, committed 8320K, reserved 1048576K
}
Event: 22996.886 GC heap before
{Heap before GC invocations=86 (full 3):
 PSYoungGen      total 11264K, used 11061K [0x00000000d5580000, 0x00000000d6200000, 0x0000000100000000)
  eden space 10752K, 100% used [0x00000000d5580000,0x00000000d6000000,0x00000000d6000000)
  from space 512K, 60% used [0x00000000d6180000,0x00000000d61cd4b8,0x00000000d6200000)
  to   space 1024K, 0% used [0x00000000d6000000,0x00000000d6000000,0x00000000d6100000)
 ParOldGen       total 68608K, used 59668K [0x0000000080000000, 0x0000000084300000, 0x00000000d5580000)
  object space 68608K, 86% used [0x0000000080000000,0x0000000083a45298,0x0000000084300000)
 Metaspace       used 63959K, committed 65088K, reserved 1114112K
  class space    used 7860K, committed 8320K, reserved 1048576K
}
Event: 22996.887 GC heap after
{Heap after GC invocations=86 (full 3):
 PSYoungGen      total 11776K, used 1023K [0x00000000d5580000, 0x00000000d6300000, 0x0000000100000000)
  eden space 10752K, 0% used [0x00000000d5580000,0x00000000d5580000,0x00000000d6000000)
  from space 1024K, 99% used [0x00000000d6000000,0x00000000d60fff48,0x00000000d6100000)
  to   space 1536K, 0% used [0x00000000d6180000,0x00000000d6180000,0x00000000d6300000)
 ParOldGen       total 68608K, used 59908K [0x0000000080000000, 0x0000000084300000, 0x00000000d5580000)
  object space 68608K, 87% used [0x0000000080000000,0x0000000083a810a0,0x0000000084300000)
 Metaspace       used 63959K, committed 65088K, reserved 1114112K
  class space    used 7860K, committed 8320K, reserved 1048576K
}
Event: 22997.073 GC heap before
{Heap before GC invocations=87 (full 3):
 PSYoungGen      total 11776K, used 11775K [0x00000000d5580000, 0x00000000d6300000, 0x0000000100000000)
  eden space 10752K, 100% used [0x00000000d5580000,0x00000000d6000000,0x00000000d6000000)
  from space 1024K, 99% used [0x00000000d6000000,0x00000000d60fff48,0x00000000d6100000)
  to   space 1536K, 0% used [0x00000000d6180000,0x00000000d6180000,0x00000000d6300000)
 ParOldGen       total 68608K, used 59908K [0x0000000080000000, 0x0000000084300000, 0x00000000d5580000)
  object space 68608K, 87% used [0x0000000080000000,0x0000000083a810a0,0x0000000084300000)
 Metaspace       used 63959K, committed 65088K, reserved 1114112K
  class space    used 7860K, committed 8320K, reserved 1048576K
}
Event: 22997.074 GC heap after
{Heap after GC invocations=87 (full 3):
 PSYoungGen      total 11264K, used 192K [0x00000000d5580000, 0x00000000d6200000, 0x0000000100000000)
  eden space 10752K, 0% used [0x00000000d5580000,0x00000000d5580000,0x00000000d6000000)
  from space 512K, 37% used [0x00000000d6180000,0x00000000d61b0000,0x00000000d6200000)
  to   space 1024K, 0% used [0x00000000d6000000,0x00000000d6000000,0x00000000d6100000)
 ParOldGen       total 68608K, used 59956K [0x0000000080000000, 0x0000000084300000, 0x00000000d5580000)
  object space 68608K, 87% used [0x0000000080000000,0x0000000083a8d0a0,0x0000000084300000)
 Metaspace       used 63959K, committed 65088K, reserved 1114112K
  class space    used 7860K, committed 8320K, reserved 1048576K
}
Event: 22997.296 GC heap before
{Heap before GC invocations=88 (full 3):
 PSYoungGen      total 11264K, used 10944K [0x00000000d5580000, 0x00000000d6200000, 0x0000000100000000)
  eden space 10752K, 100% used [0x00000000d5580000,0x00000000d6000000,0x00000000d6000000)
  from space 512K, 37% used [0x00000000d6180000,0x00000000d61b0000,0x00000000d6200000)
  to   space 1024K, 0% used [0x00000000d6000000,0x00000000d6000000,0x00000000d6100000)
 ParOldGen       total 68608K, used 59956K [0x0000000080000000, 0x0000000084300000, 0x00000000d5580000)
  object space 68608K, 87% used [0x0000000080000000,0x0000000083a8d0a0,0x0000000084300000)
 Metaspace       used 63959K, committed 65088K, reserved 1114112K
  class space    used 7860K, committed 8320K, reserved 1048576K
}
Event: 22997.299 GC heap after
{Heap after GC invocations=88 (full 3):
 PSYoungGen      total 11776K, used 812K [0x00000000d5580000, 0x00000000d6200000, 0x0000000100000000)
  eden space 10752K, 0% used [0x00000000d5580000,0x00000000d5580000,0x00000000d6000000)
  from space 1024K, 79% used [0x00000000d6000000,0x00000000d60cb1a0,0x00000000d6100000)
  to   space 1024K, 0% used [0x00000000d6100000,0x00000000d6100000,0x00000000d6200000)
 ParOldGen       total 68608K, used 60020K [0x0000000080000000, 0x0000000084300000, 0x00000000d5580000)
  object space 68608K, 87% used [0x0000000080000000,0x0000000083a9d0b0,0x0000000084300000)
 Metaspace       used 63959K, committed 65088K, reserved 1114112K
  class space    used 7860K, committed 8320K, reserved 1048576K
}
Event: 22997.550 GC heap before
{Heap before GC invocations=89 (full 3):
 PSYoungGen      total 11776K, used 11564K [0x00000000d5580000, 0x00000000d6200000, 0x0000000100000000)
  eden space 10752K, 100% used [0x00000000d5580000,0x00000000d6000000,0x00000000d6000000)
  from space 1024K, 79% used [0x00000000d6000000,0x00000000d60cb1a0,0x00000000d6100000)
  to   space 1024K, 0% used [0x00000000d6100000,0x00000000d6100000,0x00000000d6200000)
 ParOldGen       total 68608K, used 60020K [0x0000000080000000, 0x0000000084300000, 0x00000000d5580000)
  object space 68608K, 87% used [0x0000000080000000,0x0000000083a9d0b0,0x0000000084300000)
 Metaspace       used 63959K, committed 65088K, reserved 1114112K
  class space    used 7860K, committed 8320K, reserved 1048576K
}
Event: 22997.552 GC heap after
{Heap after GC invocations=89 (full 3):
 PSYoungGen      total 11264K, used 160K [0x00000000d5580000, 0x00000000d6180000, 0x0000000100000000)
  eden space 10752K, 0% used [0x00000000d5580000,0x00000000d5580000,0x00000000d6000000)
  from space 512K, 31% used [0x00000000d6100000,0x00000000d6128000,0x00000000d6180000)
  to   space 512K, 0% used [0x00000000d6080000,0x00000000d6080000,0x00000000d6100000)
 ParOldGen       total 68608K, used 60566K [0x0000000080000000, 0x0000000084300000, 0x00000000d5580000)
  object space 68608K, 88% used [0x0000000080000000,0x0000000083b259a8,0x0000000084300000)
 Metaspace       used 63959K, committed 65088K, reserved 1114112K
  class space    used 7860K, committed 8320K, reserved 1048576K
}
Event: 22999.570 GC heap before
{Heap before GC invocations=90 (full 3):
 PSYoungGen      total 11264K, used 10912K [0x00000000d5580000, 0x00000000d6180000, 0x0000000100000000)
  eden space 10752K, 100% used [0x00000000d5580000,0x00000000d6000000,0x00000000d6000000)
  from space 512K, 31% used [0x00000000d6100000,0x00000000d6128000,0x00000000d6180000)
  to   space 512K, 0% used [0x00000000d6080000,0x00000000d6080000,0x00000000d6100000)
 ParOldGen       total 68608K, used 60566K [0x0000000080000000, 0x0000000084300000, 0x00000000d5580000)
  object space 68608K, 88% used [0x0000000080000000,0x0000000083b259a8,0x0000000084300000)
 Metaspace       used 65053K, committed 66176K, reserved 1114112K
  class space    used 8017K, committed 8448K, reserved 1048576K
}
Event: 22999.573 GC heap after
{Heap after GC invocations=90 (full 3):
 PSYoungGen      total 11264K, used 480K [0x00000000d5580000, 0x00000000d6200000, 0x0000000100000000)
  eden space 10752K, 0% used [0x00000000d5580000,0x00000000d5580000,0x00000000d6000000)
  from space 512K, 93% used [0x00000000d6080000,0x00000000d60f8000,0x00000000d6100000)
  to   space 1024K, 0% used [0x00000000d6100000,0x00000000d6100000,0x00000000d6200000)
 ParOldGen       total 68608K, used 60630K [0x0000000080000000, 0x0000000084300000, 0x00000000d5580000)
  object space 68608K, 88% used [0x0000000080000000,0x0000000083b359b8,0x0000000084300000)
 Metaspace       used 65053K, committed 66176K, reserved 1114112K
  class space    used 8017K, committed 8448K, reserved 1048576K
}
Event: 23000.105 GC heap before
{Heap before GC invocations=91 (full 3):
 PSYoungGen      total 11264K, used 11232K [0x00000000d5580000, 0x00000000d6200000, 0x0000000100000000)
  eden space 10752K, 100% used [0x00000000d5580000,0x00000000d6000000,0x00000000d6000000)
  from space 512K, 93% used [0x00000000d6080000,0x00000000d60f8000,0x00000000d6100000)
  to   space 1024K, 0% used [0x00000000d6100000,0x00000000d6100000,0x00000000d6200000)
 ParOldGen       total 68608K, used 60630K [0x0000000080000000, 0x0000000084300000, 0x00000000d5580000)
  object space 68608K, 88% used [0x0000000080000000,0x0000000083b359b8,0x0000000084300000)
 Metaspace       used 66018K, committed 67264K, reserved 1114112K
  class space    used 8196K, committed 8704K, reserved 1048576K
}
Event: 23000.108 GC heap after
{Heap after GC invocations=91 (full 3):
 PSYoungGen      total 11264K, used 480K [0x00000000d5580000, 0x00000000d6180000, 0x0000000100000000)
  eden space 10752K, 0% used [0x00000000d5580000,0x00000000d5580000,0x00000000d6000000)
  from space 512K, 93% used [0x00000000d6100000,0x00000000d6178000,0x00000000d6180000)
  to   space 512K, 0% used [0x00000000d6080000,0x00000000d6080000,0x00000000d6100000)
 ParOldGen       total 68608K, used 61013K [0x0000000080000000, 0x0000000084300000, 0x00000000d5580000)
  object space 68608K, 88% used [0x0000000080000000,0x0000000083b956c8,0x0000000084300000)
 Metaspace       used 66018K, committed 67264K, reserved 1114112K
  class space    used 8196K, committed 8704K, reserved 1048576K
}
Event: 23014.005 GC heap before
{Heap before GC invocations=92 (full 3):
 PSYoungGen      total 11264K, used 11232K [0x00000000d5580000, 0x00000000d6180000, 0x0000000100000000)
  eden space 10752K, 100% used [0x00000000d5580000,0x00000000d6000000,0x00000000d6000000)
  from space 512K, 93% used [0x00000000d6100000,0x00000000d6178000,0x00000000d6180000)
  to   space 512K, 0% used [0x00000000d6080000,0x00000000d6080000,0x00000000d6100000)
 ParOldGen       total 68608K, used 61013K [0x0000000080000000, 0x0000000084300000, 0x00000000d5580000)
  object space 68608K, 88% used [0x0000000080000000,0x0000000083b956c8,0x0000000084300000)
 Metaspace       used 67044K, committed 68288K, reserved 1114112K
  class space    used 8346K, committed 8832K, reserved 1048576K
}
Event: 23014.022 GC heap after
{Heap after GC invocations=92 (full 3):
 PSYoungGen      total 11264K, used 512K [0x00000000d5580000, 0x00000000d6700000, 0x0000000100000000)
  eden space 10752K, 0% used [0x00000000d5580000,0x00000000d5580000,0x00000000d6000000)
  from space 512K, 100% used [0x00000000d6080000,0x00000000d6100000,0x00000000d6100000)
  to   space 3584K, 0% used [0x00000000d6380000,0x00000000d6380000,0x00000000d6700000)
 ParOldGen       total 68608K, used 63205K [0x0000000080000000, 0x0000000084300000, 0x00000000d5580000)
  object space 68608K, 92% used [0x0000000080000000,0x0000000083db96c8,0x0000000084300000)
 Metaspace       used 67044K, committed 68288K, reserved 1114112K
  class space    used 8346K, committed 8832K, reserved 1048576K
}
Event: 23014.572 GC heap before
{Heap before GC invocations=93 (full 3):
 PSYoungGen      total 11264K, used 11264K [0x00000000d5580000, 0x00000000d6700000, 0x0000000100000000)
  eden space 10752K, 100% used [0x00000000d5580000,0x00000000d6000000,0x00000000d6000000)
  from space 512K, 100% used [0x00000000d6080000,0x00000000d6100000,0x00000000d6100000)
  to   space 3584K, 0% used [0x00000000d6380000,0x00000000d6380000,0x00000000d6700000)
 ParOldGen       total 68608K, used 63205K [0x0000000080000000, 0x0000000084300000, 0x00000000d5580000)
  object space 68608K, 92% used [0x0000000080000000,0x0000000083db96c8,0x0000000084300000)
 Metaspace       used 67049K, committed 68288K, reserved 1114112K
  class space    used 8346K, committed 8832K, reserved 1048576K
}
Event: 23014.580 GC heap after
{Heap after GC invocations=93 (full 3):
 PSYoungGen      total 12288K, used 3580K [0x00000000d5580000, 0x00000000d6b00000, 0x0000000100000000)
  eden space 8704K, 0% used [0x00000000d5580000,0x00000000d5580000,0x00000000d5e00000)
  from space 3584K, 99% used [0x00000000d6380000,0x00000000d66ff210,0x00000000d6700000)
  to   space 5632K, 0% used [0x00000000d5e00000,0x00000000d5e00000,0x00000000d6380000)
 ParOldGen       total 68608K, used 64589K [0x0000000080000000, 0x0000000084300000, 0x00000000d5580000)
  object space 68608K, 94% used [0x0000000080000000,0x0000000083f136e8,0x0000000084300000)
 Metaspace       used 67049K, committed 68288K, reserved 1114112K
  class space    used 8346K, committed 8832K, reserved 1048576K
}

Dll operation events (15 events):
Event: 0.026 Loaded shared library c:\Users\ZhuanZ2\.antigravity\extensions\redhat.java-1.52.0-win32-x64\jre\21.0.9-win32-x86_64\bin\java.dll
Event: 0.128 Loaded shared library c:\Users\ZhuanZ2\.antigravity\extensions\redhat.java-1.52.0-win32-x64\jre\21.0.9-win32-x86_64\bin\zip.dll
Event: 0.469 Loaded shared library C:\Users\ZhuanZ2\.antigravity\extensions\redhat.java-1.52.0-win32-x64\jre\21.0.9-win32-x86_64\bin\instrument.dll
Event: 0.483 Loaded shared library C:\Users\ZhuanZ2\.antigravity\extensions\redhat.java-1.52.0-win32-x64\jre\21.0.9-win32-x86_64\bin\net.dll
Event: 0.492 Loaded shared library C:\Users\ZhuanZ2\.antigravity\extensions\redhat.java-1.52.0-win32-x64\jre\21.0.9-win32-x86_64\bin\nio.dll
Event: 0.517 Loaded shared library C:\Users\ZhuanZ2\.antigravity\extensions\redhat.java-1.52.0-win32-x64\jre\21.0.9-win32-x86_64\bin\zip.dll
Event: 0.610 Loaded shared library C:\Users\ZhuanZ2\.antigravity\extensions\redhat.java-1.52.0-win32-x64\jre\21.0.9-win32-x86_64\bin\jimage.dll
Event: 0.885 Loaded shared library c:\Users\ZhuanZ2\.antigravity\extensions\redhat.java-1.52.0-win32-x64\jre\21.0.9-win32-x86_64\bin\verify.dll
Event: 42.856 Loaded shared library C:\Users\ZhuanZ2\AppData\Roaming\Antigravity\User\globalStorage\redhat.java\1.52.0\config_win\org.eclipse.equinox.launcher\org.eclipse.equinox.launcher.win32.win32.x86_64_1.2.1500.v20260121-1430\eclipse_11919.dll
Event: 79.083 Loaded shared library C:\Users\ZhuanZ2\AppData\Local\Temp\jna-1359434604\jna7509288858804464242.dll
Event: 91.939 Loaded shared library C:\Users\ZhuanZ2\.gradle\native\1def1411415f61bf3af743bc5b6707747c0891f09f0c88961ee8f79bc544acac\windows-amd64\native-platform.dll
Event: 95.731 Loaded shared library C:\Users\ZhuanZ2\.antigravity\extensions\redhat.java-1.52.0-win32-x64\jre\21.0.9-win32-x86_64\bin\management.dll
Event: 95.753 Loaded shared library C:\Users\ZhuanZ2\.antigravity\extensions\redhat.java-1.52.0-win32-x64\jre\21.0.9-win32-x86_64\bin\management_ext.dll
Event: 22999.322 Loaded shared library C:\Users\ZhuanZ2\.antigravity\extensions\redhat.java-1.52.0-win32-x64\jre\21.0.9-win32-x86_64\bin\extnet.dll
Event: 23001.201 Loaded shared library C:\Users\ZhuanZ2\.antigravity\extensions\redhat.java-1.52.0-win32-x64\jre\21.0.9-win32-x86_64\bin\sunmscapi.dll

Deoptimization events (20 events):
Event: 23361.315 Thread 0x00000135ed48e130 Uncommon trap: trap_request=0xffffffde fr.pc=0x0000013598624ef4 relative=0x0000000000000374
Event: 23361.318 Thread 0x00000135ed48e130 Uncommon trap: reason=class_check action=maybe_recompile pc=0x0000013598624ef4 method=org.eclipse.core.internal.resources.AliasManager$LocationMap.matchingResourcesDo(Lorg/eclipse/core/filesystem/IFileStore;Ljava/util/function/Consumer;)V @ 81 c2
Event: 23361.319 Thread 0x00000135ed48e130 DEOPT PACKING pc=0x0000013598624ef4 sp=0x00000018e65feaa0
Event: 23361.323 Thread 0x00000135ed48e130 DEOPT UNPACKING pc=0x0000013597be3aa2 sp=0x00000018e65fea30 mode 2
Event: 23361.607 Thread 0x00000135ed48e130 Uncommon trap: trap_request=0xffffff3d fr.pc=0x000001359846d730 relative=0x00000000000002d0
Event: 23361.609 Thread 0x00000135ed48e130 Uncommon trap: reason=unstable_fused_if action=reinterpret pc=0x000001359846d730 method=java.lang.CharacterDataLatin1.equalsIgnoreCase(BB)Z @ 16 c2
Event: 23361.611 Thread 0x00000135ed48e130 DEOPT PACKING pc=0x000001359846d730 sp=0x00000018e65fe8b0
Event: 23361.613 Thread 0x00000135ed48e130 DEOPT UNPACKING pc=0x0000013597be3aa2 sp=0x00000018e65fe708 mode 2
Event: 23362.045 Thread 0x00000135ed48e130 Uncommon trap: trap_request=0xffffffc6 fr.pc=0x0000013598671a10 relative=0x0000000000000e90
Event: 23362.045 Thread 0x00000135ed48e130 Uncommon trap: reason=bimorphic_or_optimized_type_check action=maybe_recompile pc=0x0000013598671a10 method=org.eclipse.jdt.ls.core.internal.handlers.WorkspaceDiagnosticsHandler.visit(Lorg/eclipse/core/resources/IResourceDelta;)Z @ 59 c2
Event: 23362.045 Thread 0x00000135ed48e130 DEOPT PACKING pc=0x0000013598671a10 sp=0x00000018e65fe980
Event: 23362.046 Thread 0x00000135ed48e130 DEOPT UNPACKING pc=0x0000013597be3aa2 sp=0x00000018e65fe938 mode 2
Event: 23362.046 Thread 0x00000135ed48e130 Uncommon trap: trap_request=0xffffffc6 fr.pc=0x0000013598671a10 relative=0x0000000000000e90
Event: 23362.046 Thread 0x00000135ed48e130 Uncommon trap: reason=bimorphic_or_optimized_type_check action=maybe_recompile pc=0x0000013598671a10 method=org.eclipse.jdt.ls.core.internal.handlers.WorkspaceDiagnosticsHandler.visit(Lorg/eclipse/core/resources/IResourceDelta;)Z @ 59 c2
Event: 23362.046 Thread 0x00000135ed48e130 DEOPT PACKING pc=0x0000013598671a10 sp=0x00000018e65fe980
Event: 23362.047 Thread 0x00000135ed48e130 DEOPT UNPACKING pc=0x0000013597be3aa2 sp=0x00000018e65fe938 mode 2
Event: 23362.483 Thread 0x00000135edf00cb0 Uncommon trap: trap_request=0xffffff45 fr.pc=0x00000135987375d4 relative=0x0000000000000cf4
Event: 23362.484 Thread 0x00000135edf00cb0 Uncommon trap: reason=unstable_if action=reinterpret pc=0x00000135987375d4 method=org.eclipse.core.internal.events.ResourceDelta.getProjectRelativePath()Lorg/eclipse/core/runtime/IPath; @ 20 c2
Event: 23362.484 Thread 0x00000135edf00cb0 DEOPT PACKING pc=0x00000135987375d4 sp=0x00000018e50fecf0
Event: 23362.484 Thread 0x00000135edf00cb0 DEOPT UNPACKING pc=0x0000013597be3aa2 sp=0x00000018e50fec58 mode 2

Classes loaded (20 events):
Event: 23001.444 Loading class java/io/ObjectStreamClass$MemberSignature
Event: 23001.444 Loading class java/io/ObjectStreamClass$MemberSignature done
Event: 23001.444 Loading class java/io/ObjectStreamClass$3
Event: 23001.445 Loading class java/io/ObjectStreamClass$3 done
Event: 23001.445 Loading class java/io/ObjectStreamClass$4
Event: 23001.445 Loading class java/io/ObjectStreamClass$4 done
Event: 23001.446 Loading class java/io/ObjectStreamClass$5
Event: 23001.446 Loading class java/io/ObjectStreamClass$5 done
Event: 23001.491 Loading class java/nio/channels/spi/AbstractSelector$1
Event: 23001.492 Loading class java/nio/channels/spi/AbstractSelector$1 done
Event: 23003.063 Loading class java/util/concurrent/Executors$AutoShutdownDelegatedExecutorService
Event: 23003.064 Loading class java/util/concurrent/Executors$AutoShutdownDelegatedExecutorService done
Event: 23013.111 Loading class java/lang/UnsupportedClassVersionError
Event: 23013.112 Loading class java/lang/UnsupportedClassVersionError done
Event: 23013.131 Loading class java/lang/Throwable$PrintStreamOrWriter
Event: 23013.131 Loading class java/lang/Throwable$PrintStreamOrWriter done
Event: 23013.212 Loading class java/util/concurrent/ConcurrentLinkedQueue$Itr
Event: 23013.214 Loading class java/util/concurrent/ConcurrentLinkedQueue$Itr done
Event: 23013.738 Loading class java/lang/Throwable$WrappedPrintWriter
Event: 23013.744 Loading class java/lang/Throwable$WrappedPrintWriter done

Classes unloaded (20 events):
Event: 22986.071 Thread 0x000001358d3b2610 Unloading class 0x00000135a500d800 'java/lang/invoke/LambdaForm$MH+0x00000135a500d800'
Event: 22986.071 Thread 0x000001358d3b2610 Unloading class 0x00000135a500d400 'java/lang/invoke/LambdaForm$MH+0x00000135a500d400'
Event: 22986.071 Thread 0x000001358d3b2610 Unloading class 0x00000135a500d000 'java/lang/invoke/LambdaForm$MH+0x00000135a500d000'
Event: 22986.071 Thread 0x000001358d3b2610 Unloading class 0x00000135a500cc00 'java/lang/invoke/LambdaForm$MH+0x00000135a500cc00'
Event: 22986.071 Thread 0x000001358d3b2610 Unloading class 0x00000135a500c800 'java/lang/invoke/LambdaForm$BMH+0x00000135a500c800'
Event: 22986.071 Thread 0x000001358d3b2610 Unloading class 0x00000135a500c000 'java/lang/invoke/LambdaForm$DMH+0x00000135a500c000'
Event: 22986.071 Thread 0x000001358d3b2610 Unloading class 0x00000135a5008c00 'java/lang/invoke/LambdaForm$MH+0x00000135a5008c00'
Event: 22986.071 Thread 0x000001358d3b2610 Unloading class 0x00000135a5008800 'java/lang/invoke/LambdaForm$MH+0x00000135a5008800'
Event: 22986.071 Thread 0x000001358d3b2610 Unloading class 0x00000135a5008400 'java/lang/invoke/LambdaForm$MH+0x00000135a5008400'
Event: 22986.071 Thread 0x000001358d3b2610 Unloading class 0x00000135a5007000 'java/lang/invoke/LambdaForm$MH+0x00000135a5007000'
Event: 22986.071 Thread 0x000001358d3b2610 Unloading class 0x00000135a5006c00 'java/lang/invoke/LambdaForm$MH+0x00000135a5006c00'
Event: 22986.071 Thread 0x000001358d3b2610 Unloading class 0x00000135a5006800 'java/lang/invoke/LambdaForm$MH+0x00000135a5006800'
Event: 22986.071 Thread 0x000001358d3b2610 Unloading class 0x00000135a5006400 'java/lang/invoke/LambdaForm$MH+0x00000135a5006400'
Event: 22986.071 Thread 0x000001358d3b2610 Unloading class 0x00000135a5005c00 'java/lang/invoke/LambdaForm$BMH+0x00000135a5005c00'
Event: 22986.071 Thread 0x000001358d3b2610 Unloading class 0x00000135a5004800 'java/lang/invoke/LambdaForm$DMH+0x00000135a5004800'
Event: 22986.071 Thread 0x000001358d3b2610 Unloading class 0x00000135a5002800 'java/lang/invoke/LambdaForm$MH+0x00000135a5002800'
Event: 22986.072 Thread 0x000001358d3b2610 Unloading class 0x00000135a5002400 'java/lang/invoke/LambdaForm$MH+0x00000135a5002400'
Event: 22986.072 Thread 0x000001358d3b2610 Unloading class 0x00000135a5002000 'java/lang/invoke/LambdaForm$MH+0x00000135a5002000'
Event: 22986.072 Thread 0x000001358d3b2610 Unloading class 0x00000135a5001800 'java/lang/invoke/LambdaForm$MH+0x00000135a5001800'
Event: 22986.072 Thread 0x000001358d3b2610 Unloading class 0x00000135a5000400 'java/lang/invoke/LambdaForm$MH+0x00000135a5000400'

Classes redefined (0 events):
No events

Internal exceptions (20 events):
Event: 22999.789 Thread 0x00000135edf03410 Exception <a 'java/lang/NoSuchMethodError'{0x00000000d596ff38}: 'java.lang.Object java.lang.invoke.DirectMethodHandle$Holder.newInvokeSpecial(java.lang.Object, java.lang.Object, java.lang.Object, java.lang.Object, java.lang.Object, java.lang.Object, java.lang.Object, java.lang.Object, java.lang.Object, java.lang.Object, java.lang.Object, java.lang.Object, java.lang.Object, java.lang.Object, java.lang.Object, java.lang.Object, java.lang.Object, java.lang.Object, java.lang.Object, java.lang.Object, java.lang
Event: 22999.789 Thread 0x00000135edf03410 Exception <a 'java/lang/NoSuchMethodError'{0x00000000d59760f0}: 'java.lang.Object java.lang.invoke.Invokers$Holder.linkToTargetMethod(java.lang.Object, java.lang.Object, java.lang.Object, java.lang.Object, java.lang.Object, java.lang.Object, java.lang.Object, java.lang.Object, java.lang.Object, java.lang.Object, java.lang.Object, java.lang.Object, java.lang.Object, java.lang.Object, java.lang.Object, java.lang.Object, java.lang.Object, java.lang.Object, java.lang.Object, java.lang.Object, java.lang.Object,
Event: 22999.790 Thread 0x00000135edf03410 Exception <a 'java/lang/NoSuchMethodError'{0x00000000d597b2b8}: 'java.lang.Object java.lang.invoke.DirectMethodHandle$Holder.invokeVirtual(java.lang.Object, java.lang.Object, java.lang.Object, java.lang.Object, java.lang.Object, java.lang.Object, java.lang.Object, java.lang.Object, java.lang.Object, java.lang.Object)'> (0x00000000d597b2b8) 
thrown [s\src\hotspot\share\interpreter\linkResolver.cpp, line 773]
Event: 22999.890 Thread 0x00000135edf03410 Exception <a 'java/lang/NoSuchMethodError'{0x00000000d5b19288}: 'java.lang.Object java.lang.invoke.DirectMethodHandle$Holder.invokeVirtual(java.lang.Object, java.lang.Object, java.lang.Object, java.lang.Object, java.lang.Object, java.lang.Object, java.lang.Object, java.lang.Object, java.lang.Object)'> (0x00000000d5b19288) 
thrown [s\src\hotspot\share\interpreter\linkResolver.cpp, line 773]
Event: 22999.995 Thread 0x00000135edf03410 Exception <a 'java/lang/NoSuchMethodError'{0x00000000d5d5bd18}: 'java.lang.Object java.lang.invoke.DirectMethodHandle$Holder.invokeVirtual(java.lang.Object, java.lang.Object, java.lang.Object, java.lang.Object, java.lang.Object, java.lang.Object, java.lang.Object, java.lang.Object)'> (0x00000000d5d5bd18) 
thrown [s\src\hotspot\share\interpreter\linkResolver.cpp, line 773]
Event: 23000.018 Thread 0x00000135edf03410 Exception <a 'java/lang/NoSuchMethodError'{0x00000000d5dd42b8}: 'long java.lang.invoke.DirectMethodHandle$Holder.invokeVirtual(java.lang.Object, java.lang.Object)'> (0x00000000d5dd42b8) 
thrown [s\src\hotspot\share\interpreter\linkResolver.cpp, line 773]
Event: 23000.019 Thread 0x00000135edf03410 Exception <a 'java/lang/NoSuchMethodError'{0x00000000d5dd76b8}: 'long java.lang.invoke.DelegatingMethodHandle$Holder.reinvoke_L(java.lang.Object, java.lang.Object)'> (0x00000000d5dd76b8) 
thrown [s\src\hotspot\share\interpreter\linkResolver.cpp, line 773]
Event: 23001.445 Thread 0x00000135edf03410 Exception <a 'java/lang/NoSuchMethodError'{0x00000000d5a72018}: static Lorg/gradle/tooling/internal/provider/serialization/ClassLoaderDetails;.<clinit>()V> (0x00000000d5a72018) 
thrown [s\src\hotspot\share\prims\jni.cpp, line 1111]
Event: 23001.452 Thread 0x00000135edf03410 Exception <a 'java/lang/NoSuchMethodError'{0x00000000d5aa7978}: static Lorg/gradle/tooling/internal/provider/serialization/WellKnownClassLoaderRegistry$KnownClassLoaderSpec;.<clinit>()V> (0x00000000d5aa7978) 
thrown [s\src\hotspot\share\prims\jni.cpp, line 1111]
Event: 23001.453 Thread 0x00000135edf03410 Exception <a 'java/lang/NoSuchMethodError'{0x00000000d5aa9220}: static Lorg/gradle/internal/classloader/ClassLoaderSpec;.<clinit>()V> (0x00000000d5aa9220) 
thrown [s\src\hotspot\share\prims\jni.cpp, line 1111]
Event: 23001.466 Thread 0x00000135edf03410 Exception <a 'java/lang/NoSuchMethodError'{0x00000000d5ac6260}: static Lorg/gradle/tooling/internal/provider/serialization/ClientOwnedClassLoaderSpec;.<clinit>()V> (0x00000000d5ac6260) 
thrown [s\src\hotspot\share\prims\jni.cpp, line 1111]
Event: 23001.470 Thread 0x00000135edf03410 Implicit null exception at 0x000001359829b33d to 0x000001359829b3b8
Event: 23001.482 Thread 0x00000135edf03410 Exception <a 'java/lang/NoSuchMethodError'{0x00000000d5b0e760}: static [Ljava/lang/Object;.<clinit>()V> (0x00000000d5b0e760) 
thrown [s\src\hotspot\share\prims\jni.cpp, line 1111]
Event: 23011.866 Thread 0x00000135ed48e130 Implicit null exception at 0x00000135986e9044 to 0x00000135986ea078
Event: 23011.897 Thread 0x00000135ed48e130 Implicit null exception at 0x00000135986c740d to 0x00000135986c7758
Event: 23013.143 Thread 0x00000135edf03410 Exception <a 'java/lang/NoSuchMethodError'{0x00000000d5c5a328}: static Lorg/gradle/api/GradleException;.<clinit>()V> (0x00000000d5c5a328) 
thrown [s\src\hotspot\share\prims\jni.cpp, line 1111]
Event: 23013.148 Thread 0x00000135edf03410 Exception <a 'java/lang/NoSuchMethodError'{0x00000000d5c7da00}: static Lorg/gradle/internal/exceptions/ContextAwareException;.<clinit>()V> (0x00000000d5c7da00) 
thrown [s\src\hotspot\share\prims\jni.cpp, line 1111]
Event: 23013.153 Thread 0x00000135edf03410 Exception <a 'java/lang/NoSuchMethodError'{0x00000000d5c96e60}: static Lorg/gradle/internal/exceptions/LocationAwareException;.<clinit>()V> (0x00000000d5c96e60) 
thrown [s\src\hotspot\share\prims\jni.cpp, line 1111]
Event: 23317.313 Thread 0x00000135edf00cb0 Exception <a 'sun/nio/fs/WindowsException'{0x00000000d5752948}> (0x00000000d5752948) 
thrown [s\src\hotspot\share\prims\jni.cpp, line 520]
Event: 23317.347 Thread 0x00000135edf00cb0 Exception <a 'sun/nio/fs/WindowsException'{0x00000000d57532e8}> (0x00000000d57532e8) 
thrown [s\src\hotspot\share\prims\jni.cpp, line 520]

ZGC Phase Switch (0 events):
No events

VM Operations (20 events):
Event: 23199.514 Executing VM operation: HandshakeAllThreads (HandshakeForDeflation)
Event: 23199.527 Executing VM operation: HandshakeAllThreads (HandshakeForDeflation) done
Event: 23199.527 Executing VM operation: RendezvousGCThreads
Event: 23199.528 Executing VM operation: RendezvousGCThreads done
Event: 23259.810 Executing VM operation: HandshakeAllThreads (HandshakeForDeflation)
Event: 23259.820 Executing VM operation: HandshakeAllThreads (HandshakeForDeflation) done
Event: 23259.823 Executing VM operation: RendezvousGCThreads
Event: 23259.824 Executing VM operation: RendezvousGCThreads done
Event: 23313.893 Executing VM operation: Cleanup
Event: 23313.921 Executing VM operation: Cleanup done
Event: 23318.924 Executing VM operation: Cleanup
Event: 23318.927 Executing VM operation: Cleanup done
Event: 23319.931 Executing VM operation: HandshakeAllThreads (HandshakeForDeflation)
Event: 23319.931 Executing VM operation: HandshakeAllThreads (HandshakeForDeflation) done
Event: 23319.931 Executing VM operation: RendezvousGCThreads
Event: 23319.931 Executing VM operation: RendezvousGCThreads done
Event: 23362.005 Executing VM operation: Cleanup
Event: 23362.013 Executing VM operation: Cleanup done
Event: 23364.013 Executing VM operation: Cleanup
Event: 23364.015 Executing VM operation: Cleanup done

Memory protections (0 events):
No events

Nmethod flushes (20 events):
Event: 22986.917 Thread 0x000001358d3b2610 flushing  nmethod 0x0000013590fafb90
Event: 22986.917 Thread 0x000001358d3b2610 flushing  nmethod 0x0000013590fb0110
Event: 22986.917 Thread 0x000001358d3b2610 flushing  nmethod 0x0000013590fb0690
Event: 22986.917 Thread 0x000001358d3b2610 flushing  nmethod 0x0000013590fb0a10
Event: 22986.917 Thread 0x000001358d3b2610 flushing  nmethod 0x0000013590fb1910
Event: 22986.918 Thread 0x000001358d3b2610 flushing  nmethod 0x0000013590fb1f10
Event: 22986.918 Thread 0x000001358d3b2610 flushing  nmethod 0x0000013590fb2790
Event: 22986.918 Thread 0x000001358d3b2610 flushing  nmethod 0x0000013590fb2c90
Event: 22986.918 Thread 0x000001358d3b2610 flushing  nmethod 0x0000013590fb4190
Event: 22986.918 Thread 0x000001358d3b2610 flushing  nmethod 0x0000013590fb4e90
Event: 22986.918 Thread 0x000001358d3b2610 flushing  nmethod 0x0000013590fb8e10
Event: 22986.918 Thread 0x000001358d3b2610 flushing  nmethod 0x0000013590fbc290
Event: 22986.918 Thread 0x000001358d3b2610 flushing  nmethod 0x0000013590fbe610
Event: 22986.918 Thread 0x000001358d3b2610 flushing  nmethod 0x0000013590fc2990
Event: 22986.918 Thread 0x000001358d3b2610 flushing  nmethod 0x0000013590fc2f90
Event: 22986.918 Thread 0x000001358d3b2610 flushing  nmethod 0x0000013590fc6910
Event: 22986.918 Thread 0x000001358d3b2610 flushing  nmethod 0x0000013590fcd590
Event: 22986.918 Thread 0x000001358d3b2610 flushing  nmethod 0x0000013590fcda90
Event: 22986.918 Thread 0x000001358d3b2610 flushing  nmethod 0x0000013590fce010
Event: 22986.918 Thread 0x000001358d3b2610 flushing  nmethod 0x0000013590fe6f10

Events (20 events):
Event: 2027.581 Thread 0x00000135edf00cb0 Thread added: 0x00000135edf02d80
Event: 2087.719 Thread 0x00000135edf00cb0 Thread exited: 0x00000135edf00cb0
Event: 2147.729 Thread 0x00000135edf02d80 Thread exited: 0x00000135edf02d80
Event: 22983.973 Thread 0x00000135eb91a010 Thread added: 0x00000135edf02d80
Event: 22984.136 Thread 0x00000135eb91a010 Thread added: 0x00000135edf03410
Event: 22985.123 Thread 0x00000135eb91ba50 Thread added: 0x00000135edf00cb0
Event: 22990.575 Thread 0x000001358d3e3280 Thread added: 0x00000135ec564800
Event: 22991.856 Thread 0x00000135edf00cb0 Thread added: 0x00000135edf03aa0
Event: 22991.861 Thread 0x00000135edf03aa0 Thread exited: 0x00000135edf03aa0
Event: 22991.879 Thread 0x00000135edf00cb0 Thread added: 0x00000135edf03aa0
Event: 22991.881 Thread 0x00000135edf03aa0 Thread exited: 0x00000135edf03aa0
Event: 22994.526 Thread 0x00000135ec564800 Thread exited: 0x00000135ec564800
Event: 23000.065 Thread 0x00000135edf03410 Thread added: 0x00000135edf03aa0
Event: 23013.209 Thread 0x00000135edf03aa0 Thread exited: 0x00000135edf03aa0
Event: 23013.348 Thread 0x00000135edf03410 Thread exited: 0x00000135edf03410
Event: 23074.351 Thread 0x00000135eb91ba50 Thread exited: 0x00000135eb91ba50
Event: 23316.374 Thread 0x00000135edf00cb0 Thread added: 0x00000135edf00620
Event: 23316.929 Thread 0x00000135edf00620 Thread exited: 0x00000135edf00620
Event: 23317.527 Thread 0x00000135edf00cb0 Thread added: 0x00000135edf00620
Event: 23317.698 Thread 0x00000135edf00620 Thread exited: 0x00000135edf00620


Dynamic libraries:
0x00007ff68d990000 - 0x00007ff68d99e000 	c:\Users\ZhuanZ2\.antigravity\extensions\redhat.java-1.52.0-win32-x64\jre\21.0.9-win32-x86_64\bin\java.exe
0x00007ff98fee0000 - 0x00007ff990147000 	C:\WINDOWS\SYSTEM32\ntdll.dll
0x00007ff98dcb0000 - 0x00007ff98dd79000 	C:\WINDOWS\System32\KERNEL32.DLL
0x00007ff98d190000 - 0x00007ff98d57f000 	C:\WINDOWS\System32\KERNELBASE.dll
0x00007ff98db30000 - 0x00007ff98dc7b000 	C:\WINDOWS\System32\ucrtbase.dll
0x00007ff97de60000 - 0x00007ff97de78000 	c:\Users\ZhuanZ2\.antigravity\extensions\redhat.java-1.52.0-win32-x64\jre\21.0.9-win32-x86_64\bin\jli.dll
0x00007ff98e5e0000 - 0x00007ff98e7a5000 	C:\WINDOWS\System32\USER32.dll
0x00007ff98d030000 - 0x00007ff98d057000 	C:\WINDOWS\System32\win32u.dll
0x00007ff98dc80000 - 0x00007ff98dcab000 	C:\WINDOWS\System32\GDI32.dll
0x00007ff98d060000 - 0x00007ff98d18c000 	C:\WINDOWS\System32\gdi32full.dll
0x00007ff98da80000 - 0x00007ff98db23000 	C:\WINDOWS\System32\msvcp_win.dll
0x00007ff97e290000 - 0x00007ff97e2ae000 	c:\Users\ZhuanZ2\.antigravity\extensions\redhat.java-1.52.0-win32-x64\jre\21.0.9-win32-x86_64\bin\VCRUNTIME140.dll
0x00007ff97bf30000 - 0x00007ff97c1c3000 	C:\WINDOWS\WinSxS\amd64_microsoft.windows.common-controls_6595b64144ccf1df_6.0.26100.7309_none_3e05feeae336a044\COMCTL32.dll
0x00007ff98e9a0000 - 0x00007ff98ea49000 	C:\WINDOWS\System32\msvcrt.dll
0x00007ff98f530000 - 0x00007ff98f561000 	C:\WINDOWS\System32\IMM32.DLL
0x00007ff987c90000 - 0x00007ff987c9c000 	c:\Users\ZhuanZ2\.antigravity\extensions\redhat.java-1.52.0-win32-x64\jre\21.0.9-win32-x86_64\bin\vcruntime140_1.dll
0x00007ff96c950000 - 0x00007ff96c9dd000 	c:\Users\ZhuanZ2\.antigravity\extensions\redhat.java-1.52.0-win32-x64\jre\21.0.9-win32-x86_64\bin\msvcp140.dll
0x00007ff8e5ae0000 - 0x00007ff8e6880000 	c:\Users\ZhuanZ2\.antigravity\extensions\redhat.java-1.52.0-win32-x64\jre\21.0.9-win32-x86_64\bin\server\jvm.dll
0x00007ff98ea50000 - 0x00007ff98eb04000 	C:\WINDOWS\System32\ADVAPI32.dll
0x00007ff98f410000 - 0x00007ff98f4b6000 	C:\WINDOWS\System32\sechost.dll
0x00007ff98de70000 - 0x00007ff98df88000 	C:\WINDOWS\System32\RPCRT4.dll
0x00007ff98f880000 - 0x00007ff98f8f4000 	C:\WINDOWS\System32\WS2_32.dll
0x00007ff98ceb0000 - 0x00007ff98cf0e000 	C:\WINDOWS\SYSTEM32\POWRPROF.dll
0x00007ff984200000 - 0x00007ff984235000 	C:\WINDOWS\SYSTEM32\WINMM.dll
0x00007ff986910000 - 0x00007ff98691b000 	C:\WINDOWS\SYSTEM32\VERSION.dll
0x00007ff98ce70000 - 0x00007ff98ce84000 	C:\WINDOWS\SYSTEM32\UMPDC.dll
0x00007ff98bde0000 - 0x00007ff98bdfb000 	C:\WINDOWS\SYSTEM32\kernel.appcore.dll
0x00007ff985ad0000 - 0x00007ff985ada000 	c:\Users\ZhuanZ2\.antigravity\extensions\redhat.java-1.52.0-win32-x64\jre\21.0.9-win32-x86_64\bin\jimage.dll
0x00007ff98a940000 - 0x00007ff98ab82000 	C:\WINDOWS\SYSTEM32\DBGHELP.DLL
0x00007ff98df90000 - 0x00007ff98e316000 	C:\WINDOWS\System32\combase.dll
0x00007ff98eb10000 - 0x00007ff98ebe6000 	C:\WINDOWS\System32\OLEAUT32.dll
0x00007ff97ae90000 - 0x00007ff97aecc000 	C:\WINDOWS\SYSTEM32\dbgcore.DLL
0x00007ff98d7c0000 - 0x00007ff98d865000 	C:\WINDOWS\System32\bcryptPrimitives.dll
0x00007ff972030000 - 0x00007ff97203f000 	c:\Users\ZhuanZ2\.antigravity\extensions\redhat.java-1.52.0-win32-x64\jre\21.0.9-win32-x86_64\bin\instrument.dll
0x00007ff97de40000 - 0x00007ff97de60000 	c:\Users\ZhuanZ2\.antigravity\extensions\redhat.java-1.52.0-win32-x64\jre\21.0.9-win32-x86_64\bin\java.dll
0x00007ff98ecb0000 - 0x00007ff98f403000 	C:\WINDOWS\System32\SHELL32.dll
0x00007ff98d650000 - 0x00007ff98d7ba000 	C:\WINDOWS\System32\wintypes.dll
0x00007ff98ac70000 - 0x00007ff98b4ce000 	C:\WINDOWS\SYSTEM32\windows.storage.dll
0x00007ff98e320000 - 0x00007ff98e415000 	C:\WINDOWS\System32\SHCORE.dll
0x00007ff98dd80000 - 0x00007ff98dde6000 	C:\WINDOWS\System32\shlwapi.dll
0x00007ff98cf50000 - 0x00007ff98cf79000 	C:\WINDOWS\SYSTEM32\profapi.dll
0x00007ff972c00000 - 0x00007ff972c18000 	c:\Users\ZhuanZ2\.antigravity\extensions\redhat.java-1.52.0-win32-x64\jre\21.0.9-win32-x86_64\bin\zip.dll
0x00007ff97d940000 - 0x00007ff97d950000 	C:\Users\ZhuanZ2\.antigravity\extensions\redhat.java-1.52.0-win32-x64\jre\21.0.9-win32-x86_64\bin\net.dll
0x00007ff985610000 - 0x00007ff985738000 	C:\WINDOWS\SYSTEM32\WINHTTP.dll
0x00007ff98c350000 - 0x00007ff98c3bb000 	C:\WINDOWS\system32\mswsock.dll
0x00007ff96d940000 - 0x00007ff96d956000 	C:\Users\ZhuanZ2\.antigravity\extensions\redhat.java-1.52.0-win32-x64\jre\21.0.9-win32-x86_64\bin\nio.dll
0x00007ff96f740000 - 0x00007ff96f750000 	c:\Users\ZhuanZ2\.antigravity\extensions\redhat.java-1.52.0-win32-x64\jre\21.0.9-win32-x86_64\bin\verify.dll
0x00007ff986fc0000 - 0x00007ff987005000 	C:\Users\ZhuanZ2\AppData\Roaming\Antigravity\User\globalStorage\redhat.java\1.52.0\config_win\org.eclipse.equinox.launcher\org.eclipse.equinox.launcher.win32.win32.x86_64_1.2.1500.v20260121-1430\eclipse_11919.dll
0x00007ff98f570000 - 0x00007ff98f707000 	C:\WINDOWS\System32\ole32.dll
0x00007ff98c610000 - 0x00007ff98c62b000 	C:\WINDOWS\SYSTEM32\CRYPTSP.dll
0x00007ff98bd40000 - 0x00007ff98bd7a000 	C:\WINDOWS\system32\rsaenh.dll
0x00007ff98c400000 - 0x00007ff98c42b000 	C:\WINDOWS\SYSTEM32\USERENV.dll
0x00007ff98cf20000 - 0x00007ff98cf4a000 	C:\WINDOWS\SYSTEM32\bcrypt.dll
0x00007ff98c630000 - 0x00007ff98c63c000 	C:\WINDOWS\SYSTEM32\CRYPTBASE.dll
0x00007ff98b7f0000 - 0x00007ff98b824000 	C:\WINDOWS\SYSTEM32\IPHLPAPI.DLL
0x00007ff98fe90000 - 0x00007ff98fe9a000 	C:\WINDOWS\System32\NSI.dll
0x00007ff969b50000 - 0x00007ff969b99000 	C:\Users\ZhuanZ2\AppData\Local\Temp\jna-1359434604\jna7509288858804464242.dll
0x00007ff98f7b0000 - 0x00007ff98f7b8000 	C:\WINDOWS\System32\PSAPI.DLL
0x00007ff985d10000 - 0x00007ff985d2e000 	C:\WINDOWS\SYSTEM32\dhcpcsvc6.DLL
0x00007ff984240000 - 0x00007ff984263000 	C:\WINDOWS\SYSTEM32\dhcpcsvc.DLL
0x00007ff970d00000 - 0x00007ff970d27000 	C:\Users\ZhuanZ2\.gradle\native\1def1411415f61bf3af743bc5b6707747c0891f09f0c88961ee8f79bc544acac\windows-amd64\native-platform.dll
0x00007ff987ce0000 - 0x00007ff987cea000 	C:\Users\ZhuanZ2\.antigravity\extensions\redhat.java-1.52.0-win32-x64\jre\21.0.9-win32-x86_64\bin\management.dll
0x00007ff987aa0000 - 0x00007ff987aac000 	C:\Users\ZhuanZ2\.antigravity\extensions\redhat.java-1.52.0-win32-x64\jre\21.0.9-win32-x86_64\bin\management_ext.dll
0x00007ff9865d0000 - 0x00007ff9865d9000 	C:\Users\ZhuanZ2\.antigravity\extensions\redhat.java-1.52.0-win32-x64\jre\21.0.9-win32-x86_64\bin\extnet.dll
0x00007ff986fb0000 - 0x00007ff986fbe000 	C:\Users\ZhuanZ2\.antigravity\extensions\redhat.java-1.52.0-win32-x64\jre\21.0.9-win32-x86_64\bin\sunmscapi.dll
0x00007ff98d870000 - 0x00007ff98d9e7000 	C:\WINDOWS\System32\CRYPT32.dll
0x00007ff98c830000 - 0x00007ff98c860000 	C:\WINDOWS\SYSTEM32\ncrypt.dll
0x00007ff98c7e0000 - 0x00007ff98c81f000 	C:\WINDOWS\SYSTEM32\NTASN1.dll
0x00007ff986d90000 - 0x00007ff986d98000 	C:\WINDOWS\system32\wshunix.dll

JVMTI agents:
c:\Users\ZhuanZ2\.antigravity\extensions\redhat.java-1.52.0-win32-x64\lombok\lombok-1.18.39-4050.jar path:c:\Users\ZhuanZ2\.antigravity\extensions\redhat.java-1.52.0-win32-x64\jre\21.0.9-win32-x86_64\bin\instrument.dll, loaded, initialized, instrumentlib options:none

dbghelp: loaded successfully - version: 4.0.5 - missing functions: none
symbol engine: initialized successfully - sym options: 0x614 - pdb path: .;c:\Users\ZhuanZ2\.antigravity\extensions\redhat.java-1.52.0-win32-x64\jre\21.0.9-win32-x86_64\bin;C:\WINDOWS\SYSTEM32;C:\WINDOWS\WinSxS\amd64_microsoft.windows.common-controls_6595b64144ccf1df_6.0.26100.7309_none_3e05feeae336a044;c:\Users\ZhuanZ2\.antigravity\extensions\redhat.java-1.52.0-win32-x64\jre\21.0.9-win32-x86_64\bin\server;C:\Users\ZhuanZ2\AppData\Roaming\Antigravity\User\globalStorage\redhat.java\1.52.0\config_win\org.eclipse.equinox.launcher\org.eclipse.equinox.launcher.win32.win32.x86_64_1.2.1500.v20260121-1430;C:\Users\ZhuanZ2\AppData\Local\Temp\jna-1359434604;C:\Users\ZhuanZ2\.gradle\native\1def1411415f61bf3af743bc5b6707747c0891f09f0c88961ee8f79bc544acac\windows-amd64

VM Arguments:
jvm_args: --add-modules=ALL-SYSTEM --add-opens=java.base/java.util=ALL-UNNAMED --add-opens=java.base/java.lang=ALL-UNNAMED --add-opens=java.base/sun.nio.fs=ALL-UNNAMED -Declipse.application=org.eclipse.jdt.ls.core.id1 -Dosgi.bundles.defaultStartLevel=4 -Declipse.product=org.eclipse.jdt.ls.core.product -Djava.import.generatesMetadataFilesAtProjectRoot=false -DDetectVMInstallationsJob.disabled=true -Dfile.encoding=utf8 -XX:+UseParallelGC -XX:GCTimeRatio=4 -XX:AdaptiveSizePolicyWeight=90 -Dsun.zip.disableMemoryMapping=true -Xmx2G -Xms100m -Xlog:disable -javaagent:c:\Users\ZhuanZ2\.antigravity\extensions\redhat.java-1.52.0-win32-x64\lombok\lombok-1.18.39-4050.jar -XX:+HeapDumpOnOutOfMemoryError -XX:HeapDumpPath=c:\Users\ZhuanZ2\AppData\Roaming\Antigravity\User\workspaceStorage\187e73d51bff1d9230af9a6117c9af9e\redhat.java -Daether.dependencyCollector.impl=bf 
java_command: c:\Users\ZhuanZ2\.antigravity\extensions\redhat.java-1.52.0-win32-x64\server\plugins\org.eclipse.equinox.launcher_1.7.100.v20251111-0406.jar -configuration c:\Users\ZhuanZ2\AppData\Roaming\Antigravity\User\globalStorage\redhat.java\1.52.0\config_win -data c:\Users\ZhuanZ2\AppData\Roaming\Antigravity\User\workspaceStorage\187e73d51bff1d9230af9a6117c9af9e\redhat.java\jdt_ws --pipe=\\.\pipe\lsp-cfe168720489a5c7a6c0af658e72c978-sock
java_class_path (initial): c:\Users\ZhuanZ2\.antigravity\extensions\redhat.java-1.52.0-win32-x64\server\plugins\org.eclipse.equinox.launcher_1.7.100.v20251111-0406.jar
Launcher Type: SUN_STANDARD

[Global flags]
    uintx AdaptiveSizePolicyWeight                 = 90                                        {product} {command line}
     intx CICompilerCount                          = 4                                         {product} {ergonomic}
    uintx GCTimeRatio                              = 4                                         {product} {command line}
     bool HeapDumpOnOutOfMemoryError               = true                                   {manageable} {command line}
    ccstr HeapDumpPath                             = c:\Users\ZhuanZ2\AppData\Roaming\Antigravity\User\workspaceStorage\187e73d51bff1d9230af9a6117c9af9e\redhat.java         {manageable} {command line}
   size_t InitialHeapSize                          = 104857600                                 {product} {command line}
   size_t MaxHeapSize                              = 2147483648                                {product} {command line}
   size_t MaxNewSize                               = 715653120                                 {product} {ergonomic}
   size_t MinHeapDeltaBytes                        = 524288                                    {product} {ergonomic}
   size_t MinHeapSize                              = 104857600                                 {product} {command line}
   size_t NewSize                                  = 34603008                                  {product} {ergonomic}
    uintx NonNMethodCodeHeapSize                   = 5839372                                {pd product} {ergonomic}
    uintx NonProfiledCodeHeapSize                  = 122909434                              {pd product} {ergonomic}
   size_t OldSize                                  = 70254592                                  {product} {ergonomic}
    uintx ProfiledCodeHeapSize                     = 122909434                              {pd product} {ergonomic}
    uintx ReservedCodeCacheSize                    = 251658240                              {pd product} {ergonomic}
     bool SegmentedCodeCache                       = true                                      {product} {ergonomic}
   size_t SoftMaxHeapSize                          = 2147483648                             {manageable} {ergonomic}
     bool UseCompressedOops                        = true                           {product lp64_product} {ergonomic}
     bool UseLargePagesIndividualAllocation        = false                                  {pd product} {ergonomic}
     bool UseParallelGC                            = true                                      {product} {command line}

Logging:
Log output configuration:
 #0: stdout all=off uptime,level,tags foldmultilines=false
 #1: stderr all=off uptime,level,tags foldmultilines=false

Release file:
JAVA_VERSION="21.0.9" 
MODULES="java.base java.compiler java.datatransfer java.xml java.prefs java.desktop java.instrument java.logging java.management java.security.sasl java.naming java.rmi java.management.rmi java.net.http java.scripting java.security.jgss java.transaction.xa java.sql java.sql.rowset java.xml.crypto java.se java.smartcardio jdk.accessibility jdk.internal.jvmstat jdk.attach jdk.charsets jdk.internal.opt jdk.zipfs jdk.compiler jdk.crypto.ec jdk.crypto.cryptoki jdk.crypto.mscapi jdk.dynalink jdk.internal.ed jdk.editpad jdk.hotspot.agent jdk.httpserver jdk.internal.le jdk.internal.vm.ci jdk.internal.vm.compiler jdk.internal.vm.compiler.management jdk.jartool jdk.javadoc jdk.jcmd jdk.management jdk.management.agent jdk.jconsole jdk.jdeps jdk.jdwp.agent jdk.jdi jdk.jfr jdk.jshell jdk.jsobject jdk.jstatd jdk.localedata jdk.management.jfr jdk.naming.dns jdk.naming.rmi jdk.net jdk.nio.mapmode jdk.random jdk.sctp jdk.security.auth jdk.security.jgss jdk.unsupported jdk.unsupported.desktop jdk.xml.dom" 

Environment Variables:
JAVA_HOME=C:\Program Files\Microsoft\jdk-17.0.17.10-hotspot
PATH=C:\Program Files\Microsoft\jdk-17.0.17.10-hotspot\bin;C:\WINDOWS\system32;C:\WINDOWS;C:\WINDOWS\System32\Wbem;C:\WINDOWS\System32\WindowsPowerShell\v1.0\;C:\WINDOWS\System32\OpenSSH\;C:\Program Files\Git\cmd;C:\Users\ZhuanZ2\AppData\Local\Microsoft\WindowsApps;D:\flutter\bin;D:\Antigravity\Antigravity\bin
USERNAME=ZhuanZ2
OS=Windows_NT
PROCESSOR_IDENTIFIER=AMD64 Family 23 Model 24 Stepping 1, AuthenticAMD
TMP=C:\Users\ZhuanZ2\AppData\Local\Temp
TEMP=C:\Users\ZhuanZ2\AppData\Local\Temp




Periodic native trim disabled

---------------  S Y S T E M  ---------------

OS:
 Windows 11 , 64 bit Build 26100 (10.0.26100.7623)
OS uptime: 1 days 7:13 hours

CPU: total 8 (initial active 8) (8 cores per cpu, 2 threads per core) family 23 model 24 stepping 1 microcode 0x8108109, cx8, cmov, fxsr, ht, mmx, 3dnowpref, sse, sse2, sse3, ssse3, sse4a, sse4.1, sse4.2, popcnt, lzcnt, tsc, tscinvbit, avx, avx2, aes, clmul, bmi1, bmi2, adx, sha, fma, vzeroupper, clflush, clflushopt, rdtscp, f16c
Processor Information for the first 8 processors :
  Max Mhz: 2100, Current Mhz: 2100, Mhz Limit: 2100

Memory: 4k page, system-wide physical 7044M (16M free)
TotalPageFile size 24626M (AvailPageFile size 43M)
current process WorkingSet (physical memory assigned to process): 8M, peak: 249M
current process commit charge ("private bytes"): 368M, peak: 369M

vm_info: OpenJDK 64-Bit Server VM (21.0.9+10-LTS) for windows-amd64 JRE (21.0.9+10-LTS), built on 2025-10-21T00:00:00Z by "admin" with unknown MS VC++:1942

END.
