#
# There is insufficient memory for the Java Runtime Environment to continue.
# Native memory allocation (malloc) failed to allocate 684816 bytes. Error detail: Chunk::new
# Possible reasons:
#   The system is out of physical RAM or swap space
#   This process is running with CompressedOops enabled, and the Java Heap may be blocking the growth of the native heap
# Possible solutions:
#   Reduce memory load on the system
#   Increase physical memory or swap space
#   Check if swap backing store is full
#   Decrease Java heap size (-Xmx/-Xms)
#   Decrease number of Java threads
#   Decrease Java thread stack sizes (-Xss)
#   Set larger code cache with -XX:ReservedCodeCacheSize=
#   JVM is running with Unscaled Compressed Oops mode in which the Java heap is
#     placed in the first 4GB address space. The Java Heap base address is the
#     maximum limit for the native heap growth. Please use -XX:HeapBaseMinAddress
#     to set the Java Heap base and to place the Java Heap above 4GB virtual address.
# This output file may be truncated or incomplete.
#
#  Out of Memory Error (arena.cpp:168), pid=18056, tid=7332
#
# JRE version: OpenJDK Runtime Environment Temurin-21.0.9+10 (21.0.9+10) (build 21.0.9+10-LTS)
# Java VM: OpenJDK 64-Bit Server VM Temurin-21.0.9+10 (21.0.9+10-LTS, mixed mode, sharing, tiered, compressed oops, compressed class ptrs, parallel gc, windows-amd64)
# No core dump will be written. Minidumps are not enabled by default on client versions of Windows
#

---------------  S U M M A R Y ------------

Command Line: --add-modules=ALL-SYSTEM --add-opens=java.base/java.util=ALL-UNNAMED --add-opens=java.base/java.lang=ALL-UNNAMED --add-opens=java.base/sun.nio.fs=ALL-UNNAMED -Declipse.application=org.eclipse.jdt.ls.core.id1 -Dosgi.bundles.defaultStartLevel=4 -Declipse.product=org.eclipse.jdt.ls.core.product -Djava.import.generatesMetadataFilesAtProjectRoot=false -DDetectVMInstallationsJob.disabled=true -Dfile.encoding=utf8 -XX:+UseParallelGC -XX:GCTimeRatio=4 -XX:AdaptiveSizePolicyWeight=90 -Dsun.zip.disableMemoryMapping=true -Xmx2G -Xms100m -Xlog:disable -javaagent:c:\Users\ZhuanZ2\.antigravity\extensions\redhat.java-1.52.0-win32-x64\lombok\lombok-1.18.39-4050.jar -XX:+HeapDumpOnOutOfMemoryError -XX:HeapDumpPath=c:\Users\ZhuanZ2\AppData\Roaming\Antigravity\User\workspaceStorage\187e73d51bff1d9230af9a6117c9af9e\redhat.java -Daether.dependencyCollector.impl=bf c:\Users\ZhuanZ2\.antigravity\extensions\redhat.java-1.52.0-win32-x64\server\plugins\org.eclipse.equinox.launcher_1.7.100.v20251111-0406.jar -configuration c:\Users\ZhuanZ2\AppData\Roaming\Antigravity\User\globalStorage\redhat.java\1.52.0\config_win -data c:\Users\ZhuanZ2\AppData\Roaming\Antigravity\User\workspaceStorage\187e73d51bff1d9230af9a6117c9af9e\redhat.java\jdt_ws --pipe=\\.\pipe\lsp-b004ec5e17e7dbdbcba875369e9ce691-sock

Host: AMD Ryzen 5 3500U with Radeon Vega Mobile Gfx  , 8 cores, 6G,  Windows 11 , 64 bit Build 26100 (10.0.26100.7623)
Time: Thu Feb  5 15:29:42 2026 Morocco Daylight Time elapsed time: 41.747430 seconds (0d 0h 0m 41s)

---------------  T H R E A D  ---------------

Current thread (0x000001efcee6e4e0):  JavaThread "C2 CompilerThread0" daemon [_thread_in_native, id=7332, stack(0x000000e266a00000,0x000000e266b00000) (1024K)]


Current CompileTask:
C2:41748 2153       4       org.eclipse.osgi.container.ModuleDatabase$Persistence::addMap (289 bytes)

Stack: [0x000000e266a00000,0x000000e266b00000]
Native frames: (J=compiled Java code, j=interpreted, Vv=VM code, C=native code)
V  [jvm.dll+0x6d6e29]
V  [jvm.dll+0x8b4b76]
V  [jvm.dll+0x8b712e]
V  [jvm.dll+0x8b7813]
V  [jvm.dll+0x283d86]
V  [jvm.dll+0xc66ed]
V  [jvm.dll+0xc6c31]
V  [jvm.dll+0x2facee]
V  [jvm.dll+0x5fde44]
V  [jvm.dll+0x255557]
V  [jvm.dll+0x24d64b]
V  [jvm.dll+0x24b482]
V  [jvm.dll+0x1cb13e]
V  [jvm.dll+0x25b29d]
V  [jvm.dll+0x25982a]
V  [jvm.dll+0x3f7ea6]
V  [jvm.dll+0x85e9ad]
V  [jvm.dll+0x6d565d]
C  [ucrtbase.dll+0x37b0]
C  [KERNEL32.DLL+0x2e8d7]
C  [ntdll.dll+0x8c53c]


---------------  P R O C E S S  ---------------

Threads class SMR info:
_java_thread_list=0x000001f01186af70, length=16, elements={
0x000001efb83ee7f0, 0x000001efb849e6e0, 0x000001efcee5af20, 0x000001efcee5fb40,
0x000001efcee62a80, 0x000001efcee66b70, 0x000001efcee68b20, 0x000001efcee6e4e0,
0x000001efcee71c10, 0x000001f011979580, 0x000001f011aa0f20, 0x000001f01636d880,
0x000001f0163284a0, 0x000001f011ac8780, 0x000001f0163cc9b0, 0x000001f016190ea0
}

Java Threads: ( => current thread )
  0x000001efb83ee7f0 JavaThread "main"                              [_thread_blocked, id=6416, stack(0x000000e266000000,0x000000e266100000) (1024K)]
  0x000001efb849e6e0 JavaThread "Reference Handler"          daemon [_thread_blocked, id=22064, stack(0x000000e266400000,0x000000e266500000) (1024K)]
  0x000001efcee5af20 JavaThread "Finalizer"                  daemon [_thread_blocked, id=14504, stack(0x000000e266500000,0x000000e266600000) (1024K)]
  0x000001efcee5fb40 JavaThread "Signal Dispatcher"          daemon [_thread_blocked, id=8560, stack(0x000000e266600000,0x000000e266700000) (1024K)]
  0x000001efcee62a80 JavaThread "Attach Listener"            daemon [_thread_blocked, id=1112, stack(0x000000e266700000,0x000000e266800000) (1024K)]
  0x000001efcee66b70 JavaThread "Service Thread"             daemon [_thread_blocked, id=15888, stack(0x000000e266800000,0x000000e266900000) (1024K)]
  0x000001efcee68b20 JavaThread "Monitor Deflation Thread"   daemon [_thread_blocked, id=2792, stack(0x000000e266900000,0x000000e266a00000) (1024K)]
=>0x000001efcee6e4e0 JavaThread "C2 CompilerThread0"         daemon [_thread_in_native, id=7332, stack(0x000000e266a00000,0x000000e266b00000) (1024K)]
  0x000001efcee71c10 JavaThread "C1 CompilerThread0"         daemon [_thread_in_vm, id=12764, stack(0x000000e266b00000,0x000000e266c00000) (1024K)]
  0x000001f011979580 JavaThread "Common-Cleaner"             daemon [_thread_blocked, id=10392, stack(0x000000e266c00000,0x000000e266d00000) (1024K)]
  0x000001f011aa0f20 JavaThread "Notification Thread"        daemon [_thread_blocked, id=20596, stack(0x000000e266d00000,0x000000e266e00000) (1024K)]
  0x000001f01636d880 JavaThread "Active Thread: Equinox Container: 987871fd-623f-4aef-b586-8c847324efa1"        [_thread_in_vm, id=19344, stack(0x000000e267400000,0x000000e267500000) (1024K)]
  0x000001f0163284a0 JavaThread "Refresh Thread: Equinox Container: 987871fd-623f-4aef-b586-8c847324efa1" daemon [_thread_blocked, id=1084, stack(0x000000e267600000,0x000000e267700000) (1024K)]
  0x000001f011ac8780 JavaThread "Framework Event Dispatcher: Equinox Container: 987871fd-623f-4aef-b586-8c847324efa1" daemon [_thread_blocked, id=13076, stack(0x000000e267700000,0x000000e267800000) (1024K)]
  0x000001f0163cc9b0 JavaThread "Start Level: Equinox Container: 987871fd-623f-4aef-b586-8c847324efa1" daemon [_thread_in_native, id=2548, stack(0x000000e267800000,0x000000e267900000) (1024K)]
  0x000001f016190ea0 JavaThread "C2 CompilerThread1"         daemon [_thread_in_native, id=1508, stack(0x000000e267900000,0x000000e267a00000) (1024K)]
Total: 16

Other Threads:
  0x000001efb8488820 VMThread "VM Thread"                           [id=20968, stack(0x000000e266300000,0x000000e266400000) (1024K)]
  0x000001efb84578c0 WatcherThread "VM Periodic Task Thread"        [id=19360, stack(0x000000e266200000,0x000000e266300000) (1024K)]
  0x000001efb8403b30 WorkerThread "GC Thread#0"                     [id=3140, stack(0x000000e266100000,0x000000e266200000) (1024K)]
  0x000001f01640c7d0 WorkerThread "GC Thread#1"                     [id=8748, stack(0x000000e266e00000,0x000000e266f00000) (1024K)]
  0x000001f0160a1550 WorkerThread "GC Thread#2"                     [id=20496, stack(0x000000e266f00000,0x000000e267000000) (1024K)]
  0x000001f0160a18f0 WorkerThread "GC Thread#3"                     [id=14712, stack(0x000000e267000000,0x000000e267100000) (1024K)]
  0x000001f011b2e5a0 WorkerThread "GC Thread#4"                     [id=11724, stack(0x000000e267100000,0x000000e267200000) (1024K)]
  0x000001f0160152f0 WorkerThread "GC Thread#5"                     [id=20016, stack(0x000000e267200000,0x000000e267300000) (1024K)]
  0x000001f016151040 WorkerThread "GC Thread#6"                     [id=4148, stack(0x000000e267300000,0x000000e267400000) (1024K)]
  0x000001f0163b6cb0 WorkerThread "GC Thread#7"                     [id=17280, stack(0x000000e267500000,0x000000e267600000) (1024K)]
Total: 10

Threads with active compile tasks:
C2 CompilerThread0  43824 2153       4       org.eclipse.osgi.container.ModuleDatabase$Persistence::addMap (289 bytes)
C2 CompilerThread1  43824 2239       4       java.util.HashMap::putVal (300 bytes)
Total: 2

VM state: not at safepoint (normal execution)

VM Mutex/Monitor currently owned by a thread: None

Heap address: 0x0000000080000000, size: 2048 MB, Compressed Oops mode: 32-bit

CDS archive(s) mapped at: [0x000001efcf000000-0x000001efcfba0000-0x000001efcfba0000), size 12189696, SharedBaseAddress: 0x000001efcf000000, ArchiveRelocationMode: 1.
Compressed class space mapped at: 0x000001efd0000000-0x000001f010000000, reserved size: 1073741824
Narrow klass base: 0x000001efcf000000, Narrow klass shift: 0, Narrow klass range: 0x100000000

GC Precious Log:
 CardTable entry size: 512
 CPUs: 8 total, 8 available
 Memory: 7044M
 Large Page Support: Disabled
 NUMA Support: Disabled
 Compressed Oops: Enabled (32-bit)
 Alignments: Space 512K, Generation 512K, Heap 2M
 Heap Min Capacity: 100M
 Heap Initial Capacity: 100M
 Heap Max Capacity: 2G
 Pre-touch: Disabled
 Parallel Workers: 8

Heap:
 PSYoungGen      total 29696K, used 27241K [0x00000000d5580000, 0x00000000d7680000, 0x0000000100000000)
  eden space 25600K, 90% used [0x00000000d5580000,0x00000000d6c1e900,0x00000000d6e80000)
  from space 4096K, 99% used [0x00000000d7280000,0x00000000d767be98,0x00000000d7680000)
  to   space 4096K, 0% used [0x00000000d6e80000,0x00000000d6e80000,0x00000000d7280000)
 ParOldGen       total 68608K, used 2153K [0x0000000080000000, 0x0000000084300000, 0x00000000d5580000)
  object space 68608K, 3% used [0x0000000080000000,0x000000008021a778,0x0000000084300000)
 Metaspace       used 9708K, committed 10112K, reserved 1114112K
  class space    used 1028K, committed 1216K, reserved 1048576K

Card table byte_map: [0x000001efb7d80000,0x000001efb8190000] _byte_map_base: 0x000001efb7980000

Marking Bits: (ParMarkBitMap*) 0x00007ff93f9a2460
 Begin Bits: [0x000001efca890000, 0x000001efcc890000)
 End Bits:   [0x000001efcc890000, 0x000001efce890000)

Polling page: 0x000001efb6630000

Metaspace:

Usage:
  Non-class:      8.48 MB used.
      Class:      1.00 MB used.
       Both:      9.48 MB used.

Virtual space:
  Non-class space:       64.00 MB reserved,       8.69 MB ( 14%) committed,  1 nodes.
      Class space:        1.00 GB reserved,       1.19 MB ( <1%) committed,  1 nodes.
             Both:        1.06 GB reserved,       9.88 MB ( <1%) committed. 

Chunk freelists:
   Non-Class:  6.80 MB
       Class:  14.78 MB
        Both:  21.59 MB

MaxMetaspaceSize: unlimited
CompressedClassSpaceSize: 1.00 GB
Initial GC threshold: 21.00 MB
Current GC threshold: 21.00 MB
CDS: on
 - commit_granule_bytes: 65536.
 - commit_granule_words: 8192.
 - virtual_space_node_default_size: 8388608.
 - enlarge_chunks_in_place: 1.
 - use_allocation_guard: 0.


Internal statistics:

num_allocs_failed_limit: 0.
num_arena_births: 260.
num_arena_deaths: 0.
num_vsnodes_births: 2.
num_vsnodes_deaths: 0.
num_space_committed: 158.
num_space_uncommitted: 0.
num_chunks_returned_to_freelist: 0.
num_chunks_taken_from_freelist: 510.
num_chunk_merges: 0.
num_chunk_splits: 321.
num_chunks_enlarged: 214.
num_inconsistent_stats: 0.

CodeHeap 'non-profiled nmethods': size=120000Kb used=892Kb max_used=892Kb free=119107Kb
 bounds [0x000001efc30b0000, 0x000001efc3320000, 0x000001efca5e0000]
CodeHeap 'profiled nmethods': size=120000Kb used=4145Kb max_used=4145Kb free=115854Kb
 bounds [0x000001efbb5e0000, 0x000001efbb9f0000, 0x000001efc2b10000]
CodeHeap 'non-nmethods': size=5760Kb used=1234Kb max_used=1253Kb free=4525Kb
 bounds [0x000001efc2b10000, 0x000001efc2d80000, 0x000001efc30b0000]
CodeCache: size=245760Kb, used=6271Kb, max_used=6290Kb, free=239486Kb
 total_blobs=2722, nmethods=2224, adapters=404, full_count=0
Compilation: enabled, stopped_count=0, restarted_count=0

Compilation events (20 events):
Event: 35.679 Thread 0x000001efcee71c10 nmethod 2219 0x000001efbb9e1790 code [0x000001efbb9e19a0, 0x000001efbb9e1e08]
Event: 35.683 Thread 0x000001efcee71c10 2220       1       java.util.Collections$EmptyList::size (2 bytes)
Event: 35.683 Thread 0x000001efcee71c10 nmethod 2220 0x000001efc318aa10 code [0x000001efc318aba0, 0x000001efc318ac68]
Event: 35.685 Thread 0x000001efcee71c10 2221       2       org.eclipse.osgi.container.ModuleWiring::getPersistentRequiredWires (9 bytes)
Event: 35.686 Thread 0x000001efcee71c10 nmethod 2221 0x000001efbb9e2110 code [0x000001efbb9e22c0, 0x000001efbb9e23e8]
Event: 35.687 Thread 0x000001efcee71c10 2222       2       org.eclipse.osgi.container.ModuleDatabase$Persistence::writeWiring (453 bytes)
Event: 37.713 Thread 0x000001efcee71c10 nmethod 2222 0x000001efbb9e2490 code [0x000001efbb9e2a40, 0x000001efbb9e4578]
Event: 37.714 Thread 0x000001efcee71c10 2223       2       jdk.internal.misc.Unsafe::weakCompareAndSetReference (11 bytes)
Event: 37.714 Thread 0x000001efcee71c10 nmethod 2223 0x000001efbb9e5910 code [0x000001efbb9e5aa0, 0x000001efbb9e5bd8]
Event: 37.714 Thread 0x000001efcee71c10 2226       2       jdk.internal.misc.Unsafe::putReferenceOpaque (9 bytes)
Event: 37.714 Thread 0x000001f016190ea0 2190       4       java.util.HashMap::getNode (150 bytes)
Event: 37.714 Thread 0x000001efcee71c10 nmethod 2226 0x000001efbb9e5c90 code [0x000001efbb9e5e20, 0x000001efbb9e5f48]
Event: 37.776 Thread 0x000001efcee71c10 2228       2       java.util.concurrent.locks.LockSupport::setBlocker (12 bytes)
Event: 37.776 Thread 0x000001efcee71c10 nmethod 2228 0x000001efbb9e6010 code [0x000001efbb9e61c0, 0x000001efbb9e62e0]
Event: 37.900 Thread 0x000001efcee71c10 2230       2       java.lang.invoke.InvokerBytecodeGenerator::isStaticallyNameable (148 bytes)
Event: 37.901 Thread 0x000001efcee71c10 nmethod 2230 0x000001efbb9e6390 code [0x000001efbb9e65e0, 0x000001efbb9e6b18]
Event: 37.901 Thread 0x000001efcee71c10 2231       2       java.lang.invoke.MethodHandles$Lookup$ClassFile::newInstanceNoCheck (11 bytes)
Event: 37.902 Thread 0x000001efcee71c10 nmethod 2231 0x000001efbb9e6d90 code [0x000001efbb9e6f20, 0x000001efbb9e7090]
Event: 37.902 Thread 0x000001efcee71c10 2232       2       java.lang.invoke.MethodHandles$Lookup$ClassFile::<init> (20 bytes)
Event: 37.902 Thread 0x000001efcee71c10 nmethod 2232 0x000001efbb9e7190 code [0x000001efbb9e7320, 0x000001efbb9e7458]

GC Heap History (4 events):
Event: 3.554 GC heap before
{Heap before GC invocations=1 (full 0):
 PSYoungGen      total 29696K, used 25600K [0x00000000d5580000, 0x00000000d7680000, 0x0000000100000000)
  eden space 25600K, 100% used [0x00000000d5580000,0x00000000d6e80000,0x00000000d6e80000)
  from space 4096K, 0% used [0x00000000d7280000,0x00000000d7280000,0x00000000d7680000)
  to   space 4096K, 0% used [0x00000000d6e80000,0x00000000d6e80000,0x00000000d7280000)
 ParOldGen       total 68608K, used 0K [0x0000000080000000, 0x0000000084300000, 0x00000000d5580000)
  object space 68608K, 0% used [0x0000000080000000,0x0000000080000000,0x0000000084300000)
 Metaspace       used 4311K, committed 4608K, reserved 1114112K
  class space    used 474K, committed 576K, reserved 1048576K
}
Event: 3.569 GC heap after
{Heap after GC invocations=1 (full 0):
 PSYoungGen      total 29696K, used 3439K [0x00000000d5580000, 0x00000000d7680000, 0x0000000100000000)
  eden space 25600K, 0% used [0x00000000d5580000,0x00000000d5580000,0x00000000d6e80000)
  from space 4096K, 83% used [0x00000000d6e80000,0x00000000d71dbe98,0x00000000d7280000)
  to   space 4096K, 0% used [0x00000000d7280000,0x00000000d7280000,0x00000000d7680000)
 ParOldGen       total 68608K, used 16K [0x0000000080000000, 0x0000000084300000, 0x00000000d5580000)
  object space 68608K, 0% used [0x0000000080000000,0x0000000080004000,0x0000000084300000)
 Metaspace       used 4311K, committed 4608K, reserved 1114112K
  class space    used 474K, committed 576K, reserved 1048576K
}
Event: 23.645 GC heap before
{Heap before GC invocations=2 (full 0):
 PSYoungGen      total 29696K, used 29039K [0x00000000d5580000, 0x00000000d7680000, 0x0000000100000000)
  eden space 25600K, 100% used [0x00000000d5580000,0x00000000d6e80000,0x00000000d6e80000)
  from space 4096K, 83% used [0x00000000d6e80000,0x00000000d71dbe98,0x00000000d7280000)
  to   space 4096K, 0% used [0x00000000d7280000,0x00000000d7280000,0x00000000d7680000)
 ParOldGen       total 68608K, used 16K [0x0000000080000000, 0x0000000084300000, 0x00000000d5580000)
  object space 68608K, 0% used [0x0000000080000000,0x0000000080004000,0x0000000084300000)
 Metaspace       used 7989K, committed 8256K, reserved 1114112K
  class space    used 835K, committed 960K, reserved 1048576K
}
Event: 23.663 GC heap after
{Heap after GC invocations=2 (full 0):
 PSYoungGen      total 29696K, used 4079K [0x00000000d5580000, 0x00000000d7680000, 0x0000000100000000)
  eden space 25600K, 0% used [0x00000000d5580000,0x00000000d5580000,0x00000000d6e80000)
  from space 4096K, 99% used [0x00000000d7280000,0x00000000d767be98,0x00000000d7680000)
  to   space 4096K, 0% used [0x00000000d6e80000,0x00000000d6e80000,0x00000000d7280000)
 ParOldGen       total 68608K, used 2153K [0x0000000080000000, 0x0000000084300000, 0x00000000d5580000)
  object space 68608K, 3% used [0x0000000080000000,0x000000008021a778,0x0000000084300000)
 Metaspace       used 7989K, committed 8256K, reserved 1114112K
  class space    used 835K, committed 960K, reserved 1048576K
}

Dll operation events (9 events):
Event: 0.211 Loaded shared library c:\Users\ZhuanZ2\.antigravity\extensions\redhat.java-1.52.0-win32-x64\jre\21.0.9-win32-x86_64\bin\java.dll
Event: 0.258 Loaded shared library c:\Users\ZhuanZ2\.antigravity\extensions\redhat.java-1.52.0-win32-x64\jre\21.0.9-win32-x86_64\bin\zip.dll
Event: 0.448 Loaded shared library C:\Users\ZhuanZ2\.antigravity\extensions\redhat.java-1.52.0-win32-x64\jre\21.0.9-win32-x86_64\bin\instrument.dll
Event: 0.663 Loaded shared library C:\Users\ZhuanZ2\.antigravity\extensions\redhat.java-1.52.0-win32-x64\jre\21.0.9-win32-x86_64\bin\net.dll
Event: 0.879 Loaded shared library C:\Users\ZhuanZ2\.antigravity\extensions\redhat.java-1.52.0-win32-x64\jre\21.0.9-win32-x86_64\bin\nio.dll
Event: 0.889 Loaded shared library C:\Users\ZhuanZ2\.antigravity\extensions\redhat.java-1.52.0-win32-x64\jre\21.0.9-win32-x86_64\bin\zip.dll
Event: 0.943 Loaded shared library C:\Users\ZhuanZ2\.antigravity\extensions\redhat.java-1.52.0-win32-x64\jre\21.0.9-win32-x86_64\bin\jimage.dll
Event: 1.551 Loaded shared library c:\Users\ZhuanZ2\.antigravity\extensions\redhat.java-1.52.0-win32-x64\jre\21.0.9-win32-x86_64\bin\verify.dll
Event: 29.030 Loaded shared library C:\Users\ZhuanZ2\AppData\Roaming\Antigravity\User\globalStorage\redhat.java\1.52.0\config_win\org.eclipse.equinox.launcher\org.eclipse.equinox.launcher.win32.win32.x86_64_1.2.1500.v20260121-1430\eclipse_11919.dll

Deoptimization events (20 events):
Event: 34.585 Thread 0x000001f01636d880 DEOPT PACKING pc=0x000001efbb99f5ae sp=0x000000e2674fed20
Event: 34.585 Thread 0x000001f01636d880 DEOPT UNPACKING pc=0x000001efc2b64242 sp=0x000000e2674fe278 mode 0
Event: 34.585 Thread 0x000001f01636d880 DEOPT PACKING pc=0x000001efbb99f5ae sp=0x000000e2674fed20
Event: 34.585 Thread 0x000001f01636d880 DEOPT UNPACKING pc=0x000001efc2b64242 sp=0x000000e2674fe278 mode 0
Event: 34.586 Thread 0x000001f01636d880 DEOPT PACKING pc=0x000001efbb99f5ae sp=0x000000e2674fed20
Event: 34.586 Thread 0x000001f01636d880 DEOPT UNPACKING pc=0x000001efc2b64242 sp=0x000000e2674fe278 mode 0
Event: 35.590 Thread 0x000001f01636d880 DEOPT PACKING pc=0x000001efbb99f5ae sp=0x000000e2674fed20
Event: 35.590 Thread 0x000001f01636d880 DEOPT UNPACKING pc=0x000001efc2b64242 sp=0x000000e2674fe278 mode 0
Event: 35.608 Thread 0x000001f01636d880 DEOPT PACKING pc=0x000001efbb99f5ae sp=0x000000e2674fed20
Event: 35.608 Thread 0x000001f01636d880 DEOPT UNPACKING pc=0x000001efc2b64242 sp=0x000000e2674fe278 mode 0
Event: 35.608 Thread 0x000001f01636d880 DEOPT PACKING pc=0x000001efbb99f5ae sp=0x000000e2674fed20
Event: 35.608 Thread 0x000001f01636d880 DEOPT UNPACKING pc=0x000001efc2b64242 sp=0x000000e2674fe278 mode 0
Event: 35.609 Thread 0x000001f01636d880 DEOPT PACKING pc=0x000001efbb99f5ae sp=0x000000e2674fed20
Event: 35.609 Thread 0x000001f01636d880 DEOPT UNPACKING pc=0x000001efc2b64242 sp=0x000000e2674fe278 mode 0
Event: 35.610 Thread 0x000001f01636d880 DEOPT PACKING pc=0x000001efbb99f5ae sp=0x000000e2674fed20
Event: 35.610 Thread 0x000001f01636d880 DEOPT UNPACKING pc=0x000001efc2b64242 sp=0x000000e2674fe278 mode 0
Event: 35.612 Thread 0x000001f01636d880 Uncommon trap: trap_request=0xffffff45 fr.pc=0x000001efc312aaac relative=0x000000000000016c
Event: 35.612 Thread 0x000001f01636d880 Uncommon trap: reason=unstable_if action=reinterpret pc=0x000001efc312aaac method=java.util.HashMap.getNode(Ljava/lang/Object;)Ljava/util/HashMap$Node; @ 131 c2
Event: 35.612 Thread 0x000001f01636d880 DEOPT PACKING pc=0x000001efc312aaac sp=0x000000e2674feef0
Event: 35.612 Thread 0x000001f01636d880 DEOPT UNPACKING pc=0x000001efc2b63aa2 sp=0x000000e2674fee00 mode 2

Classes loaded (20 events):
Event: 33.300 Loading class sun/util/logging/resources/logging_en_US done
Event: 33.304 Loading class java/util/Formatter$DateTime
Event: 33.304 Loading class java/util/Formatter$DateTime done
Event: 33.304 Loading class java/util/Formatter$FixedString
Event: 33.305 Loading class java/util/Formatter$FixedString done
Event: 33.307 Loading class java/time/ZonedDateTime$1
Event: 33.307 Loading class java/time/ZonedDateTime$1 done
Event: 33.319 Loading class jdk/internal/module/ModulePatcher$PatchedModuleReader
Event: 33.319 Loading class jdk/internal/module/ModulePatcher$PatchedModuleReader done
Event: 33.338 Loading class sun/text/resources/cldr/FormatData_en
Event: 33.340 Loading class sun/text/resources/cldr/FormatData_en done
Event: 33.340 Loading class sun/text/resources/cldr/FormatData_en_US
Event: 33.340 Loading class sun/text/resources/cldr/FormatData_en_US done
Event: 34.528 Loading class java/io/DataOutputStream
Event: 34.528 Loading class java/io/DataOutputStream done
Event: 34.556 Loading class java/util/RegularEnumSet$EnumSetIterator
Event: 34.556 Loading class java/util/RegularEnumSet$EnumSetIterator done
Event: 35.692 Loading class java/io/FileOutputStream$1
Event: 37.713 Loading class java/io/FileOutputStream$1 done
Event: 37.722 Loading class sun/nio/cs/ISO_8859_1$Encoder

Classes unloaded (0 events):
No events

Classes redefined (0 events):
No events

Internal exceptions (20 events):
Event: 3.583 Thread 0x000001efb83ee7f0 Exception <a 'java/lang/ClassNotFoundException'{0x00000000d55b5a00}: sun/net/www/protocol/c/Handler> (0x00000000d55b5a00) 
thrown [s\src\hotspot\share\classfile\systemDictionary.cpp, line 312]
Event: 3.599 Thread 0x000001efb83ee7f0 Exception <a 'java/io/FileNotFoundException'{0x00000000d55dfa48}> (0x00000000d55dfa48) 
thrown [s\src\hotspot\share\prims\jni.cpp, line 520]
Event: 3.655 Thread 0x000001efb83ee7f0 Exception <a 'java/lang/NoSuchMethodError'{0x00000000d5751688}: 'void java.lang.invoke.DirectMethodHandle$Holder.invokeStatic(java.lang.Object, java.lang.Object, java.lang.Object, java.lang.Object)'> (0x00000000d5751688) 
thrown [s\src\hotspot\share\interpreter\linkResolver.cpp, line 773]
Event: 3.657 Thread 0x000001efb83ee7f0 Implicit null exception at 0x000001efc311d59a to 0x000001efc311d7a4
Event: 3.657 Thread 0x000001efb83ee7f0 Implicit null exception at 0x000001efc310ec3d to 0x000001efc310ecc1
Event: 3.897 Thread 0x000001efb83ee7f0 Exception <a 'java/lang/NoSuchMethodError'{0x00000000d59fbde0}: 'void java.lang.invoke.DirectMethodHandle$Holder.invokeSpecial(java.lang.Object, java.lang.Object, java.lang.Object)'> (0x00000000d59fbde0) 
thrown [s\src\hotspot\share\interpreter\linkResolver.cpp, line 773]
Event: 4.328 Thread 0x000001efb83ee7f0 Exception <a 'java/lang/NoSuchMethodError'{0x00000000d6460ae8}: 'int java.lang.invoke.DirectMethodHandle$Holder.invokeVirtual(java.lang.Object, java.lang.Object)'> (0x00000000d6460ae8) 
thrown [s\src\hotspot\share\interpreter\linkResolver.cpp, line 773]
Event: 4.484 Thread 0x000001efb83ee7f0 Exception <a 'java/lang/NoSuchMethodError'{0x00000000d65d7df8}: 'int java.lang.invoke.DirectMethodHandle$Holder.invokeStaticInit(java.lang.Object, java.lang.Object, java.lang.Object, java.lang.Object)'> (0x00000000d65d7df8) 
thrown [s\src\hotspot\share\interpreter\linkResolver.cpp, line 773]
Event: 4.486 Thread 0x000001efb83ee7f0 Exception <a 'java/lang/IncompatibleClassChangeError'{0x00000000d65e0200}: Found class java.lang.Object, but interface was expected> (0x00000000d65e0200) 
thrown [s\src\hotspot\share\interpreter\linkResolver.cpp, line 840]
Event: 4.487 Thread 0x000001efb83ee7f0 Exception <a 'java/lang/NoSuchMethodError'{0x00000000d65e67d0}: 'void java.lang.invoke.DirectMethodHandle$Holder.invokeStaticInit(java.lang.Object, java.lang.Object)'> (0x00000000d65e67d0) 
thrown [s\src\hotspot\share\interpreter\linkResolver.cpp, line 773]
Event: 4.489 Thread 0x000001efb83ee7f0 Exception <a 'java/lang/NoSuchMethodError'{0x00000000d65ef918}: 'int java.lang.invoke.DirectMethodHandle$Holder.invokeStaticInit(java.lang.Object, java.lang.Object)'> (0x00000000d65ef918) 
thrown [s\src\hotspot\share\interpreter\linkResolver.cpp, line 773]
Event: 4.568 Thread 0x000001efb83ee7f0 Exception <a 'java/lang/NoSuchMethodError'{0x00000000d683af70}: 'java.lang.Object java.lang.invoke.DirectMethodHandle$Holder.newInvokeSpecial(java.lang.Object, int, java.lang.Object)'> (0x00000000d683af70) 
thrown [s\src\hotspot\share\interpreter\linkResolver.cpp, line 773]
Event: 4.665 Thread 0x000001efb83ee7f0 Exception <a 'java/lang/ClassNotFoundException'{0x00000000d6a55fc8}: sun/net/www/protocol/plurl/Handler> (0x00000000d6a55fc8) 
thrown [s\src\hotspot\share\classfile\systemDictionary.cpp, line 312]
Event: 4.665 Thread 0x000001efb83ee7f0 Exception <a 'java/lang/ClassNotFoundException'{0x00000000d6a56e48}: sun/net/www/protocol/plurl/Handler> (0x00000000d6a56e48) 
thrown [s\src\hotspot\share\classfile\systemDictionary.cpp, line 312]
Event: 26.242 Thread 0x000001efb83ee7f0 Exception <a 'java/lang/UnsatisfiedLinkError'{0x00000000d55fa758}: 'void org.eclipse.equinox.launcher.JNIBridge._update_splash()'> (0x00000000d55fa758) 
thrown [s\src\hotspot\share\prims\nativeLookup.cpp, line 415]
Event: 26.302 Thread 0x000001f0163284a0 Exception <a 'java/lang/NoSuchMethodError'{0x00000000d5868e00}: 'void java.lang.invoke.DirectMethodHandle$Holder.invokeInterface(java.lang.Object, java.lang.Object, java.lang.Object)'> (0x00000000d5868e00) 
thrown [s\src\hotspot\share\interpreter\linkResolver.cpp, line 773]
Event: 31.158 Thread 0x000001f0163cc9b0 Exception <a 'java/lang/NoSuchMethodError'{0x00000000d5ca7b90}: 'java.lang.Object java.lang.invoke.DirectMethodHandle$Holder.newInvokeSpecial(java.lang.Object, java.lang.Object, int, java.lang.Object)'> (0x00000000d5ca7b90) 
thrown [s\src\hotspot\share\interpreter\linkResolver.cpp, line 773]
Event: 31.158 Thread 0x000001f0163cc9b0 Exception <a 'java/lang/NoSuchMethodError'{0x00000000d5cab9c0}: 'java.lang.Object java.lang.invoke.DirectMethodHandle$Holder.invokeSpecial(java.lang.Object, java.lang.Object, java.lang.Object, int, java.lang.Object)'> (0x00000000d5cab9c0) 
thrown [s\src\hotspot\share\interpreter\linkResolver.cpp, line 773]
Event: 31.181 Thread 0x000001f0163cc9b0 Exception <a 'java/lang/NoClassDefFoundError'{0x00000000d5d528d8}: jakarta/servlet/ServletContainerInitializer> (0x00000000d5d528d8) 
thrown [s\src\hotspot\share\classfile\systemDictionary.cpp, line 301]
Event: 33.294 Thread 0x000001f0163cc9b0 Exception <a 'java/lang/ClassNotFoundException'{0x00000000d5ec9370}: sun/util/logging/resources/spi/loggingProvider> (0x00000000d5ec9370) 
thrown [s\src\hotspot\share\classfile\systemDictionary.cpp, line 312]

ZGC Phase Switch (0 events):
No events

VM Operations (20 events):
Event: 31.048 Executing VM operation: Cleanup
Event: 31.048 Executing VM operation: Cleanup done
Event: 32.059 Executing VM operation: Cleanup
Event: 32.059 Executing VM operation: Cleanup done
Event: 33.258 Executing VM operation: HandshakeAllThreads (Deoptimize)
Event: 33.258 Executing VM operation: HandshakeAllThreads (Deoptimize) done
Event: 33.258 Executing VM operation: Cleanup
Event: 33.258 Executing VM operation: Cleanup done
Event: 33.320 Executing VM operation: HandshakeAllThreads (Deoptimize)
Event: 33.320 Executing VM operation: HandshakeAllThreads (Deoptimize) done
Event: 33.351 Executing VM operation: HandshakeAllThreads (Deoptimize)
Event: 33.351 Executing VM operation: HandshakeAllThreads (Deoptimize) done
Event: 33.368 Executing VM operation: HandshakeAllThreads (Deoptimize)
Event: 33.368 Executing VM operation: HandshakeAllThreads (Deoptimize) done
Event: 34.372 Executing VM operation: Cleanup
Event: 34.372 Executing VM operation: Cleanup done
Event: 35.388 Executing VM operation: Cleanup
Event: 35.606 Executing VM operation: Cleanup done
Event: 36.620 Executing VM operation: Cleanup
Event: 36.715 Executing VM operation: Cleanup done

Memory protections (0 events):
No events

Nmethod flushes (0 events):
No events

Events (16 events):
Event: 0.235 Thread 0x000001efb83ee7f0 Thread added: 0x000001efb83ee7f0
Event: 0.278 Thread 0x000001efb83ee7f0 Thread added: 0x000001efb849e6e0
Event: 0.278 Thread 0x000001efb83ee7f0 Thread added: 0x000001efcee5af20
Event: 0.279 Thread 0x000001efb83ee7f0 Thread added: 0x000001efcee5fb40
Event: 0.279 Thread 0x000001efb83ee7f0 Thread added: 0x000001efcee62a80
Event: 0.279 Thread 0x000001efb83ee7f0 Thread added: 0x000001efcee66b70
Event: 0.279 Thread 0x000001efb83ee7f0 Thread added: 0x000001efcee68b20
Event: 0.279 Thread 0x000001efb83ee7f0 Thread added: 0x000001efcee6e4e0
Event: 0.279 Thread 0x000001efb83ee7f0 Thread added: 0x000001efcee71c10
Event: 0.452 Thread 0x000001efb83ee7f0 Thread added: 0x000001f011979580
Event: 2.245 Thread 0x000001efb83ee7f0 Thread added: 0x000001f011aa0f20
Event: 4.512 Thread 0x000001efb83ee7f0 Thread added: 0x000001f01636d880
Event: 26.238 Thread 0x000001efb83ee7f0 Thread added: 0x000001f0163284a0
Event: 26.306 Thread 0x000001f0163284a0 Thread added: 0x000001f011ac8780
Event: 29.040 Thread 0x000001efb83ee7f0 Thread added: 0x000001f0163cc9b0
Event: 37.714 Thread 0x000001efcee71c10 Thread added: 0x000001f016190ea0


Dynamic libraries:
0x00007ff604a80000 - 0x00007ff604a8e000 	c:\Users\ZhuanZ2\.antigravity\extensions\redhat.java-1.52.0-win32-x64\jre\21.0.9-win32-x86_64\bin\java.exe
0x00007ff98fee0000 - 0x00007ff990147000 	C:\WINDOWS\SYSTEM32\ntdll.dll
0x00007ff98dcb0000 - 0x00007ff98dd79000 	C:\WINDOWS\System32\KERNEL32.DLL
0x00007ff98d190000 - 0x00007ff98d57f000 	C:\WINDOWS\System32\KERNELBASE.dll
0x00007ff989ae0000 - 0x00007ff989b7f000 	C:\WINDOWS\SYSTEM32\apphelp.dll
0x00007ff98db30000 - 0x00007ff98dc7b000 	C:\WINDOWS\System32\ucrtbase.dll
0x00007ff984270000 - 0x00007ff98428e000 	c:\Users\ZhuanZ2\.antigravity\extensions\redhat.java-1.52.0-win32-x64\jre\21.0.9-win32-x86_64\bin\VCRUNTIME140.dll
0x00007ff986d40000 - 0x00007ff986d58000 	c:\Users\ZhuanZ2\.antigravity\extensions\redhat.java-1.52.0-win32-x64\jre\21.0.9-win32-x86_64\bin\jli.dll
0x00007ff98e5e0000 - 0x00007ff98e7a5000 	C:\WINDOWS\System32\USER32.dll
0x00007ff97bf30000 - 0x00007ff97c1c3000 	C:\WINDOWS\WinSxS\amd64_microsoft.windows.common-controls_6595b64144ccf1df_6.0.26100.7309_none_3e05feeae336a044\COMCTL32.dll
0x00007ff98d030000 - 0x00007ff98d057000 	C:\WINDOWS\System32\win32u.dll
0x00007ff98e9a0000 - 0x00007ff98ea49000 	C:\WINDOWS\System32\msvcrt.dll
0x00007ff98dc80000 - 0x00007ff98dcab000 	C:\WINDOWS\System32\GDI32.dll
0x00007ff98d060000 - 0x00007ff98d18c000 	C:\WINDOWS\System32\gdi32full.dll
0x00007ff98da80000 - 0x00007ff98db23000 	C:\WINDOWS\System32\msvcp_win.dll
0x00007ff98f530000 - 0x00007ff98f561000 	C:\WINDOWS\System32\IMM32.DLL
0x00007ff987ce0000 - 0x00007ff987cec000 	c:\Users\ZhuanZ2\.antigravity\extensions\redhat.java-1.52.0-win32-x64\jre\21.0.9-win32-x86_64\bin\vcruntime140_1.dll
0x00007ff969720000 - 0x00007ff9697ad000 	c:\Users\ZhuanZ2\.antigravity\extensions\redhat.java-1.52.0-win32-x64\jre\21.0.9-win32-x86_64\bin\msvcp140.dll
0x00007ff93ece0000 - 0x00007ff93fa80000 	c:\Users\ZhuanZ2\.antigravity\extensions\redhat.java-1.52.0-win32-x64\jre\21.0.9-win32-x86_64\bin\server\jvm.dll
0x00007ff98ea50000 - 0x00007ff98eb04000 	C:\WINDOWS\System32\ADVAPI32.dll
0x00007ff98f410000 - 0x00007ff98f4b6000 	C:\WINDOWS\System32\sechost.dll
0x00007ff98de70000 - 0x00007ff98df88000 	C:\WINDOWS\System32\RPCRT4.dll
0x00007ff98f880000 - 0x00007ff98f8f4000 	C:\WINDOWS\System32\WS2_32.dll
0x00007ff98ceb0000 - 0x00007ff98cf0e000 	C:\WINDOWS\SYSTEM32\POWRPROF.dll
0x00007ff986910000 - 0x00007ff98691b000 	C:\WINDOWS\SYSTEM32\VERSION.dll
0x00007ff984200000 - 0x00007ff984235000 	C:\WINDOWS\SYSTEM32\WINMM.dll
0x00007ff98ce70000 - 0x00007ff98ce84000 	C:\WINDOWS\SYSTEM32\UMPDC.dll
0x00007ff98bde0000 - 0x00007ff98bdfb000 	C:\WINDOWS\SYSTEM32\kernel.appcore.dll
0x00007ff986f80000 - 0x00007ff986f8a000 	c:\Users\ZhuanZ2\.antigravity\extensions\redhat.java-1.52.0-win32-x64\jre\21.0.9-win32-x86_64\bin\jimage.dll
0x00007ff98a940000 - 0x00007ff98ab82000 	C:\WINDOWS\SYSTEM32\DBGHELP.DLL
0x00007ff98df90000 - 0x00007ff98e316000 	C:\WINDOWS\System32\combase.dll
0x00007ff98eb10000 - 0x00007ff98ebe6000 	C:\WINDOWS\System32\OLEAUT32.dll
0x00007ff97ae90000 - 0x00007ff97aecc000 	C:\WINDOWS\SYSTEM32\dbgcore.DLL
0x00007ff98d7c0000 - 0x00007ff98d865000 	C:\WINDOWS\System32\bcryptPrimitives.dll
0x00007ff986ff0000 - 0x00007ff986fff000 	c:\Users\ZhuanZ2\.antigravity\extensions\redhat.java-1.52.0-win32-x64\jre\21.0.9-win32-x86_64\bin\instrument.dll
0x00007ff9805c0000 - 0x00007ff9805e0000 	c:\Users\ZhuanZ2\.antigravity\extensions\redhat.java-1.52.0-win32-x64\jre\21.0.9-win32-x86_64\bin\java.dll
0x00007ff98ecb0000 - 0x00007ff98f403000 	C:\WINDOWS\System32\SHELL32.dll
0x00007ff98d650000 - 0x00007ff98d7ba000 	C:\WINDOWS\System32\wintypes.dll
0x00007ff98ac70000 - 0x00007ff98b4ce000 	C:\WINDOWS\SYSTEM32\windows.storage.dll
0x00007ff98e320000 - 0x00007ff98e415000 	C:\WINDOWS\System32\SHCORE.dll
0x00007ff98dd80000 - 0x00007ff98dde6000 	C:\WINDOWS\System32\shlwapi.dll
0x00007ff98cf50000 - 0x00007ff98cf79000 	C:\WINDOWS\SYSTEM32\profapi.dll
0x00007ff97f9d0000 - 0x00007ff97f9e8000 	c:\Users\ZhuanZ2\.antigravity\extensions\redhat.java-1.52.0-win32-x64\jre\21.0.9-win32-x86_64\bin\zip.dll
0x00007ff984ce0000 - 0x00007ff984cf0000 	C:\Users\ZhuanZ2\.antigravity\extensions\redhat.java-1.52.0-win32-x64\jre\21.0.9-win32-x86_64\bin\net.dll
0x00007ff985610000 - 0x00007ff985738000 	C:\WINDOWS\SYSTEM32\WINHTTP.dll
0x00007ff98c350000 - 0x00007ff98c3bb000 	C:\WINDOWS\system32\mswsock.dll
0x00007ff97dd20000 - 0x00007ff97dd36000 	C:\Users\ZhuanZ2\.antigravity\extensions\redhat.java-1.52.0-win32-x64\jre\21.0.9-win32-x86_64\bin\nio.dll
0x00007ff984b40000 - 0x00007ff984b50000 	c:\Users\ZhuanZ2\.antigravity\extensions\redhat.java-1.52.0-win32-x64\jre\21.0.9-win32-x86_64\bin\verify.dll
0x00007ff97dd60000 - 0x00007ff97dda5000 	C:\Users\ZhuanZ2\AppData\Roaming\Antigravity\User\globalStorage\redhat.java\1.52.0\config_win\org.eclipse.equinox.launcher\org.eclipse.equinox.launcher.win32.win32.x86_64_1.2.1500.v20260121-1430\eclipse_11919.dll
0x00007ff98f570000 - 0x00007ff98f707000 	C:\WINDOWS\System32\ole32.dll

JVMTI agents:
c:\Users\ZhuanZ2\.antigravity\extensions\redhat.java-1.52.0-win32-x64\lombok\lombok-1.18.39-4050.jar path:c:\Users\ZhuanZ2\.antigravity\extensions\redhat.java-1.52.0-win32-x64\jre\21.0.9-win32-x86_64\bin\instrument.dll, loaded, initialized, instrumentlib options:none

dbghelp: loaded successfully - version: 4.0.5 - missing functions: none
symbol engine: initialized successfully - sym options: 0x614 - pdb path: .;c:\Users\ZhuanZ2\.antigravity\extensions\redhat.java-1.52.0-win32-x64\jre\21.0.9-win32-x86_64\bin;C:\WINDOWS\SYSTEM32;C:\WINDOWS\WinSxS\amd64_microsoft.windows.common-controls_6595b64144ccf1df_6.0.26100.7309_none_3e05feeae336a044;c:\Users\ZhuanZ2\.antigravity\extensions\redhat.java-1.52.0-win32-x64\jre\21.0.9-win32-x86_64\bin\server;C:\Users\ZhuanZ2\AppData\Roaming\Antigravity\User\globalStorage\redhat.java\1.52.0\config_win\org.eclipse.equinox.launcher\org.eclipse.equinox.launcher.win32.win32.x86_64_1.2.1500.v20260121-1430

VM Arguments:
jvm_args: --add-modules=ALL-SYSTEM --add-opens=java.base/java.util=ALL-UNNAMED --add-opens=java.base/java.lang=ALL-UNNAMED --add-opens=java.base/sun.nio.fs=ALL-UNNAMED -Declipse.application=org.eclipse.jdt.ls.core.id1 -Dosgi.bundles.defaultStartLevel=4 -Declipse.product=org.eclipse.jdt.ls.core.product -Djava.import.generatesMetadataFilesAtProjectRoot=false -DDetectVMInstallationsJob.disabled=true -Dfile.encoding=utf8 -XX:+UseParallelGC -XX:GCTimeRatio=4 -XX:AdaptiveSizePolicyWeight=90 -Dsun.zip.disableMemoryMapping=true -Xmx2G -Xms100m -Xlog:disable -javaagent:c:\Users\ZhuanZ2\.antigravity\extensions\redhat.java-1.52.0-win32-x64\lombok\lombok-1.18.39-4050.jar -XX:+HeapDumpOnOutOfMemoryError -XX:HeapDumpPath=c:\Users\ZhuanZ2\AppData\Roaming\Antigravity\User\workspaceStorage\187e73d51bff1d9230af9a6117c9af9e\redhat.java -Daether.dependencyCollector.impl=bf 
java_command: c:\Users\ZhuanZ2\.antigravity\extensions\redhat.java-1.52.0-win32-x64\server\plugins\org.eclipse.equinox.launcher_1.7.100.v20251111-0406.jar -configuration c:\Users\ZhuanZ2\AppData\Roaming\Antigravity\User\globalStorage\redhat.java\1.52.0\config_win -data c:\Users\ZhuanZ2\AppData\Roaming\Antigravity\User\workspaceStorage\187e73d51bff1d9230af9a6117c9af9e\redhat.java\jdt_ws --pipe=\\.\pipe\lsp-b004ec5e17e7dbdbcba875369e9ce691-sock
java_class_path (initial): c:\Users\ZhuanZ2\.antigravity\extensions\redhat.java-1.52.0-win32-x64\server\plugins\org.eclipse.equinox.launcher_1.7.100.v20251111-0406.jar
Launcher Type: SUN_STANDARD

[Global flags]
    uintx AdaptiveSizePolicyWeight                 = 90                                        {product} {command line}
     intx CICompilerCount                          = 4                                         {product} {ergonomic}
    uintx GCTimeRatio                              = 4                                         {product} {command line}
     bool HeapDumpOnOutOfMemoryError               = true                                   {manageable} {command line}
    ccstr HeapDumpPath                             = c:\Users\ZhuanZ2\AppData\Roaming\Antigravity\User\workspaceStorage\187e73d51bff1d9230af9a6117c9af9e\redhat.java         {manageable} {command line}
   size_t InitialHeapSize                          = 104857600                                 {product} {command line}
   size_t MaxHeapSize                              = 2147483648                                {product} {command line}
   size_t MaxNewSize                               = 715653120                                 {product} {ergonomic}
   size_t MinHeapDeltaBytes                        = 524288                                    {product} {ergonomic}
   size_t MinHeapSize                              = 104857600                                 {product} {command line}
   size_t NewSize                                  = 34603008                                  {product} {ergonomic}
    uintx NonNMethodCodeHeapSize                   = 5839372                                {pd product} {ergonomic}
    uintx NonProfiledCodeHeapSize                  = 122909434                              {pd product} {ergonomic}
   size_t OldSize                                  = 70254592                                  {product} {ergonomic}
    uintx ProfiledCodeHeapSize                     = 122909434                              {pd product} {ergonomic}
    uintx ReservedCodeCacheSize                    = 251658240                              {pd product} {ergonomic}
     bool SegmentedCodeCache                       = true                                      {product} {ergonomic}
   size_t SoftMaxHeapSize                          = 2147483648                             {manageable} {ergonomic}
     bool UseCompressedOops                        = true                           {product lp64_product} {ergonomic}
     bool UseLargePagesIndividualAllocation        = false                                  {pd product} {ergonomic}
     bool UseParallelGC                            = true                                      {product} {command line}

Logging:
Log output configuration:
 #0: stdout all=off uptime,level,tags foldmultilines=false
 #1: stderr all=off uptime,level,tags foldmultilines=false

Release file:
JAVA_VERSION="21.0.9" 
MODULES="java.base java.compiler java.datatransfer java.xml java.prefs java.desktop java.instrument java.logging java.management java.security.sasl java.naming java.rmi java.management.rmi java.net.http java.scripting java.security.jgss java.transaction.xa java.sql java.sql.rowset java.xml.crypto java.se java.smartcardio jdk.accessibility jdk.internal.jvmstat jdk.attach jdk.charsets jdk.internal.opt jdk.zipfs jdk.compiler jdk.crypto.ec jdk.crypto.cryptoki jdk.crypto.mscapi jdk.dynalink jdk.internal.ed jdk.editpad jdk.hotspot.agent jdk.httpserver jdk.internal.le jdk.internal.vm.ci jdk.internal.vm.compiler jdk.internal.vm.compiler.management jdk.jartool jdk.javadoc jdk.jcmd jdk.management jdk.management.agent jdk.jconsole jdk.jdeps jdk.jdwp.agent jdk.jdi jdk.jfr jdk.jshell jdk.jsobject jdk.jstatd jdk.localedata jdk.management.jfr jdk.naming.dns jdk.naming.rmi jdk.net jdk.nio.mapmode jdk.random jdk.sctp jdk.security.auth jdk.security.jgss jdk.unsupported jdk.unsupported.desktop jdk.xml.dom" 

Environment Variables:
JAVA_HOME=C:\Program Files\Microsoft\jdk-17.0.17.10-hotspot
PATH=C:\Program Files\Microsoft\jdk-17.0.17.10-hotspot\bin;C:\WINDOWS\system32;C:\WINDOWS;C:\WINDOWS\System32\Wbem;C:\WINDOWS\System32\WindowsPowerShell\v1.0\;C:\WINDOWS\System32\OpenSSH\;C:\Program Files\Git\cmd;C:\Users\ZhuanZ2\AppData\Local\Microsoft\WindowsApps;D:\flutter\bin;D:\Antigravity\Antigravity\bin
USERNAME=ZhuanZ2
OS=Windows_NT
PROCESSOR_IDENTIFIER=AMD64 Family 23 Model 24 Stepping 1, AuthenticAMD
TMP=C:\Users\ZhuanZ2\AppData\Local\Temp
TEMP=C:\Users\ZhuanZ2\AppData\Local\Temp




Periodic native trim disabled

---------------  S Y S T E M  ---------------

OS:
 Windows 11 , 64 bit Build 26100 (10.0.26100.7623)
OS uptime: 5 days 1:14 hours

CPU: total 8 (initial active 8) (8 cores per cpu, 2 threads per core) family 23 model 24 stepping 1 microcode 0x8108109, cx8, cmov, fxsr, ht, mmx, 3dnowpref, sse, sse2, sse3, ssse3, sse4a, sse4.1, sse4.2, popcnt, lzcnt, tsc, tscinvbit, avx, avx2, aes, clmul, bmi1, bmi2, adx, sha, fma, vzeroupper, clflush, clflushopt, rdtscp, f16c
Processor Information for the first 8 processors :
  Max Mhz: 2100, Current Mhz: 2100, Mhz Limit: 2100

Memory: 4k page, system-wide physical 7044M (323M free)
TotalPageFile size 24626M (AvailPageFile size 4M)
current process WorkingSet (physical memory assigned to process): 88M, peak: 88M
current process commit charge ("private bytes"): 250M, peak: 250M

vm_info: OpenJDK 64-Bit Server VM (21.0.9+10-LTS) for windows-amd64 JRE (21.0.9+10-LTS), built on 2025-10-21T00:00:00Z by "admin" with unknown MS VC++:1942

END.
